[2022-08-09T23:44:37.600+0100][gc,heap] Heap region size: 1M
[2022-08-09T23:44:37.608+0100][gc     ] Using G1
[2022-08-09T23:44:37.608+0100][gc,heap,coops] Heap address: 0x00000007c0000000, size: 1024 MB, Compressed Oops mode: Zero based, Oop shift amount: 3
[2022-08-09T23:44:38.435+0100][gc,start     ] GC(0) Pause Young (Concurrent Start) (Metadata GC Threshold)
[2022-08-09T23:44:38.436+0100][gc,task      ] GC(0) Using 10 workers of 10 for evacuation
[2022-08-09T23:44:38.443+0100][gc,phases    ] GC(0)   Pre Evacuate Collection Set: 0.0ms
[2022-08-09T23:44:38.443+0100][gc,phases    ] GC(0)   Evacuate Collection Set: 6.5ms
[2022-08-09T23:44:38.443+0100][gc,phases    ] GC(0)   Post Evacuate Collection Set: 0.3ms
[2022-08-09T23:44:38.443+0100][gc,phases    ] GC(0)   Other: 1.0ms
[2022-08-09T23:44:38.443+0100][gc,heap      ] GC(0) Eden regions: 43->0(44)
[2022-08-09T23:44:38.443+0100][gc,heap      ] GC(0) Survivor regions: 0->7(7)
[2022-08-09T23:44:38.443+0100][gc,heap      ] GC(0) Old regions: 0->0
[2022-08-09T23:44:38.443+0100][gc,heap      ] GC(0) Humongous regions: 0->0
[2022-08-09T23:44:38.443+0100][gc,metaspace ] GC(0) Metaspace: 20610K->20610K(1069056K)
[2022-08-09T23:44:38.443+0100][gc           ] GC(0) Pause Young (Concurrent Start) (Metadata GC Threshold) 43M->6M(1024M) 8.174ms
[2022-08-09T23:44:38.443+0100][gc,cpu       ] GC(0) User=0.02s Sys=0.01s Real=0.01s
[2022-08-09T23:44:38.443+0100][gc           ] GC(1) Concurrent Cycle
[2022-08-09T23:44:38.443+0100][gc,marking   ] GC(1) Concurrent Clear Claimed Marks
[2022-08-09T23:44:38.443+0100][gc,marking   ] GC(1) Concurrent Clear Claimed Marks 0.028ms
[2022-08-09T23:44:38.443+0100][gc,marking   ] GC(1) Concurrent Scan Root Regions
[2022-08-09T23:44:38.445+0100][gc,marking   ] GC(1) Concurrent Scan Root Regions 1.369ms
[2022-08-09T23:44:38.445+0100][gc,marking   ] GC(1) Concurrent Mark (0.856s)
[2022-08-09T23:44:38.445+0100][gc,marking   ] GC(1) Concurrent Mark From Roots
[2022-08-09T23:44:38.445+0100][gc,task      ] GC(1) Using 3 workers of 3 for marking
[2022-08-09T23:44:38.445+0100][gc,marking   ] GC(1) Concurrent Mark From Roots 0.182ms
[2022-08-09T23:44:38.445+0100][gc,marking   ] GC(1) Concurrent Preclean
[2022-08-09T23:44:38.445+0100][gc,marking   ] GC(1) Concurrent Preclean 0.044ms
[2022-08-09T23:44:38.445+0100][gc,marking   ] GC(1) Concurrent Mark (0.856s, 0.856s) 0.310ms
[2022-08-09T23:44:38.445+0100][gc,start     ] GC(1) Pause Remark
[2022-08-09T23:44:38.446+0100][gc,stringtable] GC(1) Cleaned string and symbol table, strings: 7211 processed, 0 removed, symbols: 63665 processed, 33 removed
[2022-08-09T23:44:38.447+0100][gc            ] GC(1) Pause Remark 7M->7M(1024M) 1.356ms
[2022-08-09T23:44:38.447+0100][gc,cpu        ] GC(1) User=0.00s Sys=0.00s Real=0.00s
[2022-08-09T23:44:38.447+0100][gc,marking    ] GC(1) Concurrent Rebuild Remembered Sets
[2022-08-09T23:44:38.447+0100][gc,marking    ] GC(1) Concurrent Rebuild Remembered Sets 0.096ms
[2022-08-09T23:44:38.447+0100][gc,start      ] GC(1) Pause Cleanup
[2022-08-09T23:44:38.447+0100][gc            ] GC(1) Pause Cleanup 7M->7M(1024M) 0.141ms
[2022-08-09T23:44:38.447+0100][gc,cpu        ] GC(1) User=0.00s Sys=0.00s Real=0.00s
[2022-08-09T23:44:38.447+0100][gc,marking    ] GC(1) Concurrent Cleanup for Next Mark
[2022-08-09T23:44:38.452+0100][gc,marking    ] GC(1) Concurrent Cleanup for Next Mark 4.586ms
[2022-08-09T23:44:38.452+0100][gc            ] GC(1) Concurrent Cycle 8.554ms
[2022-08-09T23:44:39.465+0100][gc,start      ] GC(2) Pause Young (Normal) (G1 Evacuation Pause)
[2022-08-09T23:44:39.465+0100][gc,task       ] GC(2) Using 10 workers of 10 for evacuation
[2022-08-09T23:44:39.471+0100][gc,phases     ] GC(2)   Pre Evacuate Collection Set: 0.0ms
[2022-08-09T23:44:39.471+0100][gc,phases     ] GC(2)   Evacuate Collection Set: 5.5ms
[2022-08-09T23:44:39.471+0100][gc,phases     ] GC(2)   Post Evacuate Collection Set: 0.5ms
[2022-08-09T23:44:39.471+0100][gc,phases     ] GC(2)   Other: 0.2ms
[2022-08-09T23:44:39.471+0100][gc,heap       ] GC(2) Eden regions: 44->0(49)
[2022-08-09T23:44:39.471+0100][gc,heap       ] GC(2) Survivor regions: 7->2(7)
[2022-08-09T23:44:39.471+0100][gc,heap       ] GC(2) Old regions: 0->7
[2022-08-09T23:44:39.472+0100][gc,heap       ] GC(2) Humongous regions: 0->0
[2022-08-09T23:44:39.472+0100][gc,metaspace  ] GC(2) Metaspace: 30565K->30565K(1077248K)
[2022-08-09T23:44:39.472+0100][gc            ] GC(2) Pause Young (Normal) (G1 Evacuation Pause) 50M->8M(1024M) 6.535ms
[2022-08-09T23:44:39.472+0100][gc,cpu        ] GC(2) User=0.04s Sys=0.01s Real=0.01s
[2022-08-09T23:44:41.433+0100][gc,start      ] GC(3) Pause Young (Concurrent Start) (Metadata GC Threshold)
[2022-08-09T23:44:41.433+0100][gc,task       ] GC(3) Using 10 workers of 10 for evacuation
[2022-08-09T23:44:41.435+0100][gc,phases     ] GC(3)   Pre Evacuate Collection Set: 0.1ms
[2022-08-09T23:44:41.435+0100][gc,phases     ] GC(3)   Evacuate Collection Set: 1.6ms
[2022-08-09T23:44:41.435+0100][gc,phases     ] GC(3)   Post Evacuate Collection Set: 0.2ms
[2022-08-09T23:44:41.435+0100][gc,phases     ] GC(3)   Other: 0.2ms
[2022-08-09T23:44:41.435+0100][gc,heap       ] GC(3) Eden regions: 28->0(47)
[2022-08-09T23:44:41.435+0100][gc,heap       ] GC(3) Survivor regions: 2->4(7)
[2022-08-09T23:44:41.435+0100][gc,heap       ] GC(3) Old regions: 7->7
[2022-08-09T23:44:41.435+0100][gc,heap       ] GC(3) Humongous regions: 129->129
[2022-08-09T23:44:41.435+0100][gc,metaspace  ] GC(3) Metaspace: 34839K->34839K(1081344K)
[2022-08-09T23:44:41.435+0100][gc            ] GC(3) Pause Young (Concurrent Start) (Metadata GC Threshold) 164M->138M(1024M) 2.230ms
[2022-08-09T23:44:41.435+0100][gc,cpu        ] GC(3) User=0.01s Sys=0.00s Real=0.00s
[2022-08-09T23:44:41.435+0100][gc            ] GC(4) Concurrent Cycle
[2022-08-09T23:44:41.435+0100][gc,marking    ] GC(4) Concurrent Clear Claimed Marks
[2022-08-09T23:44:41.435+0100][gc,marking    ] GC(4) Concurrent Clear Claimed Marks 0.028ms
[2022-08-09T23:44:41.435+0100][gc,marking    ] GC(4) Concurrent Scan Root Regions
[2022-08-09T23:44:41.436+0100][gc,marking    ] GC(4) Concurrent Scan Root Regions 0.639ms
[2022-08-09T23:44:41.436+0100][gc,marking    ] GC(4) Concurrent Mark (3.847s)
[2022-08-09T23:44:41.436+0100][gc,marking    ] GC(4) Concurrent Mark From Roots
[2022-08-09T23:44:41.436+0100][gc,task       ] GC(4) Using 3 workers of 3 for marking
[2022-08-09T23:44:41.438+0100][gc,marking    ] GC(4) Concurrent Mark From Roots 2.380ms
[2022-08-09T23:44:41.438+0100][gc,marking    ] GC(4) Concurrent Preclean
[2022-08-09T23:44:41.438+0100][gc,marking    ] GC(4) Concurrent Preclean 0.051ms
[2022-08-09T23:44:41.439+0100][gc,marking    ] GC(4) Concurrent Mark (3.847s, 3.850s) 2.495ms
[2022-08-09T23:44:41.439+0100][gc,start      ] GC(4) Pause Remark
[2022-08-09T23:44:41.440+0100][gc,stringtable] GC(4) Cleaned string and symbol table, strings: 10609 processed, 9 removed, symbols: 95248 processed, 23 removed
[2022-08-09T23:44:41.440+0100][gc            ] GC(4) Pause Remark 139M->139M(1024M) 1.276ms
[2022-08-09T23:44:41.440+0100][gc,cpu        ] GC(4) User=0.01s Sys=0.00s Real=0.01s
[2022-08-09T23:44:41.440+0100][gc,marking    ] GC(4) Concurrent Rebuild Remembered Sets
[2022-08-09T23:44:41.442+0100][gc,marking    ] GC(4) Concurrent Rebuild Remembered Sets 1.615ms
[2022-08-09T23:44:41.442+0100][gc,start      ] GC(4) Pause Cleanup
[2022-08-09T23:44:41.442+0100][gc            ] GC(4) Pause Cleanup 139M->139M(1024M) 0.099ms
[2022-08-09T23:44:41.442+0100][gc,cpu        ] GC(4) User=0.00s Sys=0.00s Real=0.00s
[2022-08-09T23:44:41.442+0100][gc,marking    ] GC(4) Concurrent Cleanup for Next Mark
[2022-08-09T23:44:41.445+0100][gc,marking    ] GC(4) Concurrent Cleanup for Next Mark 3.500ms
[2022-08-09T23:44:41.445+0100][gc            ] GC(4) Concurrent Cycle 10.211ms
[2022-08-09T23:44:41.961+0100][gc,start      ] GC(5) Pause Young (Normal) (GCLocker Initiated GC)
[2022-08-09T23:44:41.961+0100][gc,task       ] GC(5) Using 10 workers of 10 for evacuation
[2022-08-09T23:44:41.966+0100][gc,phases     ] GC(5)   Pre Evacuate Collection Set: 0.0ms
[2022-08-09T23:44:41.966+0100][gc,phases     ] GC(5)   Evacuate Collection Set: 4.0ms
[2022-08-09T23:44:41.966+0100][gc,phases     ] GC(5)   Post Evacuate Collection Set: 0.3ms
[2022-08-09T23:44:41.966+0100][gc,phases     ] GC(5)   Other: 0.2ms
[2022-08-09T23:44:41.966+0100][gc,heap       ] GC(5) Eden regions: 48->0(44)
[2022-08-09T23:44:41.966+0100][gc,heap       ] GC(5) Survivor regions: 4->7(7)
[2022-08-09T23:44:41.966+0100][gc,heap       ] GC(5) Old regions: 7->7
[2022-08-09T23:44:41.966+0100][gc,heap       ] GC(5) Humongous regions: 129->129
[2022-08-09T23:44:41.966+0100][gc,metaspace  ] GC(5) Metaspace: 42923K->42923K(1087488K)
[2022-08-09T23:44:41.966+0100][gc            ] GC(5) Pause Young (Normal) (GCLocker Initiated GC) 185M->142M(1024M) 4.862ms
[2022-08-09T23:44:41.966+0100][gc,cpu        ] GC(5) User=0.04s Sys=0.00s Real=0.00s
[2022-08-09T23:54:16.939+0100][gc,start      ] GC(6) Pause Young (Normal) (G1 Evacuation Pause)
[2022-08-09T23:54:16.940+0100][gc,task       ] GC(6) Using 10 workers of 10 for evacuation
[2022-08-09T23:54:17.002+0100][gc,mmu        ] GC(6) MMU target violated: 21.0ms (20.0ms/21.0ms)
[2022-08-09T23:54:17.002+0100][gc,phases     ] GC(6)   Pre Evacuate Collection Set: 2.8ms
[2022-08-09T23:54:17.002+0100][gc,phases     ] GC(6)   Evacuate Collection Set: 54.9ms
[2022-08-09T23:54:17.002+0100][gc,phases     ] GC(6)   Post Evacuate Collection Set: 0.7ms
[2022-08-09T23:54:17.003+0100][gc,phases     ] GC(6)   Other: 5.6ms
[2022-08-09T23:54:17.003+0100][gc,heap       ] GC(6) Eden regions: 44->0(49)
[2022-08-09T23:54:17.003+0100][gc,heap       ] GC(6) Survivor regions: 7->2(7)
[2022-08-09T23:54:17.003+0100][gc,heap       ] GC(6) Old regions: 7->13
[2022-08-09T23:54:17.003+0100][gc,heap       ] GC(6) Humongous regions: 135->129
[2022-08-09T23:54:17.003+0100][gc,metaspace  ] GC(6) Metaspace: 48575K->48575K(1093632K)
[2022-08-09T23:54:17.003+0100][gc            ] GC(6) Pause Young (Normal) (G1 Evacuation Pause) 192M->143M(1024M) 64.058ms
[2022-08-09T23:54:17.003+0100][gc,cpu        ] GC(6) User=0.07s Sys=0.27s Real=0.07s
[2022-08-10T00:00:20.031+0100][gc,heap,exit  ] Heap
[2022-08-10T00:00:20.031+0100][gc,heap,exit  ]  garbage-first heap   total 1048576K, used 164736K [0x00000007c0000000, 0x0000000800000000)
[2022-08-10T00:00:20.032+0100][gc,heap,exit  ]   region size 1024K, 21 young (21504K), 2 survivors (2048K)
[2022-08-10T00:00:20.032+0100][gc,heap,exit  ]  Metaspace       used 49505K, capacity 51805K, committed 52016K, reserved 1093632K
[2022-08-10T00:00:20.032+0100][gc,heap,exit  ]   class space    used 6111K, capacity 7249K, committed 7296K, reserved 1048576K
