[2022-08-09T22:57:47.927+0100][gc,heap] Heap region size: 1M
[2022-08-09T22:57:47.935+0100][gc     ] Using G1
[2022-08-09T22:57:47.935+0100][gc,heap,coops] Heap address: 0x00000007c0000000, size: 1024 MB, Compressed Oops mode: Zero based, Oop shift amount: 3
[2022-08-09T22:57:48.949+0100][gc,start     ] GC(0) Pause Young (Concurrent Start) (Metadata GC Threshold)
[2022-08-09T22:57:48.950+0100][gc,task      ] GC(0) Using 10 workers of 10 for evacuation
[2022-08-09T22:57:48.956+0100][gc,phases    ] GC(0)   Pre Evacuate Collection Set: 0.0ms
[2022-08-09T22:57:48.956+0100][gc,phases    ] GC(0)   Evacuate Collection Set: 5.4ms
[2022-08-09T22:57:48.956+0100][gc,phases    ] GC(0)   Post Evacuate Collection Set: 0.3ms
[2022-08-09T22:57:48.956+0100][gc,phases    ] GC(0)   Other: 1.0ms
[2022-08-09T22:57:48.956+0100][gc,heap      ] GC(0) Eden regions: 44->0(44)
[2022-08-09T22:57:48.956+0100][gc,heap      ] GC(0) Survivor regions: 0->7(7)
[2022-08-09T22:57:48.956+0100][gc,heap      ] GC(0) Old regions: 0->0
[2022-08-09T22:57:48.956+0100][gc,heap      ] GC(0) Humongous regions: 0->0
[2022-08-09T22:57:48.956+0100][gc,metaspace ] GC(0) Metaspace: 20736K->20736K(1069056K)
[2022-08-09T22:57:48.956+0100][gc           ] GC(0) Pause Young (Concurrent Start) (Metadata GC Threshold) 43M->6M(1024M) 6.951ms
[2022-08-09T22:57:48.956+0100][gc,cpu       ] GC(0) User=0.02s Sys=0.01s Real=0.01s
[2022-08-09T22:57:48.956+0100][gc           ] GC(1) Concurrent Cycle
[2022-08-09T22:57:48.956+0100][gc,marking   ] GC(1) Concurrent Clear Claimed Marks
[2022-08-09T22:57:48.956+0100][gc,marking   ] GC(1) Concurrent Clear Claimed Marks 0.022ms
[2022-08-09T22:57:48.956+0100][gc,marking   ] GC(1) Concurrent Scan Root Regions
[2022-08-09T22:57:48.958+0100][gc,marking   ] GC(1) Concurrent Scan Root Regions 1.434ms
[2022-08-09T22:57:48.958+0100][gc,marking   ] GC(1) Concurrent Mark (1.042s)
[2022-08-09T22:57:48.958+0100][gc,marking   ] GC(1) Concurrent Mark From Roots
[2022-08-09T22:57:48.958+0100][gc,task      ] GC(1) Using 3 workers of 3 for marking
[2022-08-09T22:57:48.958+0100][gc,marking   ] GC(1) Concurrent Mark From Roots 0.189ms
[2022-08-09T22:57:48.958+0100][gc,marking   ] GC(1) Concurrent Preclean
[2022-08-09T22:57:48.958+0100][gc,marking   ] GC(1) Concurrent Preclean 0.041ms
[2022-08-09T22:57:48.958+0100][gc,marking   ] GC(1) Concurrent Mark (1.042s, 1.043s) 0.312ms
[2022-08-09T22:57:48.958+0100][gc,start     ] GC(1) Pause Remark
[2022-08-09T22:57:48.959+0100][gc,stringtable] GC(1) Cleaned string and symbol table, strings: 7221 processed, 0 removed, symbols: 63710 processed, 33 removed
[2022-08-09T22:57:48.960+0100][gc            ] GC(1) Pause Remark 7M->7M(1024M) 1.288ms
[2022-08-09T22:57:48.960+0100][gc,cpu        ] GC(1) User=0.00s Sys=0.00s Real=0.01s
[2022-08-09T22:57:48.960+0100][gc,marking    ] GC(1) Concurrent Rebuild Remembered Sets
[2022-08-09T22:57:48.960+0100][gc,marking    ] GC(1) Concurrent Rebuild Remembered Sets 0.072ms
[2022-08-09T22:57:48.960+0100][gc,start      ] GC(1) Pause Cleanup
[2022-08-09T22:57:48.960+0100][gc            ] GC(1) Pause Cleanup 7M->7M(1024M) 0.118ms
[2022-08-09T22:57:48.960+0100][gc,cpu        ] GC(1) User=0.00s Sys=0.00s Real=0.00s
[2022-08-09T22:57:48.960+0100][gc,marking    ] GC(1) Concurrent Cleanup for Next Mark
[2022-08-09T22:57:48.964+0100][gc,marking    ] GC(1) Concurrent Cleanup for Next Mark 4.353ms
[2022-08-09T22:57:48.964+0100][gc            ] GC(1) Concurrent Cycle 8.207ms
[2022-08-09T22:58:07.300+0100][gc,heap,exit  ] Heap
[2022-08-09T22:58:07.300+0100][gc,heap,exit  ]  garbage-first heap   total 1048576K, used 18119K [0x00000007c0000000, 0x0000000800000000)
[2022-08-09T22:58:07.300+0100][gc,heap,exit  ]   region size 1024K, 19 young (19456K), 7 survivors (7168K)
[2022-08-09T22:58:07.300+0100][gc,heap,exit  ]  Metaspace       used 22778K, capacity 23262K, committed 23472K, reserved 1071104K
[2022-08-09T22:58:07.300+0100][gc,heap,exit  ]   class space    used 2612K, capacity 2807K, committed 2816K, reserved 1048576K
