[2022-08-10T00:01:11.686+0100][gc,heap] Heap region size: 1M
[2022-08-10T00:01:11.695+0100][gc     ] Using G1
[2022-08-10T00:01:11.695+0100][gc,heap,coops] Heap address: 0x00000007c0000000, size: 1024 MB, Compressed Oops mode: Zero based, Oop shift amount: 3
[2022-08-10T00:01:12.478+0100][gc,start     ] GC(0) Pause Young (Concurrent Start) (Metadata GC Threshold)
[2022-08-10T00:01:12.478+0100][gc,task      ] GC(0) Using 10 workers of 10 for evacuation
[2022-08-10T00:01:12.485+0100][gc,phases    ] GC(0)   Pre Evacuate Collection Set: 0.0ms
[2022-08-10T00:01:12.485+0100][gc,phases    ] GC(0)   Evacuate Collection Set: 6.0ms
[2022-08-10T00:01:12.485+0100][gc,phases    ] GC(0)   Post Evacuate Collection Set: 0.3ms
[2022-08-10T00:01:12.485+0100][gc,phases    ] GC(0)   Other: 0.9ms
[2022-08-10T00:01:12.485+0100][gc,heap      ] GC(0) Eden regions: 44->0(44)
[2022-08-10T00:01:12.485+0100][gc,heap      ] GC(0) Survivor regions: 0->7(7)
[2022-08-10T00:01:12.485+0100][gc,heap      ] GC(0) Old regions: 0->0
[2022-08-10T00:01:12.485+0100][gc,heap      ] GC(0) Humongous regions: 0->0
[2022-08-10T00:01:12.485+0100][gc,metaspace ] GC(0) Metaspace: 20734K->20734K(1069056K)
[2022-08-10T00:01:12.485+0100][gc           ] GC(0) Pause Young (Concurrent Start) (Metadata GC Threshold) 44M->6M(1024M) 7.446ms
[2022-08-10T00:01:12.485+0100][gc,cpu       ] GC(0) User=0.02s Sys=0.01s Real=0.01s
[2022-08-10T00:01:12.485+0100][gc           ] GC(1) Concurrent Cycle
[2022-08-10T00:01:12.485+0100][gc,marking   ] GC(1) Concurrent Clear Claimed Marks
[2022-08-10T00:01:12.485+0100][gc,marking   ] GC(1) Concurrent Clear Claimed Marks 0.032ms
[2022-08-10T00:01:12.485+0100][gc,marking   ] GC(1) Concurrent Scan Root Regions
[2022-08-10T00:01:12.487+0100][gc,marking   ] GC(1) Concurrent Scan Root Regions 1.356ms
[2022-08-10T00:01:12.487+0100][gc,marking   ] GC(1) Concurrent Mark (0.813s)
[2022-08-10T00:01:12.487+0100][gc,marking   ] GC(1) Concurrent Mark From Roots
[2022-08-10T00:01:12.487+0100][gc,task      ] GC(1) Using 3 workers of 3 for marking
[2022-08-10T00:01:12.487+0100][gc,marking   ] GC(1) Concurrent Mark From Roots 0.178ms
[2022-08-10T00:01:12.487+0100][gc,marking   ] GC(1) Concurrent Preclean
[2022-08-10T00:01:12.487+0100][gc,marking   ] GC(1) Concurrent Preclean 0.044ms
[2022-08-10T00:01:12.487+0100][gc,marking   ] GC(1) Concurrent Mark (0.813s, 0.814s) 0.307ms
[2022-08-10T00:01:12.487+0100][gc,start     ] GC(1) Pause Remark
[2022-08-10T00:01:12.488+0100][gc,stringtable] GC(1) Cleaned string and symbol table, strings: 7206 processed, 0 removed, symbols: 63710 processed, 33 removed
[2022-08-10T00:01:12.488+0100][gc            ] GC(1) Pause Remark 7M->7M(1024M) 1.076ms
[2022-08-10T00:01:12.488+0100][gc,cpu        ] GC(1) User=0.00s Sys=0.00s Real=0.00s
[2022-08-10T00:01:12.488+0100][gc,marking    ] GC(1) Concurrent Rebuild Remembered Sets
[2022-08-10T00:01:12.488+0100][gc,marking    ] GC(1) Concurrent Rebuild Remembered Sets 0.056ms
[2022-08-10T00:01:12.488+0100][gc,start      ] GC(1) Pause Cleanup
[2022-08-10T00:01:12.488+0100][gc            ] GC(1) Pause Cleanup 7M->7M(1024M) 0.099ms
[2022-08-10T00:01:12.488+0100][gc,cpu        ] GC(1) User=0.00s Sys=0.00s Real=0.00s
[2022-08-10T00:01:12.488+0100][gc,marking    ] GC(1) Concurrent Cleanup for Next Mark
[2022-08-10T00:01:12.493+0100][gc,marking    ] GC(1) Concurrent Cleanup for Next Mark 4.733ms
[2022-08-10T00:01:12.493+0100][gc            ] GC(1) Concurrent Cycle 8.139ms
[2022-08-10T00:01:13.389+0100][gc,start      ] GC(2) Pause Young (Normal) (G1 Evacuation Pause)
[2022-08-10T00:01:13.389+0100][gc,task       ] GC(2) Using 10 workers of 10 for evacuation
[2022-08-10T00:01:13.395+0100][gc,phases     ] GC(2)   Pre Evacuate Collection Set: 0.0ms
[2022-08-10T00:01:13.395+0100][gc,phases     ] GC(2)   Evacuate Collection Set: 5.4ms
[2022-08-10T00:01:13.395+0100][gc,phases     ] GC(2)   Post Evacuate Collection Set: 0.4ms
[2022-08-10T00:01:13.395+0100][gc,phases     ] GC(2)   Other: 0.2ms
[2022-08-10T00:01:13.395+0100][gc,heap       ] GC(2) Eden regions: 44->0(49)
[2022-08-10T00:01:13.395+0100][gc,heap       ] GC(2) Survivor regions: 7->2(7)
[2022-08-10T00:01:13.395+0100][gc,heap       ] GC(2) Old regions: 0->7
[2022-08-10T00:01:13.395+0100][gc,heap       ] GC(2) Humongous regions: 0->0
[2022-08-10T00:01:13.395+0100][gc,metaspace  ] GC(2) Metaspace: 30518K->30518K(1077248K)
[2022-08-10T00:01:13.395+0100][gc            ] GC(2) Pause Young (Normal) (G1 Evacuation Pause) 50M->8M(1024M) 6.283ms
[2022-08-10T00:01:13.395+0100][gc,cpu        ] GC(2) User=0.04s Sys=0.01s Real=0.01s
[2022-08-10T00:01:14.026+0100][gc,start      ] GC(3) Pause Young (Concurrent Start) (Metadata GC Threshold)
[2022-08-10T00:01:14.026+0100][gc,task       ] GC(3) Using 10 workers of 10 for evacuation
[2022-08-10T00:01:14.028+0100][gc,phases     ] GC(3)   Pre Evacuate Collection Set: 0.1ms
[2022-08-10T00:01:14.028+0100][gc,phases     ] GC(3)   Evacuate Collection Set: 1.7ms
[2022-08-10T00:01:14.028+0100][gc,phases     ] GC(3)   Post Evacuate Collection Set: 0.2ms
[2022-08-10T00:01:14.028+0100][gc,phases     ] GC(3)   Other: 0.2ms
[2022-08-10T00:01:14.028+0100][gc,heap       ] GC(3) Eden regions: 24->0(47)
[2022-08-10T00:01:14.028+0100][gc,heap       ] GC(3) Survivor regions: 2->4(7)
[2022-08-10T00:01:14.028+0100][gc,heap       ] GC(3) Old regions: 7->7
[2022-08-10T00:01:14.028+0100][gc,heap       ] GC(3) Humongous regions: 129->129
[2022-08-10T00:01:14.028+0100][gc,metaspace  ] GC(3) Metaspace: 34480K->34480K(1081344K)
[2022-08-10T00:01:14.028+0100][gc            ] GC(3) Pause Young (Concurrent Start) (Metadata GC Threshold) 161M->138M(1024M) 2.239ms
[2022-08-10T00:01:14.028+0100][gc,cpu        ] GC(3) User=0.02s Sys=0.00s Real=0.00s
[2022-08-10T00:01:14.028+0100][gc            ] GC(4) Concurrent Cycle
[2022-08-10T00:01:14.028+0100][gc,marking    ] GC(4) Concurrent Clear Claimed Marks
[2022-08-10T00:01:14.028+0100][gc,marking    ] GC(4) Concurrent Clear Claimed Marks 0.037ms
[2022-08-10T00:01:14.028+0100][gc,marking    ] GC(4) Concurrent Scan Root Regions
[2022-08-10T00:01:14.029+0100][gc,marking    ] GC(4) Concurrent Scan Root Regions 0.770ms
[2022-08-10T00:01:14.029+0100][gc,marking    ] GC(4) Concurrent Mark (2.356s)
[2022-08-10T00:01:14.029+0100][gc,marking    ] GC(4) Concurrent Mark From Roots
[2022-08-10T00:01:14.029+0100][gc,task       ] GC(4) Using 3 workers of 3 for marking
[2022-08-10T00:01:14.031+0100][gc,marking    ] GC(4) Concurrent Mark From Roots 2.377ms
[2022-08-10T00:01:14.031+0100][gc,marking    ] GC(4) Concurrent Preclean
[2022-08-10T00:01:14.032+0100][gc,marking    ] GC(4) Concurrent Preclean 0.048ms
[2022-08-10T00:01:14.032+0100][gc,marking    ] GC(4) Concurrent Mark (2.356s, 2.358s) 2.488ms
[2022-08-10T00:01:14.032+0100][gc,start      ] GC(4) Pause Remark
[2022-08-10T00:01:14.033+0100][gc,stringtable] GC(4) Cleaned string and symbol table, strings: 10506 processed, 9 removed, symbols: 94889 processed, 23 removed
[2022-08-10T00:01:14.033+0100][gc            ] GC(4) Pause Remark 139M->139M(1024M) 1.497ms
[2022-08-10T00:01:14.033+0100][gc,cpu        ] GC(4) User=0.01s Sys=0.00s Real=0.00s
[2022-08-10T00:01:14.033+0100][gc,marking    ] GC(4) Concurrent Rebuild Remembered Sets
[2022-08-10T00:01:14.035+0100][gc,marking    ] GC(4) Concurrent Rebuild Remembered Sets 1.644ms
[2022-08-10T00:01:14.035+0100][gc,start      ] GC(4) Pause Cleanup
[2022-08-10T00:01:14.035+0100][gc            ] GC(4) Pause Cleanup 140M->140M(1024M) 0.147ms
[2022-08-10T00:01:14.035+0100][gc,cpu        ] GC(4) User=0.00s Sys=0.00s Real=0.00s
[2022-08-10T00:01:14.035+0100][gc,marking    ] GC(4) Concurrent Cleanup for Next Mark
[2022-08-10T00:01:14.040+0100][gc,marking    ] GC(4) Concurrent Cleanup for Next Mark 4.753ms
[2022-08-10T00:01:14.040+0100][gc            ] GC(4) Concurrent Cycle 12.090ms
[2022-08-10T00:01:14.554+0100][gc,start      ] GC(5) Pause Young (Normal) (G1 Evacuation Pause)
[2022-08-10T00:01:14.554+0100][gc,task       ] GC(5) Using 10 workers of 10 for evacuation
[2022-08-10T00:01:14.558+0100][gc,phases     ] GC(5)   Pre Evacuate Collection Set: 0.0ms
[2022-08-10T00:01:14.558+0100][gc,phases     ] GC(5)   Evacuate Collection Set: 3.5ms
[2022-08-10T00:01:14.558+0100][gc,phases     ] GC(5)   Post Evacuate Collection Set: 0.3ms
[2022-08-10T00:01:14.558+0100][gc,phases     ] GC(5)   Other: 0.2ms
[2022-08-10T00:01:14.558+0100][gc,heap       ] GC(5) Eden regions: 47->0(44)
[2022-08-10T00:01:14.558+0100][gc,heap       ] GC(5) Survivor regions: 4->7(7)
[2022-08-10T00:01:14.558+0100][gc,heap       ] GC(5) Old regions: 7->7
[2022-08-10T00:01:14.558+0100][gc,heap       ] GC(5) Humongous regions: 129->129
[2022-08-10T00:01:14.558+0100][gc,metaspace  ] GC(5) Metaspace: 42518K->42518K(1087488K)
[2022-08-10T00:01:14.558+0100][gc            ] GC(5) Pause Young (Normal) (G1 Evacuation Pause) 185M->142M(1024M) 4.281ms
[2022-08-10T00:01:14.558+0100][gc,cpu        ] GC(5) User=0.03s Sys=0.01s Real=0.00s
[2022-08-10T00:04:09.868+0100][gc,start      ] GC(6) Pause Young (Normal) (G1 Evacuation Pause)
[2022-08-10T00:04:09.868+0100][gc,task       ] GC(6) Using 10 workers of 10 for evacuation
[2022-08-10T00:04:09.875+0100][gc,phases     ] GC(6)   Pre Evacuate Collection Set: 0.1ms
[2022-08-10T00:04:09.875+0100][gc,phases     ] GC(6)   Evacuate Collection Set: 5.7ms
[2022-08-10T00:04:09.875+0100][gc,phases     ] GC(6)   Post Evacuate Collection Set: 0.8ms
[2022-08-10T00:04:09.875+0100][gc,phases     ] GC(6)   Other: 0.6ms
[2022-08-10T00:04:09.875+0100][gc,heap       ] GC(6) Eden regions: 44->0(48)
[2022-08-10T00:04:09.875+0100][gc,heap       ] GC(6) Survivor regions: 7->3(7)
[2022-08-10T00:04:09.875+0100][gc,heap       ] GC(6) Old regions: 7->13
[2022-08-10T00:04:09.875+0100][gc,heap       ] GC(6) Humongous regions: 135->129
[2022-08-10T00:04:09.875+0100][gc,metaspace  ] GC(6) Metaspace: 49543K->49543K(1093632K)
[2022-08-10T00:04:09.875+0100][gc            ] GC(6) Pause Young (Normal) (G1 Evacuation Pause) 192M->144M(1024M) 7.340ms
[2022-08-10T00:04:09.875+0100][gc,cpu        ] GC(6) User=0.04s Sys=0.01s Real=0.01s
[2022-08-10T00:17:59.281+0100][gc,start      ] GC(7) Pause Young (Normal) (G1 Evacuation Pause)
[2022-08-10T00:17:59.282+0100][gc,task       ] GC(7) Using 10 workers of 10 for evacuation
[2022-08-10T00:17:59.344+0100][gc,mmu        ] GC(7) MMU target violated: 21.0ms (20.0ms/21.0ms)
[2022-08-10T00:17:59.344+0100][gc,phases     ] GC(7)   Pre Evacuate Collection Set: 3.4ms
[2022-08-10T00:17:59.344+0100][gc,phases     ] GC(7)   Evacuate Collection Set: 54.8ms
[2022-08-10T00:17:59.344+0100][gc,phases     ] GC(7)   Post Evacuate Collection Set: 1.2ms
[2022-08-10T00:17:59.344+0100][gc,phases     ] GC(7)   Other: 4.1ms
[2022-08-10T00:17:59.344+0100][gc,heap       ] GC(7) Eden regions: 48->0(45)
[2022-08-10T00:17:59.344+0100][gc,heap       ] GC(7) Survivor regions: 3->6(7)
[2022-08-10T00:17:59.344+0100][gc,heap       ] GC(7) Old regions: 13->13
[2022-08-10T00:17:59.344+0100][gc,heap       ] GC(7) Humongous regions: 129->129
[2022-08-10T00:17:59.344+0100][gc,metaspace  ] GC(7) Metaspace: 51887K->51887K(1095680K)
[2022-08-10T00:17:59.344+0100][gc            ] GC(7) Pause Young (Normal) (G1 Evacuation Pause) 192M->147M(1024M) 63.669ms
[2022-08-10T00:17:59.345+0100][gc,cpu        ] GC(7) User=0.06s Sys=0.29s Real=0.06s
[2022-08-10T00:23:55.675+0100][gc,start      ] GC(8) Pause Young (Normal) (G1 Evacuation Pause)
[2022-08-10T00:23:55.676+0100][gc,task       ] GC(8) Using 10 workers of 10 for evacuation
[2022-08-10T00:23:55.689+0100][gc,phases     ] GC(8)   Pre Evacuate Collection Set: 0.9ms
[2022-08-10T00:23:55.689+0100][gc,phases     ] GC(8)   Evacuate Collection Set: 10.5ms
[2022-08-10T00:23:55.689+0100][gc,phases     ] GC(8)   Post Evacuate Collection Set: 1.0ms
[2022-08-10T00:23:55.689+0100][gc,phases     ] GC(8)   Other: 1.2ms
[2022-08-10T00:23:55.689+0100][gc,heap       ] GC(8) Eden regions: 45->0(47)
[2022-08-10T00:23:55.689+0100][gc,heap       ] GC(8) Survivor regions: 6->4(7)
[2022-08-10T00:23:55.689+0100][gc,heap       ] GC(8) Old regions: 13->15
[2022-08-10T00:23:55.689+0100][gc,heap       ] GC(8) Humongous regions: 129->129
[2022-08-10T00:23:55.689+0100][gc,metaspace  ] GC(8) Metaspace: 52206K->52206K(1097728K)
[2022-08-10T00:23:55.689+0100][gc            ] GC(8) Pause Young (Normal) (G1 Evacuation Pause) 192M->147M(1024M) 13.793ms
[2022-08-10T00:23:55.689+0100][gc,cpu        ] GC(8) User=0.03s Sys=0.05s Real=0.01s
[2022-08-10T00:29:00.574+0100][gc,start      ] GC(9) Pause Young (Normal) (G1 Evacuation Pause)
[2022-08-10T00:29:00.575+0100][gc,task       ] GC(9) Using 10 workers of 10 for evacuation
[2022-08-10T00:29:00.581+0100][gc,phases     ] GC(9)   Pre Evacuate Collection Set: 0.1ms
[2022-08-10T00:29:00.581+0100][gc,phases     ] GC(9)   Evacuate Collection Set: 5.0ms
[2022-08-10T00:29:00.581+0100][gc,phases     ] GC(9)   Post Evacuate Collection Set: 0.5ms
[2022-08-10T00:29:00.581+0100][gc,phases     ] GC(9)   Other: 1.1ms
[2022-08-10T00:29:00.581+0100][gc,heap       ] GC(9) Eden regions: 47->0(47)
[2022-08-10T00:29:00.581+0100][gc,heap       ] GC(9) Survivor regions: 4->4(7)
[2022-08-10T00:29:00.581+0100][gc,heap       ] GC(9) Old regions: 15->15
[2022-08-10T00:29:00.581+0100][gc,heap       ] GC(9) Humongous regions: 129->129
[2022-08-10T00:29:00.581+0100][gc,metaspace  ] GC(9) Metaspace: 52268K->52268K(1097728K)
[2022-08-10T00:29:00.581+0100][gc            ] GC(9) Pause Young (Normal) (G1 Evacuation Pause) 194M->147M(1024M) 6.825ms
[2022-08-10T00:29:00.581+0100][gc,cpu        ] GC(9) User=0.04s Sys=0.00s Real=0.01s
[2022-08-10T00:34:20.591+0100][gc,start      ] GC(10) Pause Young (Normal) (G1 Evacuation Pause)
[2022-08-10T00:34:20.592+0100][gc,task       ] GC(10) Using 10 workers of 10 for evacuation
[2022-08-10T00:34:20.606+0100][gc,phases     ] GC(10)   Pre Evacuate Collection Set: 1.9ms
[2022-08-10T00:34:20.606+0100][gc,phases     ] GC(10)   Evacuate Collection Set: 10.1ms
[2022-08-10T00:34:20.606+0100][gc,phases     ] GC(10)   Post Evacuate Collection Set: 0.5ms
[2022-08-10T00:34:20.606+0100][gc,phases     ] GC(10)   Other: 1.8ms
[2022-08-10T00:34:20.606+0100][gc,heap       ] GC(10) Eden regions: 47->0(47)
[2022-08-10T00:34:20.606+0100][gc,heap       ] GC(10) Survivor regions: 4->4(7)
[2022-08-10T00:34:20.606+0100][gc,heap       ] GC(10) Old regions: 15->15
[2022-08-10T00:34:20.606+0100][gc,heap       ] GC(10) Humongous regions: 129->129
[2022-08-10T00:34:20.606+0100][gc,metaspace  ] GC(10) Metaspace: 52302K->52302K(1097728K)
[2022-08-10T00:34:20.606+0100][gc            ] GC(10) Pause Young (Normal) (G1 Evacuation Pause) 194M->147M(1024M) 14.635ms
[2022-08-10T00:34:20.606+0100][gc,cpu        ] GC(10) User=0.03s Sys=0.04s Real=0.01s
[2022-08-10T09:09:43.130+0100][gc,start      ] GC(11) Pause Young (Normal) (G1 Evacuation Pause)
[2022-08-10T09:09:43.131+0100][gc,task       ] GC(11) Using 10 workers of 10 for evacuation
[2022-08-10T09:09:43.150+0100][gc,phases     ] GC(11)   Pre Evacuate Collection Set: 1.9ms
[2022-08-10T09:09:43.150+0100][gc,phases     ] GC(11)   Evacuate Collection Set: 13.7ms
[2022-08-10T09:09:43.150+0100][gc,phases     ] GC(11)   Post Evacuate Collection Set: 1.7ms
[2022-08-10T09:09:43.150+0100][gc,phases     ] GC(11)   Other: 6.4ms
[2022-08-10T09:09:43.150+0100][gc,heap       ] GC(11) Eden regions: 47->0(48)
[2022-08-10T09:09:43.150+0100][gc,heap       ] GC(11) Survivor regions: 4->3(7)
[2022-08-10T09:09:43.150+0100][gc,heap       ] GC(11) Old regions: 15->16
[2022-08-10T09:09:43.150+0100][gc,heap       ] GC(11) Humongous regions: 129->129
[2022-08-10T09:09:43.150+0100][gc,metaspace  ] GC(11) Metaspace: 52613K->52613K(1097728K)
[2022-08-10T09:09:43.151+0100][gc            ] GC(11) Pause Young (Normal) (G1 Evacuation Pause) 194M->147M(1024M) 21.254ms
[2022-08-10T09:09:43.151+0100][gc,cpu        ] GC(11) User=0.04s Sys=0.05s Real=0.03s
[2022-08-10T09:20:23.644+0100][gc,start      ] GC(12) Pause Young (Normal) (G1 Evacuation Pause)
[2022-08-10T09:20:23.644+0100][gc,task       ] GC(12) Using 10 workers of 10 for evacuation
[2022-08-10T09:20:23.651+0100][gc,phases     ] GC(12)   Pre Evacuate Collection Set: 0.0ms
[2022-08-10T09:20:23.651+0100][gc,phases     ] GC(12)   Evacuate Collection Set: 6.7ms
[2022-08-10T09:20:23.651+0100][gc,phases     ] GC(12)   Post Evacuate Collection Set: 0.3ms
[2022-08-10T09:20:23.651+0100][gc,phases     ] GC(12)   Other: 0.4ms
[2022-08-10T09:20:23.651+0100][gc,heap       ] GC(12) Eden regions: 48->0(50)
[2022-08-10T09:20:23.651+0100][gc,heap       ] GC(12) Survivor regions: 3->4(7)
[2022-08-10T09:20:23.651+0100][gc,heap       ] GC(12) Old regions: 16->16
[2022-08-10T09:20:23.651+0100][gc,heap       ] GC(12) Humongous regions: 129->129
[2022-08-10T09:20:23.651+0100][gc,metaspace  ] GC(12) Metaspace: 52741K->52741K(1097728K)
[2022-08-10T09:20:23.651+0100][gc            ] GC(12) Pause Young (Normal) (G1 Evacuation Pause) 195M->147M(1024M) 7.632ms
[2022-08-10T09:20:23.651+0100][gc,cpu        ] GC(12) User=0.02s Sys=0.02s Real=0.01s
[2022-08-10T09:30:49.957+0100][gc,start      ] GC(13) Pause Young (Normal) (G1 Evacuation Pause)
[2022-08-10T09:30:49.957+0100][gc,task       ] GC(13) Using 10 workers of 10 for evacuation
[2022-08-10T09:30:49.971+0100][gc,phases     ] GC(13)   Pre Evacuate Collection Set: 0.1ms
[2022-08-10T09:30:49.971+0100][gc,phases     ] GC(13)   Evacuate Collection Set: 12.9ms
[2022-08-10T09:30:49.971+0100][gc,phases     ] GC(13)   Post Evacuate Collection Set: 0.4ms
[2022-08-10T09:30:49.971+0100][gc,phases     ] GC(13)   Other: 0.4ms
[2022-08-10T09:30:49.971+0100][gc,heap       ] GC(13) Eden regions: 50->0(98)
[2022-08-10T09:30:49.971+0100][gc,heap       ] GC(13) Survivor regions: 4->4(7)
[2022-08-10T09:30:49.971+0100][gc,heap       ] GC(13) Old regions: 16->16
[2022-08-10T09:30:49.971+0100][gc,heap       ] GC(13) Humongous regions: 129->129
[2022-08-10T09:30:49.971+0100][gc,metaspace  ] GC(13) Metaspace: 52829K->52829K(1097728K)
[2022-08-10T09:30:49.972+0100][gc            ] GC(13) Pause Young (Normal) (G1 Evacuation Pause) 197M->148M(1024M) 14.584ms
[2022-08-10T09:30:49.972+0100][gc,cpu        ] GC(13) User=0.03s Sys=0.04s Real=0.02s
[2022-08-10T09:52:38.871+0100][gc,start      ] GC(14) Pause Young (Normal) (G1 Evacuation Pause)
[2022-08-10T09:52:38.872+0100][gc,task       ] GC(14) Using 10 workers of 10 for evacuation
[2022-08-10T09:52:38.876+0100][gc,phases     ] GC(14)   Pre Evacuate Collection Set: 0.0ms
[2022-08-10T09:52:38.876+0100][gc,phases     ] GC(14)   Evacuate Collection Set: 3.5ms
[2022-08-10T09:52:38.876+0100][gc,phases     ] GC(14)   Post Evacuate Collection Set: 0.4ms
[2022-08-10T09:52:38.877+0100][gc,phases     ] GC(14)   Other: 1.1ms
[2022-08-10T09:52:38.877+0100][gc,heap       ] GC(14) Eden regions: 98->0(611)
[2022-08-10T09:52:38.877+0100][gc,heap       ] GC(14) Survivor regions: 4->3(13)
[2022-08-10T09:52:38.877+0100][gc,heap       ] GC(14) Old regions: 16->16
[2022-08-10T09:52:38.877+0100][gc,heap       ] GC(14) Humongous regions: 129->129
[2022-08-10T09:52:38.877+0100][gc,metaspace  ] GC(14) Metaspace: 52842K->52842K(1097728K)
[2022-08-10T09:52:38.877+0100][gc            ] GC(14) Pause Young (Normal) (G1 Evacuation Pause) 246M->147M(1024M) 5.358ms
[2022-08-10T09:52:38.877+0100][gc,cpu        ] GC(14) User=0.03s Sys=0.00s Real=0.00s
[2022-08-10T12:09:57.260+0100][gc,start      ] GC(15) Pause Young (Normal) (G1 Evacuation Pause)
[2022-08-10T12:09:57.262+0100][gc,task       ] GC(15) Using 10 workers of 10 for evacuation
[2022-08-10T12:09:57.313+0100][gc,mmu        ] GC(15) MMU target violated: 21.0ms (20.0ms/21.0ms)
[2022-08-10T12:09:57.313+0100][gc,phases     ] GC(15)   Pre Evacuate Collection Set: 2.3ms
[2022-08-10T12:09:57.313+0100][gc,phases     ] GC(15)   Evacuate Collection Set: 39.2ms
[2022-08-10T12:09:57.313+0100][gc,phases     ] GC(15)   Post Evacuate Collection Set: 1.8ms
[2022-08-10T12:09:57.313+0100][gc,phases     ] GC(15)   Other: 9.9ms
[2022-08-10T12:09:57.313+0100][gc,heap       ] GC(15) Eden regions: 611->0(47)
[2022-08-10T12:09:57.313+0100][gc,heap       ] GC(15) Survivor regions: 3->4(77)
[2022-08-10T12:09:57.313+0100][gc,heap       ] GC(15) Old regions: 16->16
[2022-08-10T12:09:57.313+0100][gc,heap       ] GC(15) Humongous regions: 129->129
[2022-08-10T12:09:57.313+0100][gc,metaspace  ] GC(15) Metaspace: 52919K->52919K(1097728K)
[2022-08-10T12:09:57.314+0100][gc            ] GC(15) Pause Young (Normal) (G1 Evacuation Pause) 758M->148M(1024M) 53.225ms
[2022-08-10T12:09:57.314+0100][gc,cpu        ] GC(15) User=0.04s Sys=0.09s Real=0.05s
[2022-08-10T12:20:28.138+0100][gc,start      ] GC(16) Pause Young (Normal) (G1 Evacuation Pause)
[2022-08-10T12:20:28.138+0100][gc,task       ] GC(16) Using 10 workers of 10 for evacuation
[2022-08-10T12:20:28.152+0100][gc,phases     ] GC(16)   Pre Evacuate Collection Set: 0.3ms
[2022-08-10T12:20:28.152+0100][gc,phases     ] GC(16)   Evacuate Collection Set: 10.5ms
[2022-08-10T12:20:28.152+0100][gc,phases     ] GC(16)   Post Evacuate Collection Set: 1.8ms
[2022-08-10T12:20:28.152+0100][gc,phases     ] GC(16)   Other: 1.2ms
[2022-08-10T12:20:28.152+0100][gc,heap       ] GC(16) Eden regions: 47->0(48)
[2022-08-10T12:20:28.152+0100][gc,heap       ] GC(16) Survivor regions: 4->3(7)
[2022-08-10T12:20:28.152+0100][gc,heap       ] GC(16) Old regions: 16->16
[2022-08-10T12:20:28.152+0100][gc,heap       ] GC(16) Humongous regions: 129->129
[2022-08-10T12:20:28.152+0100][gc,metaspace  ] GC(16) Metaspace: 52920K->52920K(1097728K)
[2022-08-10T12:20:28.152+0100][gc            ] GC(16) Pause Young (Normal) (G1 Evacuation Pause) 195M->146M(1024M) 14.006ms
[2022-08-10T12:20:28.152+0100][gc,cpu        ] GC(16) User=0.03s Sys=0.03s Real=0.02s
[2022-08-10T12:30:39.977+0100][gc,start      ] GC(17) Pause Young (Normal) (G1 Evacuation Pause)
[2022-08-10T12:30:39.978+0100][gc,task       ] GC(17) Using 10 workers of 10 for evacuation
[2022-08-10T12:30:39.989+0100][gc,phases     ] GC(17)   Pre Evacuate Collection Set: 0.2ms
[2022-08-10T12:30:39.990+0100][gc,phases     ] GC(17)   Evacuate Collection Set: 10.2ms
[2022-08-10T12:30:39.990+0100][gc,phases     ] GC(17)   Post Evacuate Collection Set: 1.2ms
[2022-08-10T12:30:39.990+0100][gc,phases     ] GC(17)   Other: 0.3ms
[2022-08-10T12:30:39.990+0100][gc,heap       ] GC(17) Eden regions: 48->0(48)
[2022-08-10T12:30:39.990+0100][gc,heap       ] GC(17) Survivor regions: 3->3(7)
[2022-08-10T12:30:39.990+0100][gc,heap       ] GC(17) Old regions: 16->16
[2022-08-10T12:30:39.990+0100][gc,heap       ] GC(17) Humongous regions: 129->129
[2022-08-10T12:30:39.990+0100][gc,metaspace  ] GC(17) Metaspace: 52921K->52921K(1097728K)
[2022-08-10T12:30:39.990+0100][gc            ] GC(17) Pause Young (Normal) (G1 Evacuation Pause) 194M->147M(1024M) 12.341ms
[2022-08-10T12:30:39.990+0100][gc,cpu        ] GC(17) User=0.03s Sys=0.03s Real=0.02s
[2022-08-10T12:41:23.879+0100][gc,start      ] GC(18) Pause Young (Normal) (G1 Evacuation Pause)
[2022-08-10T12:41:23.882+0100][gc,task       ] GC(18) Using 10 workers of 10 for evacuation
[2022-08-10T12:41:23.898+0100][gc,phases     ] GC(18)   Pre Evacuate Collection Set: 2.5ms
[2022-08-10T12:41:23.898+0100][gc,phases     ] GC(18)   Evacuate Collection Set: 10.3ms
[2022-08-10T12:41:23.898+0100][gc,phases     ] GC(18)   Post Evacuate Collection Set: 0.4ms
[2022-08-10T12:41:23.898+0100][gc,phases     ] GC(18)   Other: 5.9ms
[2022-08-10T12:41:23.898+0100][gc,heap       ] GC(18) Eden regions: 48->0(53)
[2022-08-10T12:41:23.898+0100][gc,heap       ] GC(18) Survivor regions: 3->4(7)
[2022-08-10T12:41:23.898+0100][gc,heap       ] GC(18) Old regions: 16->16
[2022-08-10T12:41:23.898+0100][gc,heap       ] GC(18) Humongous regions: 129->129
[2022-08-10T12:41:23.898+0100][gc,metaspace  ] GC(18) Metaspace: 52926K->52926K(1097728K)
[2022-08-10T12:41:23.898+0100][gc            ] GC(18) Pause Young (Normal) (G1 Evacuation Pause) 195M->147M(1024M) 19.321ms
[2022-08-10T12:41:23.898+0100][gc,cpu        ] GC(18) User=0.02s Sys=0.04s Real=0.02s
[2022-08-10T12:53:11.610+0100][gc,start      ] GC(19) Pause Young (Normal) (G1 Evacuation Pause)
[2022-08-10T12:53:11.610+0100][gc,task       ] GC(19) Using 10 workers of 10 for evacuation
[2022-08-10T12:53:11.623+0100][gc,phases     ] GC(19)   Pre Evacuate Collection Set: 0.0ms
[2022-08-10T12:53:11.623+0100][gc,phases     ] GC(19)   Evacuate Collection Set: 11.7ms
[2022-08-10T12:53:11.623+0100][gc,phases     ] GC(19)   Post Evacuate Collection Set: 0.3ms
[2022-08-10T12:53:11.623+0100][gc,phases     ] GC(19)   Other: 0.5ms
[2022-08-10T12:53:11.623+0100][gc,heap       ] GC(19) Eden regions: 53->0(58)
[2022-08-10T12:53:11.623+0100][gc,heap       ] GC(19) Survivor regions: 4->4(8)
[2022-08-10T12:53:11.623+0100][gc,heap       ] GC(19) Old regions: 16->16
[2022-08-10T12:53:11.623+0100][gc,heap       ] GC(19) Humongous regions: 129->129
[2022-08-10T12:53:11.623+0100][gc,metaspace  ] GC(19) Metaspace: 52941K->52941K(1097728K)
[2022-08-10T12:53:11.624+0100][gc            ] GC(19) Pause Young (Normal) (G1 Evacuation Pause) 200M->148M(1024M) 13.354ms
[2022-08-10T12:53:11.624+0100][gc,cpu        ] GC(19) User=0.02s Sys=0.04s Real=0.01s
[2022-08-10T13:06:16.328+0100][gc,start      ] GC(20) Pause Young (Normal) (G1 Evacuation Pause)
[2022-08-10T13:06:16.328+0100][gc,task       ] GC(20) Using 10 workers of 10 for evacuation
[2022-08-10T13:06:16.340+0100][gc,phases     ] GC(20)   Pre Evacuate Collection Set: 0.0ms
[2022-08-10T13:06:16.340+0100][gc,phases     ] GC(20)   Evacuate Collection Set: 11.3ms
[2022-08-10T13:06:16.340+0100][gc,phases     ] GC(20)   Post Evacuate Collection Set: 0.4ms
[2022-08-10T13:06:16.341+0100][gc,phases     ] GC(20)   Other: 0.4ms
[2022-08-10T13:06:16.341+0100][gc,heap       ] GC(20) Eden regions: 58->0(71)
[2022-08-10T13:06:16.341+0100][gc,heap       ] GC(20) Survivor regions: 4->4(8)
[2022-08-10T13:06:16.341+0100][gc,heap       ] GC(20) Old regions: 16->16
[2022-08-10T13:06:16.341+0100][gc,heap       ] GC(20) Humongous regions: 129->129
[2022-08-10T13:06:16.341+0100][gc,metaspace  ] GC(20) Metaspace: 52946K->52946K(1097728K)
[2022-08-10T13:06:16.341+0100][gc            ] GC(20) Pause Young (Normal) (G1 Evacuation Pause) 206M->147M(1024M) 12.373ms
[2022-08-10T13:06:16.341+0100][gc,cpu        ] GC(20) User=0.03s Sys=0.04s Real=0.02s
[2022-08-10T13:22:15.588+0100][gc,start      ] GC(21) Pause Young (Normal) (G1 Evacuation Pause)
[2022-08-10T13:22:15.589+0100][gc,task       ] GC(21) Using 10 workers of 10 for evacuation
[2022-08-10T13:22:15.601+0100][gc,phases     ] GC(21)   Pre Evacuate Collection Set: 1.3ms
[2022-08-10T13:22:15.601+0100][gc,phases     ] GC(21)   Evacuate Collection Set: 9.8ms
[2022-08-10T13:22:15.601+0100][gc,phases     ] GC(21)   Post Evacuate Collection Set: 0.5ms
[2022-08-10T13:22:15.601+0100][gc,phases     ] GC(21)   Other: 1.6ms
[2022-08-10T13:22:15.601+0100][gc,heap       ] GC(21) Eden regions: 71->0(91)
[2022-08-10T13:22:15.601+0100][gc,heap       ] GC(21) Survivor regions: 4->4(10)
[2022-08-10T13:22:15.601+0100][gc,heap       ] GC(21) Old regions: 16->16
[2022-08-10T13:22:15.601+0100][gc,heap       ] GC(21) Humongous regions: 129->129
[2022-08-10T13:22:15.601+0100][gc,metaspace  ] GC(21) Metaspace: 52946K->52946K(1097728K)
[2022-08-10T13:22:15.601+0100][gc            ] GC(21) Pause Young (Normal) (G1 Evacuation Pause) 218M->147M(1024M) 13.402ms
[2022-08-10T13:22:15.601+0100][gc,cpu        ] GC(21) User=0.03s Sys=0.04s Real=0.02s
[2022-08-10T13:42:15.828+0100][gc,start      ] GC(22) Pause Young (Normal) (G1 Evacuation Pause)
[2022-08-10T13:42:15.828+0100][gc,task       ] GC(22) Using 10 workers of 10 for evacuation
[2022-08-10T13:42:15.838+0100][gc,phases     ] GC(22)   Pre Evacuate Collection Set: 0.0ms
[2022-08-10T13:42:15.838+0100][gc,phases     ] GC(22)   Evacuate Collection Set: 9.7ms
[2022-08-10T13:42:15.838+0100][gc,phases     ] GC(22)   Post Evacuate Collection Set: 0.4ms
[2022-08-10T13:42:15.838+0100][gc,phases     ] GC(22)   Other: 1.8ms
[2022-08-10T13:42:15.838+0100][gc,heap       ] GC(22) Eden regions: 91->0(108)
[2022-08-10T13:42:15.838+0100][gc,heap       ] GC(22) Survivor regions: 4->4(12)
[2022-08-10T13:42:15.838+0100][gc,heap       ] GC(22) Old regions: 16->16
[2022-08-10T13:42:15.838+0100][gc,heap       ] GC(22) Humongous regions: 129->129
[2022-08-10T13:42:15.838+0100][gc,metaspace  ] GC(22) Metaspace: 52951K->52951K(1097728K)
[2022-08-10T13:42:15.838+0100][gc            ] GC(22) Pause Young (Normal) (G1 Evacuation Pause) 238M->148M(1024M) 10.802ms
[2022-08-10T13:42:15.838+0100][gc,cpu        ] GC(22) User=0.03s Sys=0.04s Real=0.01s
[2022-08-10T14:06:47.166+0100][gc,start      ] GC(23) Pause Young (Normal) (G1 Evacuation Pause)
[2022-08-10T14:06:47.169+0100][gc,task       ] GC(23) Using 10 workers of 10 for evacuation
[2022-08-10T14:06:47.203+0100][gc,mmu        ] GC(23) MMU target violated: 21.0ms (20.0ms/21.0ms)
[2022-08-10T14:06:47.203+0100][gc,phases     ] GC(23)   Pre Evacuate Collection Set: 9.9ms
[2022-08-10T14:06:47.203+0100][gc,phases     ] GC(23)   Evacuate Collection Set: 19.3ms
[2022-08-10T14:06:47.203+0100][gc,phases     ] GC(23)   Post Evacuate Collection Set: 1.4ms
[2022-08-10T14:06:47.203+0100][gc,phases     ] GC(23)   Other: 7.1ms
[2022-08-10T14:06:47.203+0100][gc,heap       ] GC(23) Eden regions: 108->0(65)
[2022-08-10T14:06:47.203+0100][gc,heap       ] GC(23) Survivor regions: 4->4(14)
[2022-08-10T14:06:47.203+0100][gc,heap       ] GC(23) Old regions: 16->16
[2022-08-10T14:06:47.203+0100][gc,heap       ] GC(23) Humongous regions: 129->129
[2022-08-10T14:06:47.203+0100][gc,metaspace  ] GC(23) Metaspace: 52953K->52953K(1097728K)
[2022-08-10T14:06:47.204+0100][gc            ] GC(23) Pause Young (Normal) (G1 Evacuation Pause) 256M->148M(1024M) 37.594ms
[2022-08-10T14:06:47.204+0100][gc,cpu        ] GC(23) User=0.03s Sys=0.07s Real=0.04s
[2022-08-10T14:21:25.853+0100][gc,start      ] GC(24) Pause Young (Normal) (G1 Evacuation Pause)
[2022-08-10T14:21:25.854+0100][gc,task       ] GC(24) Using 10 workers of 10 for evacuation
[2022-08-10T14:21:25.856+0100][gc,phases     ] GC(24)   Pre Evacuate Collection Set: 0.1ms
[2022-08-10T14:21:25.857+0100][gc,phases     ] GC(24)   Evacuate Collection Set: 2.3ms
[2022-08-10T14:21:25.857+0100][gc,phases     ] GC(24)   Post Evacuate Collection Set: 0.3ms
[2022-08-10T14:21:25.857+0100][gc,phases     ] GC(24)   Other: 1.1ms
[2022-08-10T14:21:25.857+0100][gc,heap       ] GC(24) Eden regions: 65->0(108)
[2022-08-10T14:21:25.857+0100][gc,heap       ] GC(24) Survivor regions: 4->3(9)
[2022-08-10T14:21:25.857+0100][gc,heap       ] GC(24) Old regions: 16->16
[2022-08-10T14:21:25.857+0100][gc,heap       ] GC(24) Humongous regions: 129->129
[2022-08-10T14:21:25.857+0100][gc,metaspace  ] GC(24) Metaspace: 52954K->52954K(1097728K)
[2022-08-10T14:21:25.857+0100][gc            ] GC(24) Pause Young (Normal) (G1 Evacuation Pause) 213M->147M(1024M) 4.007ms
[2022-08-10T14:21:25.857+0100][gc,cpu        ] GC(24) User=0.02s Sys=0.00s Real=0.00s
[2022-08-10T14:22:37.090+0100][gc,heap,exit  ] Heap
[2022-08-10T14:22:37.090+0100][gc,heap,exit  ]  garbage-first heap   total 1048576K, used 161481K [0x00000007c0000000, 0x0000000800000000)
[2022-08-10T14:22:37.090+0100][gc,heap,exit  ]   region size 1024K, 14 young (14336K), 3 survivors (3072K)
[2022-08-10T14:22:37.090+0100][gc,heap,exit  ]  Metaspace       used 53076K, capacity 55895K, committed 56112K, reserved 1097728K
[2022-08-10T14:22:37.090+0100][gc,heap,exit  ]   class space    used 6632K, capacity 8043K, committed 8064K, reserved 1048576K
