[2022-08-09T22:58:43.682+0100][gc,heap] Heap region size: 1M
[2022-08-09T22:58:43.691+0100][gc     ] Using G1
[2022-08-09T22:58:43.691+0100][gc,heap,coops] Heap address: 0x00000007c0000000, size: 1024 MB, Compressed Oops mode: Zero based, Oop shift amount: 3
[2022-08-09T22:58:44.344+0100][gc,start     ] GC(0) Pause Young (Concurrent Start) (Metadata GC Threshold)
[2022-08-09T22:58:44.345+0100][gc,task      ] GC(0) Using 10 workers of 10 for evacuation
[2022-08-09T22:58:44.351+0100][gc,phases    ] GC(0)   Pre Evacuate Collection Set: 0.0ms
[2022-08-09T22:58:44.351+0100][gc,phases    ] GC(0)   Evacuate Collection Set: 5.3ms
[2022-08-09T22:58:44.351+0100][gc,phases    ] GC(0)   Post Evacuate Collection Set: 0.4ms
[2022-08-09T22:58:44.351+0100][gc,phases    ] GC(0)   Other: 1.2ms
[2022-08-09T22:58:44.351+0100][gc,heap      ] GC(0) Eden regions: 44->0(44)
[2022-08-09T22:58:44.351+0100][gc,heap      ] GC(0) Survivor regions: 0->7(7)
[2022-08-09T22:58:44.351+0100][gc,heap      ] GC(0) Old regions: 0->0
[2022-08-09T22:58:44.351+0100][gc,heap      ] GC(0) Humongous regions: 0->0
[2022-08-09T22:58:44.351+0100][gc,metaspace ] GC(0) Metaspace: 20732K->20732K(1069056K)
[2022-08-09T22:58:44.351+0100][gc           ] GC(0) Pause Young (Concurrent Start) (Metadata GC Threshold) 43M->6M(1024M) 7.056ms
[2022-08-09T22:58:44.351+0100][gc,cpu       ] GC(0) User=0.02s Sys=0.01s Real=0.01s
[2022-08-09T22:58:44.351+0100][gc           ] GC(1) Concurrent Cycle
[2022-08-09T22:58:44.351+0100][gc,marking   ] GC(1) Concurrent Clear Claimed Marks
[2022-08-09T22:58:44.351+0100][gc,marking   ] GC(1) Concurrent Clear Claimed Marks 0.047ms
[2022-08-09T22:58:44.351+0100][gc,marking   ] GC(1) Concurrent Scan Root Regions
[2022-08-09T22:58:44.352+0100][gc,marking   ] GC(1) Concurrent Scan Root Regions 1.357ms
[2022-08-09T22:58:44.352+0100][gc,marking   ] GC(1) Concurrent Mark (0.683s)
[2022-08-09T22:58:44.352+0100][gc,marking   ] GC(1) Concurrent Mark From Roots
[2022-08-09T22:58:44.352+0100][gc,task      ] GC(1) Using 3 workers of 3 for marking
[2022-08-09T22:58:44.353+0100][gc,marking   ] GC(1) Concurrent Mark From Roots 0.193ms
[2022-08-09T22:58:44.353+0100][gc,marking   ] GC(1) Concurrent Preclean
[2022-08-09T22:58:44.353+0100][gc,marking   ] GC(1) Concurrent Preclean 0.036ms
[2022-08-09T22:58:44.353+0100][gc,marking   ] GC(1) Concurrent Mark (0.683s, 0.683s) 0.317ms
[2022-08-09T22:58:44.353+0100][gc,start     ] GC(1) Pause Remark
[2022-08-09T22:58:44.354+0100][gc,stringtable] GC(1) Cleaned string and symbol table, strings: 7219 processed, 0 removed, symbols: 63716 processed, 33 removed
[2022-08-09T22:58:44.354+0100][gc            ] GC(1) Pause Remark 7M->7M(1024M) 1.288ms
[2022-08-09T22:58:44.354+0100][gc,cpu        ] GC(1) User=0.01s Sys=0.00s Real=0.00s
[2022-08-09T22:58:44.354+0100][gc,marking    ] GC(1) Concurrent Rebuild Remembered Sets
[2022-08-09T22:58:44.354+0100][gc,marking    ] GC(1) Concurrent Rebuild Remembered Sets 0.131ms
[2022-08-09T22:58:44.355+0100][gc,start      ] GC(1) Pause Cleanup
[2022-08-09T22:58:44.355+0100][gc            ] GC(1) Pause Cleanup 7M->7M(1024M) 0.140ms
[2022-08-09T22:58:44.355+0100][gc,cpu        ] GC(1) User=0.00s Sys=0.00s Real=0.00s
[2022-08-09T22:58:44.355+0100][gc,marking    ] GC(1) Concurrent Cleanup for Next Mark
[2022-08-09T22:58:44.359+0100][gc,marking    ] GC(1) Concurrent Cleanup for Next Mark 4.121ms
[2022-08-09T22:58:44.359+0100][gc            ] GC(1) Concurrent Cycle 8.212ms
[2022-08-09T22:58:45.387+0100][gc,start      ] GC(2) Pause Young (Normal) (G1 Evacuation Pause)
[2022-08-09T22:58:45.387+0100][gc,task       ] GC(2) Using 10 workers of 10 for evacuation
[2022-08-09T22:58:45.393+0100][gc,phases     ] GC(2)   Pre Evacuate Collection Set: 0.0ms
[2022-08-09T22:58:45.393+0100][gc,phases     ] GC(2)   Evacuate Collection Set: 5.6ms
[2022-08-09T22:58:45.393+0100][gc,phases     ] GC(2)   Post Evacuate Collection Set: 0.5ms
[2022-08-09T22:58:45.393+0100][gc,phases     ] GC(2)   Other: 0.2ms
[2022-08-09T22:58:45.393+0100][gc,heap       ] GC(2) Eden regions: 44->0(49)
[2022-08-09T22:58:45.393+0100][gc,heap       ] GC(2) Survivor regions: 7->2(7)
[2022-08-09T22:58:45.393+0100][gc,heap       ] GC(2) Old regions: 0->7
[2022-08-09T22:58:45.393+0100][gc,heap       ] GC(2) Humongous regions: 0->0
[2022-08-09T22:58:45.393+0100][gc,metaspace  ] GC(2) Metaspace: 30573K->30573K(1077248K)
[2022-08-09T22:58:45.393+0100][gc            ] GC(2) Pause Young (Normal) (G1 Evacuation Pause) 50M->8M(1024M) 6.545ms
[2022-08-09T22:58:45.393+0100][gc,cpu        ] GC(2) User=0.05s Sys=0.02s Real=0.01s
[2022-08-09T22:58:47.331+0100][gc,start      ] GC(3) Pause Young (Concurrent Start) (Metadata GC Threshold)
[2022-08-09T22:58:47.331+0100][gc,task       ] GC(3) Using 10 workers of 10 for evacuation
[2022-08-09T22:58:47.333+0100][gc,phases     ] GC(3)   Pre Evacuate Collection Set: 0.1ms
[2022-08-09T22:58:47.333+0100][gc,phases     ] GC(3)   Evacuate Collection Set: 1.6ms
[2022-08-09T22:58:47.333+0100][gc,phases     ] GC(3)   Post Evacuate Collection Set: 0.2ms
[2022-08-09T22:58:47.333+0100][gc,phases     ] GC(3)   Other: 0.2ms
[2022-08-09T22:58:47.333+0100][gc,heap       ] GC(3) Eden regions: 26->0(48)
[2022-08-09T22:58:47.333+0100][gc,heap       ] GC(3) Survivor regions: 2->3(7)
[2022-08-09T22:58:47.333+0100][gc,heap       ] GC(3) Old regions: 7->7
[2022-08-09T22:58:47.333+0100][gc,heap       ] GC(3) Humongous regions: 129->129
[2022-08-09T22:58:47.333+0100][gc,metaspace  ] GC(3) Metaspace: 34485K->34485K(1081344K)
[2022-08-09T22:58:47.333+0100][gc            ] GC(3) Pause Young (Concurrent Start) (Metadata GC Threshold) 163M->138M(1024M) 2.220ms
[2022-08-09T22:58:47.333+0100][gc,cpu        ] GC(3) User=0.01s Sys=0.00s Real=0.00s
[2022-08-09T22:58:47.333+0100][gc            ] GC(4) Concurrent Cycle
[2022-08-09T22:58:47.333+0100][gc,marking    ] GC(4) Concurrent Clear Claimed Marks
[2022-08-09T22:58:47.333+0100][gc,marking    ] GC(4) Concurrent Clear Claimed Marks 0.026ms
[2022-08-09T22:58:47.333+0100][gc,marking    ] GC(4) Concurrent Scan Root Regions
[2022-08-09T22:58:47.334+0100][gc,marking    ] GC(4) Concurrent Scan Root Regions 0.875ms
[2022-08-09T22:58:47.334+0100][gc,marking    ] GC(4) Concurrent Mark (3.664s)
[2022-08-09T22:58:47.334+0100][gc,marking    ] GC(4) Concurrent Mark From Roots
[2022-08-09T22:58:47.334+0100][gc,task       ] GC(4) Using 3 workers of 3 for marking
[2022-08-09T22:58:47.337+0100][gc,marking    ] GC(4) Concurrent Mark From Roots 2.280ms
[2022-08-09T22:58:47.337+0100][gc,marking    ] GC(4) Concurrent Preclean
[2022-08-09T22:58:47.337+0100][gc,marking    ] GC(4) Concurrent Preclean 0.045ms
[2022-08-09T22:58:47.337+0100][gc,marking    ] GC(4) Concurrent Mark (3.664s, 3.667s) 2.387ms
[2022-08-09T22:58:47.337+0100][gc,start      ] GC(4) Pause Remark
[2022-08-09T22:58:47.338+0100][gc,stringtable] GC(4) Cleaned string and symbol table, strings: 10507 processed, 9 removed, symbols: 94860 processed, 23 removed
[2022-08-09T22:58:47.338+0100][gc            ] GC(4) Pause Remark 139M->139M(1024M) 1.302ms
[2022-08-09T22:58:47.338+0100][gc,cpu        ] GC(4) User=0.01s Sys=0.00s Real=0.00s
[2022-08-09T22:58:47.338+0100][gc,marking    ] GC(4) Concurrent Rebuild Remembered Sets
[2022-08-09T22:58:47.340+0100][gc,marking    ] GC(4) Concurrent Rebuild Remembered Sets 1.613ms
[2022-08-09T22:58:47.340+0100][gc,start      ] GC(4) Pause Cleanup
[2022-08-09T22:58:47.340+0100][gc            ] GC(4) Pause Cleanup 139M->139M(1024M) 0.126ms
[2022-08-09T22:58:47.340+0100][gc,cpu        ] GC(4) User=0.01s Sys=0.00s Real=0.00s
[2022-08-09T22:58:47.340+0100][gc,marking    ] GC(4) Concurrent Cleanup for Next Mark
[2022-08-09T22:58:47.344+0100][gc,marking    ] GC(4) Concurrent Cleanup for Next Mark 3.845ms
[2022-08-09T22:58:47.344+0100][gc            ] GC(4) Concurrent Cycle 10.775ms
[2022-08-09T22:58:47.847+0100][gc,start      ] GC(5) Pause Young (Normal) (G1 Evacuation Pause)
[2022-08-09T22:58:47.847+0100][gc,task       ] GC(5) Using 10 workers of 10 for evacuation
[2022-08-09T22:58:47.852+0100][gc,phases     ] GC(5)   Pre Evacuate Collection Set: 0.0ms
[2022-08-09T22:58:47.852+0100][gc,phases     ] GC(5)   Evacuate Collection Set: 3.7ms
[2022-08-09T22:58:47.852+0100][gc,phases     ] GC(5)   Post Evacuate Collection Set: 0.5ms
[2022-08-09T22:58:47.852+0100][gc,phases     ] GC(5)   Other: 0.2ms
[2022-08-09T22:58:47.852+0100][gc,heap       ] GC(5) Eden regions: 48->0(44)
[2022-08-09T22:58:47.852+0100][gc,heap       ] GC(5) Survivor regions: 3->7(7)
[2022-08-09T22:58:47.852+0100][gc,heap       ] GC(5) Old regions: 7->7
[2022-08-09T22:58:47.852+0100][gc,heap       ] GC(5) Humongous regions: 129->129
[2022-08-09T22:58:47.852+0100][gc,metaspace  ] GC(5) Metaspace: 42848K->42848K(1087488K)
[2022-08-09T22:58:47.852+0100][gc            ] GC(5) Pause Young (Normal) (G1 Evacuation Pause) 186M->142M(1024M) 4.570ms
[2022-08-09T22:58:47.852+0100][gc,cpu        ] GC(5) User=0.03s Sys=0.01s Real=0.01s
[2022-08-09T23:05:17.605+0100][gc,start      ] GC(6) Pause Young (Normal) (G1 Evacuation Pause)
[2022-08-09T23:05:17.605+0100][gc,task       ] GC(6) Using 10 workers of 10 for evacuation
[2022-08-09T23:05:17.666+0100][gc,mmu        ] GC(6) MMU target violated: 21.0ms (20.0ms/21.0ms)
[2022-08-09T23:05:17.666+0100][gc,phases     ] GC(6)   Pre Evacuate Collection Set: 2.4ms
[2022-08-09T23:05:17.666+0100][gc,phases     ] GC(6)   Evacuate Collection Set: 52.6ms
[2022-08-09T23:05:17.666+0100][gc,phases     ] GC(6)   Post Evacuate Collection Set: 0.9ms
[2022-08-09T23:05:17.666+0100][gc,phases     ] GC(6)   Other: 6.0ms
[2022-08-09T23:05:17.666+0100][gc,heap       ] GC(6) Eden regions: 44->0(48)
[2022-08-09T23:05:17.666+0100][gc,heap       ] GC(6) Survivor regions: 7->3(7)
[2022-08-09T23:05:17.666+0100][gc,heap       ] GC(6) Old regions: 7->13
[2022-08-09T23:05:17.666+0100][gc,heap       ] GC(6) Humongous regions: 135->129
[2022-08-09T23:05:17.666+0100][gc,metaspace  ] GC(6) Metaspace: 49166K->49166K(1093632K)
[2022-08-09T23:05:17.666+0100][gc            ] GC(6) Pause Young (Normal) (G1 Evacuation Pause) 192M->144M(1024M) 61.616ms
[2022-08-09T23:05:17.666+0100][gc,cpu        ] GC(6) User=0.07s Sys=0.22s Real=0.06s
[2022-08-09T23:17:20.005+0100][gc,heap,exit  ] Heap
[2022-08-09T23:17:20.005+0100][gc,heap,exit  ]  garbage-first heap   total 1048576K, used 179530K [0x00000007c0000000, 0x0000000800000000)
[2022-08-09T23:17:20.005+0100][gc,heap,exit  ]   region size 1024K, 36 young (36864K), 3 survivors (3072K)
[2022-08-09T23:17:20.005+0100][gc,heap,exit  ]  Metaspace       used 50838K, capacity 53291K, committed 53552K, reserved 1095680K
[2022-08-09T23:17:20.005+0100][gc,heap,exit  ]   class space    used 6262K, capacity 7477K, committed 7552K, reserved 1048576K
