[2022-08-05T18:05:32.972+0100][gc,heap] Heap region size: 1M
[2022-08-05T18:05:32.981+0100][gc     ] Using G1
[2022-08-05T18:05:32.981+0100][gc,heap,coops] Heap address: 0x00000007c0000000, size: 1024 MB, Compressed Oops mode: Zero based, Oop shift amount: 3
[2022-08-05T18:05:33.852+0100][gc,start     ] GC(0) Pause Young (Concurrent Start) (Metadata GC Threshold)
[2022-08-05T18:05:33.852+0100][gc,task      ] GC(0) Using 10 workers of 10 for evacuation
[2022-08-05T18:05:33.858+0100][gc,phases    ] GC(0)   Pre Evacuate Collection Set: 0.0ms
[2022-08-05T18:05:33.858+0100][gc,phases    ] GC(0)   Evacuate Collection Set: 4.9ms
[2022-08-05T18:05:33.858+0100][gc,phases    ] GC(0)   Post Evacuate Collection Set: 0.3ms
[2022-08-05T18:05:33.858+0100][gc,phases    ] GC(0)   Other: 0.8ms
[2022-08-05T18:05:33.858+0100][gc,heap      ] GC(0) Eden regions: 44->0(44)
[2022-08-05T18:05:33.858+0100][gc,heap      ] GC(0) Survivor regions: 0->7(7)
[2022-08-05T18:05:33.858+0100][gc,heap      ] GC(0) Old regions: 0->0
[2022-08-05T18:05:33.858+0100][gc,heap      ] GC(0) Humongous regions: 0->0
[2022-08-05T18:05:33.858+0100][gc,metaspace ] GC(0) Metaspace: 20722K->20722K(1069056K)
[2022-08-05T18:05:33.858+0100][gc           ] GC(0) Pause Young (Concurrent Start) (Metadata GC Threshold) 43M->6M(1024M) 6.342ms
[2022-08-05T18:05:33.858+0100][gc,cpu       ] GC(0) User=0.02s Sys=0.01s Real=0.00s
[2022-08-05T18:05:33.858+0100][gc           ] GC(1) Concurrent Cycle
[2022-08-05T18:05:33.858+0100][gc,marking   ] GC(1) Concurrent Clear Claimed Marks
[2022-08-05T18:05:33.858+0100][gc,marking   ] GC(1) Concurrent Clear Claimed Marks 0.019ms
[2022-08-05T18:05:33.858+0100][gc,marking   ] GC(1) Concurrent Scan Root Regions
[2022-08-05T18:05:33.859+0100][gc,marking   ] GC(1) Concurrent Scan Root Regions 1.138ms
[2022-08-05T18:05:33.859+0100][gc,marking   ] GC(1) Concurrent Mark (0.898s)
[2022-08-05T18:05:33.859+0100][gc,marking   ] GC(1) Concurrent Mark From Roots
[2022-08-05T18:05:33.859+0100][gc,task      ] GC(1) Using 3 workers of 3 for marking
[2022-08-05T18:05:33.859+0100][gc,marking   ] GC(1) Concurrent Mark From Roots 0.215ms
[2022-08-05T18:05:33.860+0100][gc,marking   ] GC(1) Concurrent Preclean
[2022-08-05T18:05:33.860+0100][gc,marking   ] GC(1) Concurrent Preclean 0.034ms
[2022-08-05T18:05:33.860+0100][gc,marking   ] GC(1) Concurrent Mark (0.898s, 0.898s) 0.321ms
[2022-08-05T18:05:33.860+0100][gc,start     ] GC(1) Pause Remark
[2022-08-05T18:05:33.861+0100][gc,stringtable] GC(1) Cleaned string and symbol table, strings: 7232 processed, 0 removed, symbols: 63710 processed, 33 removed
[2022-08-05T18:05:33.861+0100][gc            ] GC(1) Pause Remark 7M->7M(1024M) 1.288ms
[2022-08-05T18:05:33.861+0100][gc,cpu        ] GC(1) User=0.01s Sys=0.00s Real=0.00s
[2022-08-05T18:05:33.861+0100][gc,marking    ] GC(1) Concurrent Rebuild Remembered Sets
[2022-08-05T18:05:33.861+0100][gc,marking    ] GC(1) Concurrent Rebuild Remembered Sets 0.129ms
[2022-08-05T18:05:33.861+0100][gc,start      ] GC(1) Pause Cleanup
[2022-08-05T18:05:33.862+0100][gc            ] GC(1) Pause Cleanup 7M->7M(1024M) 0.178ms
[2022-08-05T18:05:33.862+0100][gc,cpu        ] GC(1) User=0.00s Sys=0.00s Real=0.00s
[2022-08-05T18:05:33.862+0100][gc,marking    ] GC(1) Concurrent Cleanup for Next Mark
[2022-08-05T18:05:33.866+0100][gc,marking    ] GC(1) Concurrent Cleanup for Next Mark 4.373ms
[2022-08-05T18:05:33.866+0100][gc            ] GC(1) Concurrent Cycle 7.997ms
[2022-08-05T18:05:35.078+0100][gc,start      ] GC(2) Pause Young (Normal) (G1 Evacuation Pause)
[2022-08-05T18:05:35.078+0100][gc,task       ] GC(2) Using 10 workers of 10 for evacuation
[2022-08-05T18:05:35.083+0100][gc,phases     ] GC(2)   Pre Evacuate Collection Set: 0.0ms
[2022-08-05T18:05:35.083+0100][gc,phases     ] GC(2)   Evacuate Collection Set: 4.5ms
[2022-08-05T18:05:35.083+0100][gc,phases     ] GC(2)   Post Evacuate Collection Set: 0.8ms
[2022-08-05T18:05:35.083+0100][gc,phases     ] GC(2)   Other: 0.2ms
[2022-08-05T18:05:35.083+0100][gc,heap       ] GC(2) Eden regions: 44->0(48)
[2022-08-05T18:05:35.083+0100][gc,heap       ] GC(2) Survivor regions: 7->3(7)
[2022-08-05T18:05:35.083+0100][gc,heap       ] GC(2) Old regions: 0->7
[2022-08-05T18:05:35.083+0100][gc,heap       ] GC(2) Humongous regions: 129->129
[2022-08-05T18:05:35.083+0100][gc,metaspace  ] GC(2) Metaspace: 30381K->30381K(1077248K)
[2022-08-05T18:05:35.083+0100][gc            ] GC(2) Pause Young (Normal) (G1 Evacuation Pause) 179M->138M(1024M) 5.825ms
[2022-08-05T18:05:35.083+0100][gc,cpu        ] GC(2) User=0.03s Sys=0.01s Real=0.01s
[2022-08-05T18:05:35.272+0100][gc,start      ] GC(3) Pause Young (Concurrent Start) (Metadata GC Threshold)
[2022-08-05T18:05:35.272+0100][gc,task       ] GC(3) Using 10 workers of 10 for evacuation
[2022-08-05T18:05:35.274+0100][gc,phases     ] GC(3)   Pre Evacuate Collection Set: 0.0ms
[2022-08-05T18:05:35.274+0100][gc,phases     ] GC(3)   Evacuate Collection Set: 1.3ms
[2022-08-05T18:05:35.274+0100][gc,phases     ] GC(3)   Post Evacuate Collection Set: 0.1ms
[2022-08-05T18:05:35.274+0100][gc,phases     ] GC(3)   Other: 0.2ms
[2022-08-05T18:05:35.274+0100][gc,heap       ] GC(3) Eden regions: 21->0(48)
[2022-08-05T18:05:35.274+0100][gc,heap       ] GC(3) Survivor regions: 3->3(7)
[2022-08-05T18:05:35.274+0100][gc,heap       ] GC(3) Old regions: 7->7
[2022-08-05T18:05:35.274+0100][gc,heap       ] GC(3) Humongous regions: 129->129
[2022-08-05T18:05:35.274+0100][gc,metaspace  ] GC(3) Metaspace: 34668K->34668K(1081344K)
[2022-08-05T18:05:35.274+0100][gc            ] GC(3) Pause Young (Concurrent Start) (Metadata GC Threshold) 159M->138M(1024M) 1.749ms
[2022-08-05T18:05:35.274+0100][gc,cpu        ] GC(3) User=0.02s Sys=0.00s Real=0.00s
[2022-08-05T18:05:35.274+0100][gc            ] GC(4) Concurrent Cycle
[2022-08-05T18:05:35.274+0100][gc,marking    ] GC(4) Concurrent Clear Claimed Marks
[2022-08-05T18:05:35.274+0100][gc,marking    ] GC(4) Concurrent Clear Claimed Marks 0.030ms
[2022-08-05T18:05:35.274+0100][gc,marking    ] GC(4) Concurrent Scan Root Regions
[2022-08-05T18:05:35.275+0100][gc,marking    ] GC(4) Concurrent Scan Root Regions 0.753ms
[2022-08-05T18:05:35.275+0100][gc,marking    ] GC(4) Concurrent Mark (2.313s)
[2022-08-05T18:05:35.275+0100][gc,marking    ] GC(4) Concurrent Mark From Roots
[2022-08-05T18:05:35.275+0100][gc,task       ] GC(4) Using 3 workers of 3 for marking
[2022-08-05T18:05:35.278+0100][gc,marking    ] GC(4) Concurrent Mark From Roots 2.964ms
[2022-08-05T18:05:35.278+0100][gc,marking    ] GC(4) Concurrent Preclean
[2022-08-05T18:05:35.278+0100][gc,marking    ] GC(4) Concurrent Preclean 0.056ms
[2022-08-05T18:05:35.278+0100][gc,marking    ] GC(4) Concurrent Mark (2.313s, 2.316s) 3.098ms
[2022-08-05T18:05:35.279+0100][gc,start      ] GC(4) Pause Remark
[2022-08-05T18:05:35.280+0100][gc,stringtable] GC(4) Cleaned string and symbol table, strings: 10747 processed, 8 removed, symbols: 95978 processed, 23 removed
[2022-08-05T18:05:35.280+0100][gc            ] GC(4) Pause Remark 139M->139M(1024M) 1.166ms
[2022-08-05T18:05:35.280+0100][gc,cpu        ] GC(4) User=0.01s Sys=0.01s Real=0.01s
[2022-08-05T18:05:35.280+0100][gc,marking    ] GC(4) Concurrent Rebuild Remembered Sets
[2022-08-05T18:05:35.282+0100][gc,marking    ] GC(4) Concurrent Rebuild Remembered Sets 1.998ms
[2022-08-05T18:05:35.282+0100][gc,start      ] GC(4) Pause Cleanup
[2022-08-05T18:05:35.282+0100][gc            ] GC(4) Pause Cleanup 139M->139M(1024M) 0.138ms
[2022-08-05T18:05:35.282+0100][gc,cpu        ] GC(4) User=0.00s Sys=0.00s Real=0.00s
[2022-08-05T18:05:35.282+0100][gc,marking    ] GC(4) Concurrent Cleanup for Next Mark
[2022-08-05T18:05:35.286+0100][gc,marking    ] GC(4) Concurrent Cleanup for Next Mark 4.108ms
[2022-08-05T18:05:35.286+0100][gc            ] GC(4) Concurrent Cycle 12.248ms
[2022-08-05T18:05:35.863+0100][gc,start      ] GC(5) Pause Young (Normal) (G1 Evacuation Pause)
[2022-08-05T18:05:35.876+0100][gc,task       ] GC(5) Using 10 workers of 10 for evacuation
[2022-08-05T18:05:35.880+0100][gc,phases     ] GC(5)   Pre Evacuate Collection Set: 0.0ms
[2022-08-05T18:05:35.880+0100][gc,phases     ] GC(5)   Evacuate Collection Set: 3.3ms
[2022-08-05T18:05:35.880+0100][gc,phases     ] GC(5)   Post Evacuate Collection Set: 0.4ms
[2022-08-05T18:05:35.880+0100][gc,phases     ] GC(5)   Other: 12.8ms
[2022-08-05T18:05:35.880+0100][gc,heap       ] GC(5) Eden regions: 48->0(44)
[2022-08-05T18:05:35.880+0100][gc,heap       ] GC(5) Survivor regions: 3->7(7)
[2022-08-05T18:05:35.880+0100][gc,heap       ] GC(5) Old regions: 7->7
[2022-08-05T18:05:35.880+0100][gc,heap       ] GC(5) Humongous regions: 129->129
[2022-08-05T18:05:35.880+0100][gc,metaspace  ] GC(5) Metaspace: 42964K->42964K(1087488K)
[2022-08-05T18:05:35.880+0100][gc            ] GC(5) Pause Young (Normal) (G1 Evacuation Pause) 186M->142M(1024M) 16.745ms
[2022-08-05T18:05:35.880+0100][gc,cpu        ] GC(5) User=0.05s Sys=0.00s Real=0.02s
[2022-08-05T18:23:59.168+0100][gc,start      ] GC(6) Pause Young (Normal) (G1 Evacuation Pause)
[2022-08-05T18:23:59.168+0100][gc,task       ] GC(6) Using 10 workers of 10 for evacuation
[2022-08-05T18:23:59.184+0100][gc,phases     ] GC(6)   Pre Evacuate Collection Set: 1.4ms
[2022-08-05T18:23:59.184+0100][gc,phases     ] GC(6)   Evacuate Collection Set: 12.9ms
[2022-08-05T18:23:59.184+0100][gc,phases     ] GC(6)   Post Evacuate Collection Set: 0.6ms
[2022-08-05T18:23:59.184+0100][gc,phases     ] GC(6)   Other: 1.2ms
[2022-08-05T18:23:59.184+0100][gc,heap       ] GC(6) Eden regions: 44->0(48)
[2022-08-05T18:23:59.184+0100][gc,heap       ] GC(6) Survivor regions: 7->3(7)
[2022-08-05T18:23:59.184+0100][gc,heap       ] GC(6) Old regions: 7->14
[2022-08-05T18:23:59.184+0100][gc,heap       ] GC(6) Humongous regions: 129->129
[2022-08-05T18:23:59.184+0100][gc,metaspace  ] GC(6) Metaspace: 48819K->48819K(1093632K)
[2022-08-05T18:23:59.184+0100][gc            ] GC(6) Pause Young (Normal) (G1 Evacuation Pause) 186M->144M(1024M) 16.408ms
[2022-08-05T18:23:59.184+0100][gc,cpu        ] GC(6) User=0.05s Sys=0.05s Real=0.02s
[2022-08-05T18:31:33.040+0100][gc,start      ] GC(7) Pause Young (Normal) (G1 Evacuation Pause)
[2022-08-05T18:31:33.041+0100][gc,task       ] GC(7) Using 10 workers of 10 for evacuation
[2022-08-05T18:31:33.046+0100][gc,phases     ] GC(7)   Pre Evacuate Collection Set: 0.0ms
[2022-08-05T18:31:33.046+0100][gc,phases     ] GC(7)   Evacuate Collection Set: 4.0ms
[2022-08-05T18:31:33.046+0100][gc,phases     ] GC(7)   Post Evacuate Collection Set: 0.7ms
[2022-08-05T18:31:33.046+0100][gc,phases     ] GC(7)   Other: 1.5ms
[2022-08-05T18:31:33.046+0100][gc,heap       ] GC(7) Eden regions: 48->0(45)
[2022-08-05T18:31:33.046+0100][gc,heap       ] GC(7) Survivor regions: 3->6(7)
[2022-08-05T18:31:33.046+0100][gc,heap       ] GC(7) Old regions: 14->14
[2022-08-05T18:31:33.046+0100][gc,heap       ] GC(7) Humongous regions: 129->129
[2022-08-05T18:31:33.046+0100][gc,metaspace  ] GC(7) Metaspace: 51884K->51884K(1095680K)
[2022-08-05T18:31:33.047+0100][gc            ] GC(7) Pause Young (Normal) (G1 Evacuation Pause) 192M->147M(1024M) 7.324ms
[2022-08-05T18:31:33.047+0100][gc,cpu        ] GC(7) User=0.04s Sys=0.00s Real=0.00s
[2022-08-05T18:42:53.962+0100][gc,start      ] GC(8) Pause Young (Normal) (G1 Evacuation Pause)
[2022-08-05T18:42:53.963+0100][gc,task       ] GC(8) Using 10 workers of 10 for evacuation
[2022-08-05T18:42:53.974+0100][gc,phases     ] GC(8)   Pre Evacuate Collection Set: 1.2ms
[2022-08-05T18:42:53.974+0100][gc,phases     ] GC(8)   Evacuate Collection Set: 8.7ms
[2022-08-05T18:42:53.974+0100][gc,phases     ] GC(8)   Post Evacuate Collection Set: 0.5ms
[2022-08-05T18:42:53.974+0100][gc,phases     ] GC(8)   Other: 1.7ms
[2022-08-05T18:42:53.974+0100][gc,heap       ] GC(8) Eden regions: 45->0(48)
[2022-08-05T18:42:53.974+0100][gc,heap       ] GC(8) Survivor regions: 6->3(7)
[2022-08-05T18:42:53.974+0100][gc,heap       ] GC(8) Old regions: 14->16
[2022-08-05T18:42:53.974+0100][gc,heap       ] GC(8) Humongous regions: 129->129
[2022-08-05T18:42:53.974+0100][gc,metaspace  ] GC(8) Metaspace: 52005K->52005K(1095680K)
[2022-08-05T18:42:53.974+0100][gc            ] GC(8) Pause Young (Normal) (G1 Evacuation Pause) 192M->147M(1024M) 12.305ms
[2022-08-05T18:42:53.974+0100][gc,cpu        ] GC(8) User=0.04s Sys=0.03s Real=0.01s
[2022-08-05T18:55:55.517+0100][gc,start      ] GC(9) Pause Young (Normal) (G1 Evacuation Pause)
[2022-08-05T18:55:55.518+0100][gc,task       ] GC(9) Using 10 workers of 10 for evacuation
[2022-08-05T18:55:55.523+0100][gc,phases     ] GC(9)   Pre Evacuate Collection Set: 0.0ms
[2022-08-05T18:55:55.523+0100][gc,phases     ] GC(9)   Evacuate Collection Set: 4.7ms
[2022-08-05T18:55:55.523+0100][gc,phases     ] GC(9)   Post Evacuate Collection Set: 0.3ms
[2022-08-05T18:55:55.523+0100][gc,phases     ] GC(9)   Other: 1.5ms
[2022-08-05T18:55:55.523+0100][gc,heap       ] GC(9) Eden regions: 48->0(45)
[2022-08-05T18:55:55.523+0100][gc,heap       ] GC(9) Survivor regions: 3->6(7)
[2022-08-05T18:55:55.523+0100][gc,heap       ] GC(9) Old regions: 16->16
[2022-08-05T18:55:55.523+0100][gc,heap       ] GC(9) Humongous regions: 129->129
[2022-08-05T18:55:55.523+0100][gc,metaspace  ] GC(9) Metaspace: 52118K->52118K(1095680K)
[2022-08-05T18:55:55.524+0100][gc            ] GC(9) Pause Young (Normal) (G1 Evacuation Pause) 195M->150M(1024M) 7.604ms
[2022-08-05T18:55:55.524+0100][gc,cpu        ] GC(9) User=0.04s Sys=0.01s Real=0.01s
[2022-08-05T19:07:48.679+0100][gc,start      ] GC(10) Pause Young (Normal) (G1 Evacuation Pause)
[2022-08-05T19:07:48.679+0100][gc,task       ] GC(10) Using 10 workers of 10 for evacuation
[2022-08-05T19:07:48.695+0100][gc,phases     ] GC(10)   Pre Evacuate Collection Set: 0.9ms
[2022-08-05T19:07:48.695+0100][gc,phases     ] GC(10)   Evacuate Collection Set: 14.3ms
[2022-08-05T19:07:48.695+0100][gc,phases     ] GC(10)   Post Evacuate Collection Set: 0.4ms
[2022-08-05T19:07:48.695+0100][gc,phases     ] GC(10)   Other: 0.4ms
[2022-08-05T19:07:48.695+0100][gc,heap       ] GC(10) Eden regions: 45->0(46)
[2022-08-05T19:07:48.696+0100][gc,heap       ] GC(10) Survivor regions: 6->5(7)
[2022-08-05T19:07:48.696+0100][gc,heap       ] GC(10) Old regions: 16->20
[2022-08-05T19:07:48.696+0100][gc,heap       ] GC(10) Humongous regions: 129->129
[2022-08-05T19:07:48.696+0100][gc,metaspace  ] GC(10) Metaspace: 52198K->52198K(1097728K)
[2022-08-05T19:07:48.696+0100][gc            ] GC(10) Pause Young (Normal) (G1 Evacuation Pause) 195M->153M(1024M) 16.498ms
[2022-08-05T19:07:48.696+0100][gc,cpu        ] GC(10) User=0.03s Sys=0.05s Real=0.02s
[2022-08-05T21:55:45.877+0100][gc,start      ] GC(11) Pause Young (Normal) (G1 Evacuation Pause)
[2022-08-05T21:55:45.878+0100][gc,task       ] GC(11) Using 10 workers of 10 for evacuation
[2022-08-05T21:55:45.897+0100][gc,phases     ] GC(11)   Pre Evacuate Collection Set: 1.1ms
[2022-08-05T21:55:45.897+0100][gc,phases     ] GC(11)   Evacuate Collection Set: 17.8ms
[2022-08-05T21:55:45.897+0100][gc,phases     ] GC(11)   Post Evacuate Collection Set: 0.3ms
[2022-08-05T21:55:45.897+0100][gc,phases     ] GC(11)   Other: 1.3ms
[2022-08-05T21:55:45.897+0100][gc,heap       ] GC(11) Eden regions: 46->0(47)
[2022-08-05T21:55:45.897+0100][gc,heap       ] GC(11) Survivor regions: 5->4(7)
[2022-08-05T21:55:45.897+0100][gc,heap       ] GC(11) Old regions: 20->23
[2022-08-05T21:55:45.897+0100][gc,heap       ] GC(11) Humongous regions: 129->129
[2022-08-05T21:55:45.897+0100][gc,metaspace  ] GC(11) Metaspace: 52262K->52262K(1097728K)
[2022-08-05T21:55:45.898+0100][gc            ] GC(11) Pause Young (Normal) (G1 Evacuation Pause) 199M->154M(1024M) 21.425ms
[2022-08-05T21:55:45.898+0100][gc,cpu        ] GC(11) User=0.04s Sys=0.08s Real=0.02s
[2022-08-05T22:08:59.840+0100][gc,start      ] GC(12) Pause Young (Normal) (G1 Evacuation Pause)
[2022-08-05T22:08:59.840+0100][gc,task       ] GC(12) Using 10 workers of 10 for evacuation
[2022-08-05T22:08:59.846+0100][gc,phases     ] GC(12)   Pre Evacuate Collection Set: 0.0ms
[2022-08-05T22:08:59.846+0100][gc,phases     ] GC(12)   Evacuate Collection Set: 4.7ms
[2022-08-05T22:08:59.846+0100][gc,phases     ] GC(12)   Post Evacuate Collection Set: 0.2ms
[2022-08-05T22:08:59.846+0100][gc,phases     ] GC(12)   Other: 0.3ms
[2022-08-05T22:08:59.846+0100][gc,heap       ] GC(12) Eden regions: 47->0(54)
[2022-08-05T22:08:59.846+0100][gc,heap       ] GC(12) Survivor regions: 4->4(7)
[2022-08-05T22:08:59.846+0100][gc,heap       ] GC(12) Old regions: 23->23
[2022-08-05T22:08:59.846+0100][gc,heap       ] GC(12) Humongous regions: 129->129
[2022-08-05T22:08:59.846+0100][gc,metaspace  ] GC(12) Metaspace: 52275K->52275K(1097728K)
[2022-08-05T22:08:59.846+0100][gc            ] GC(12) Pause Young (Normal) (G1 Evacuation Pause) 201M->155M(1024M) 5.415ms
[2022-08-05T22:08:59.846+0100][gc,cpu        ] GC(12) User=0.03s Sys=0.01s Real=0.00s
[2022-08-05T22:23:58.080+0100][gc,start      ] GC(13) Pause Young (Normal) (G1 Evacuation Pause)
[2022-08-05T22:23:58.081+0100][gc,task       ] GC(13) Using 10 workers of 10 for evacuation
[2022-08-05T22:23:58.086+0100][gc,phases     ] GC(13)   Pre Evacuate Collection Set: 0.0ms
[2022-08-05T22:23:58.086+0100][gc,phases     ] GC(13)   Evacuate Collection Set: 4.7ms
[2022-08-05T22:23:58.086+0100][gc,phases     ] GC(13)   Post Evacuate Collection Set: 0.2ms
[2022-08-05T22:23:58.086+0100][gc,phases     ] GC(13)   Other: 0.6ms
[2022-08-05T22:23:58.086+0100][gc,heap       ] GC(13) Eden regions: 53->0(55)
[2022-08-05T22:23:58.086+0100][gc,heap       ] GC(13) Survivor regions: 4->6(8)
[2022-08-05T22:23:58.086+0100][gc,heap       ] GC(13) Old regions: 23->23
[2022-08-05T22:23:58.086+0100][gc,heap       ] GC(13) Humongous regions: 129->129
[2022-08-05T22:23:58.086+0100][gc,metaspace  ] GC(13) Metaspace: 52296K->52296K(1097728K)
[2022-08-05T22:23:58.086+0100][gc            ] GC(13) Pause Young (Normal) (G1 Evacuation Pause) 208M->156M(1024M) 5.814ms
[2022-08-05T22:23:58.086+0100][gc,cpu        ] GC(13) User=0.03s Sys=0.01s Real=0.00s
[2022-08-05T22:39:33.159+0100][gc,start      ] GC(14) Pause Young (Normal) (G1 Evacuation Pause)
[2022-08-05T22:39:33.159+0100][gc,task       ] GC(14) Using 10 workers of 10 for evacuation
[2022-08-05T22:39:33.179+0100][gc,phases     ] GC(14)   Pre Evacuate Collection Set: 1.4ms
[2022-08-05T22:39:33.179+0100][gc,phases     ] GC(14)   Evacuate Collection Set: 14.0ms
[2022-08-05T22:39:33.179+0100][gc,phases     ] GC(14)   Post Evacuate Collection Set: 0.3ms
[2022-08-05T22:39:33.179+0100][gc,phases     ] GC(14)   Other: 4.7ms
[2022-08-05T22:39:33.179+0100][gc,heap       ] GC(14) Eden regions: 55->0(58)
[2022-08-05T22:39:33.179+0100][gc,heap       ] GC(14) Survivor regions: 6->7(8)
[2022-08-05T22:39:33.179+0100][gc,heap       ] GC(14) Old regions: 23->25
[2022-08-05T22:39:33.179+0100][gc,heap       ] GC(14) Humongous regions: 129->129
[2022-08-05T22:39:33.179+0100][gc,metaspace  ] GC(14) Metaspace: 52301K->52301K(1097728K)
[2022-08-05T22:39:33.179+0100][gc            ] GC(14) Pause Young (Normal) (G1 Evacuation Pause) 211M->160M(1024M) 20.014ms
[2022-08-05T22:39:33.179+0100][gc,cpu        ] GC(14) User=0.05s Sys=0.05s Real=0.02s
[2022-08-05T22:55:16.310+0100][gc,start      ] GC(15) Pause Young (Normal) (G1 Evacuation Pause)
[2022-08-05T22:55:16.310+0100][gc,task       ] GC(15) Using 10 workers of 10 for evacuation
[2022-08-05T22:55:16.318+0100][gc,phases     ] GC(15)   Pre Evacuate Collection Set: 0.0ms
[2022-08-05T22:55:16.318+0100][gc,phases     ] GC(15)   Evacuate Collection Set: 7.3ms
[2022-08-05T22:55:16.318+0100][gc,phases     ] GC(15)   Post Evacuate Collection Set: 0.2ms
[2022-08-05T22:55:16.318+0100][gc,phases     ] GC(15)   Other: 0.2ms
[2022-08-05T22:55:16.318+0100][gc,heap       ] GC(15) Eden regions: 58->0(64)
[2022-08-05T22:55:16.318+0100][gc,heap       ] GC(15) Survivor regions: 7->7(9)
[2022-08-05T22:55:16.318+0100][gc,heap       ] GC(15) Old regions: 25->27
[2022-08-05T22:55:16.318+0100][gc,heap       ] GC(15) Humongous regions: 129->129
[2022-08-05T22:55:16.318+0100][gc,metaspace  ] GC(15) Metaspace: 52333K->52333K(1097728K)
[2022-08-05T22:55:16.319+0100][gc            ] GC(15) Pause Young (Normal) (G1 Evacuation Pause) 218M->162M(1024M) 8.658ms
[2022-08-05T22:55:16.319+0100][gc,cpu        ] GC(15) User=0.05s Sys=0.02s Real=0.00s
[2022-08-05T23:13:31.632+0100][gc,start      ] GC(16) Pause Young (Normal) (G1 Evacuation Pause)
[2022-08-05T23:13:31.632+0100][gc,task       ] GC(16) Using 10 workers of 10 for evacuation
[2022-08-05T23:13:31.642+0100][gc,phases     ] GC(16)   Pre Evacuate Collection Set: 0.0ms
[2022-08-05T23:13:31.642+0100][gc,phases     ] GC(16)   Evacuate Collection Set: 8.5ms
[2022-08-05T23:13:31.642+0100][gc,phases     ] GC(16)   Post Evacuate Collection Set: 0.4ms
[2022-08-05T23:13:31.642+0100][gc,phases     ] GC(16)   Other: 0.6ms
[2022-08-05T23:13:31.642+0100][gc,heap       ] GC(16) Eden regions: 64->0(101)
[2022-08-05T23:13:31.642+0100][gc,heap       ] GC(16) Survivor regions: 7->4(9)
[2022-08-05T23:13:31.642+0100][gc,heap       ] GC(16) Old regions: 27->29
[2022-08-05T23:13:31.642+0100][gc,heap       ] GC(16) Humongous regions: 129->129
[2022-08-05T23:13:31.642+0100][gc,metaspace  ] GC(16) Metaspace: 52340K->52340K(1097728K)
[2022-08-05T23:13:31.642+0100][gc            ] GC(16) Pause Young (Normal) (G1 Evacuation Pause) 226M->161M(1024M) 9.797ms
[2022-08-05T23:13:31.642+0100][gc,cpu        ] GC(16) User=0.04s Sys=0.03s Real=0.01s
[2022-08-05T23:41:45.212+0100][gc,start      ] GC(17) Pause Young (Normal) (G1 Evacuation Pause)
[2022-08-05T23:41:45.213+0100][gc,task       ] GC(17) Using 10 workers of 10 for evacuation
[2022-08-05T23:41:45.222+0100][gc,phases     ] GC(17)   Pre Evacuate Collection Set: 0.2ms
[2022-08-05T23:41:45.222+0100][gc,phases     ] GC(17)   Evacuate Collection Set: 7.9ms
[2022-08-05T23:41:45.222+0100][gc,phases     ] GC(17)   Post Evacuate Collection Set: 1.0ms
[2022-08-05T23:41:45.223+0100][gc,phases     ] GC(17)   Other: 1.5ms
[2022-08-05T23:41:45.223+0100][gc,heap       ] GC(17) Eden regions: 101->0(357)
[2022-08-05T23:41:45.223+0100][gc,heap       ] GC(17) Survivor regions: 4->4(14)
[2022-08-05T23:41:45.223+0100][gc,heap       ] GC(17) Old regions: 29->29
[2022-08-05T23:41:45.223+0100][gc,heap       ] GC(17) Humongous regions: 129->129
[2022-08-05T23:41:45.223+0100][gc,metaspace  ] GC(17) Metaspace: 52347K->52347K(1097728K)
[2022-08-05T23:41:45.223+0100][gc            ] GC(17) Pause Young (Normal) (G1 Evacuation Pause) 262M->161M(1024M) 11.524ms
[2022-08-05T23:41:45.224+0100][gc,cpu        ] GC(17) User=0.03s Sys=0.04s Real=0.01s
[2022-08-06T01:24:13.275+0100][gc,start      ] GC(18) Pause Young (Normal) (G1 Evacuation Pause)
[2022-08-06T01:24:13.276+0100][gc,task       ] GC(18) Using 10 workers of 10 for evacuation
[2022-08-06T01:24:13.289+0100][gc,phases     ] GC(18)   Pre Evacuate Collection Set: 0.9ms
[2022-08-06T01:24:13.289+0100][gc,phases     ] GC(18)   Evacuate Collection Set: 9.7ms
[2022-08-06T01:24:13.289+0100][gc,phases     ] GC(18)   Post Evacuate Collection Set: 1.2ms
[2022-08-06T01:24:13.289+0100][gc,phases     ] GC(18)   Other: 2.9ms
[2022-08-06T01:24:13.289+0100][gc,heap       ] GC(18) Eden regions: 356->0(543)
[2022-08-06T01:24:13.289+0100][gc,heap       ] GC(18) Survivor regions: 4->4(45)
[2022-08-06T01:24:13.289+0100][gc,heap       ] GC(18) Old regions: 29->29
[2022-08-06T01:24:13.289+0100][gc,heap       ] GC(18) Humongous regions: 129->129
[2022-08-06T01:24:13.289+0100][gc,metaspace  ] GC(18) Metaspace: 52370K->52370K(1097728K)
[2022-08-06T01:24:13.289+0100][gc            ] GC(18) Pause Young (Normal) (G1 Evacuation Pause) 517M->161M(1024M) 14.145ms
[2022-08-06T01:24:13.289+0100][gc,cpu        ] GC(18) User=0.03s Sys=0.04s Real=0.01s
[2022-08-06T11:08:17.251+0100][gc,start      ] GC(19) Pause Young (Normal) (G1 Evacuation Pause)
[2022-08-06T11:08:17.255+0100][gc,task       ] GC(19) Using 10 workers of 10 for evacuation
[2022-08-06T11:08:17.291+0100][gc,mmu        ] GC(19) MMU target violated: 21.0ms (20.0ms/21.0ms)
[2022-08-06T11:08:17.291+0100][gc,phases     ] GC(19)   Pre Evacuate Collection Set: 1.6ms
[2022-08-06T11:08:17.291+0100][gc,phases     ] GC(19)   Evacuate Collection Set: 22.4ms
[2022-08-06T11:08:17.291+0100][gc,phases     ] GC(19)   Post Evacuate Collection Set: 4.7ms
[2022-08-06T11:08:17.291+0100][gc,phases     ] GC(19)   Other: 11.8ms
[2022-08-06T11:08:17.292+0100][gc,heap       ] GC(19) Eden regions: 540->0(539)
[2022-08-06T11:08:17.292+0100][gc,heap       ] GC(19) Survivor regions: 4->3(68)
[2022-08-06T11:08:17.292+0100][gc,heap       ] GC(19) Old regions: 29->29
[2022-08-06T11:08:17.292+0100][gc,heap       ] GC(19) Humongous regions: 129->129
[2022-08-06T11:08:17.292+0100][gc,metaspace  ] GC(19) Metaspace: 52454K->52454K(1097728K)
[2022-08-06T11:08:17.292+0100][gc            ] GC(19) Pause Young (Normal) (G1 Evacuation Pause) 701M->160M(1024M) 41.118ms
[2022-08-06T11:08:17.292+0100][gc,cpu        ] GC(19) User=0.06s Sys=0.06s Real=0.04s
[2022-08-06T12:02:51.069+0100][gc,start      ] GC(20) Pause Young (Normal) (G1 Evacuation Pause)
[2022-08-06T12:02:51.069+0100][gc,task       ] GC(20) Using 10 workers of 10 for evacuation
[2022-08-06T12:02:51.086+0100][gc,phases     ] GC(20)   Pre Evacuate Collection Set: 3.1ms
[2022-08-06T12:02:51.086+0100][gc,phases     ] GC(20)   Evacuate Collection Set: 12.3ms
[2022-08-06T12:02:51.086+0100][gc,phases     ] GC(20)   Post Evacuate Collection Set: 1.4ms
[2022-08-06T12:02:51.086+0100][gc,phases     ] GC(20)   Other: 0.8ms
[2022-08-06T12:02:51.086+0100][gc,heap       ] GC(20) Eden regions: 192->0(193)
[2022-08-06T12:02:51.086+0100][gc,heap       ] GC(20) Survivor regions: 3->4(25)
[2022-08-06T12:02:51.086+0100][gc,heap       ] GC(20) Old regions: 29->29
[2022-08-06T12:02:51.086+0100][gc,heap       ] GC(20) Humongous regions: 129->129
[2022-08-06T12:02:51.086+0100][gc,metaspace  ] GC(20) Metaspace: 52456K->52456K(1097728K)
[2022-08-06T12:02:51.086+0100][gc            ] GC(20) Pause Young (Normal) (G1 Evacuation Pause) 352M->161M(1024M) 17.753ms
[2022-08-06T12:02:51.087+0100][gc,cpu        ] GC(20) User=0.02s Sys=0.05s Real=0.02s
[2022-08-06T13:45:31.876+0100][gc,start      ] GC(21) Pause Young (Normal) (G1 Evacuation Pause)
[2022-08-06T13:45:31.876+0100][gc,task       ] GC(21) Using 10 workers of 10 for evacuation
[2022-08-06T13:45:31.904+0100][gc,mmu        ] GC(21) MMU target violated: 21.0ms (20.0ms/21.0ms)
[2022-08-06T13:45:31.904+0100][gc,phases     ] GC(21)   Pre Evacuate Collection Set: 1.3ms
[2022-08-06T13:45:31.904+0100][gc,phases     ] GC(21)   Evacuate Collection Set: 20.9ms
[2022-08-06T13:45:31.904+0100][gc,phases     ] GC(21)   Post Evacuate Collection Set: 1.5ms
[2022-08-06T13:45:31.904+0100][gc,phases     ] GC(21)   Other: 5.9ms
[2022-08-06T13:45:31.904+0100][gc,heap       ] GC(21) Eden regions: 192->0(48)
[2022-08-06T13:45:31.904+0100][gc,heap       ] GC(21) Survivor regions: 4->3(25)
[2022-08-06T13:45:31.904+0100][gc,heap       ] GC(21) Old regions: 29->29
[2022-08-06T13:45:31.904+0100][gc,heap       ] GC(21) Humongous regions: 129->129
[2022-08-06T13:45:31.904+0100][gc,metaspace  ] GC(21) Metaspace: 52487K->52487K(1097728K)
[2022-08-06T13:45:31.905+0100][gc            ] GC(21) Pause Young (Normal) (G1 Evacuation Pause) 353M->160M(1024M) 28.871ms
[2022-08-06T13:45:31.905+0100][gc,cpu        ] GC(21) User=0.03s Sys=0.08s Real=0.03s
[2022-08-06T13:59:10.300+0100][gc,start      ] GC(22) Pause Young (Normal) (G1 Evacuation Pause)
[2022-08-06T13:59:10.300+0100][gc,task       ] GC(22) Using 10 workers of 10 for evacuation
[2022-08-06T13:59:10.311+0100][gc,phases     ] GC(22)   Pre Evacuate Collection Set: 0.1ms
[2022-08-06T13:59:10.311+0100][gc,phases     ] GC(22)   Evacuate Collection Set: 10.3ms
[2022-08-06T13:59:10.311+0100][gc,phases     ] GC(22)   Post Evacuate Collection Set: 0.3ms
[2022-08-06T13:59:10.311+0100][gc,phases     ] GC(22)   Other: 1.6ms
[2022-08-06T13:59:10.311+0100][gc,heap       ] GC(22) Eden regions: 48->0(48)
[2022-08-06T13:59:10.311+0100][gc,heap       ] GC(22) Survivor regions: 3->4(7)
[2022-08-06T13:59:10.311+0100][gc,heap       ] GC(22) Old regions: 29->29
[2022-08-06T13:59:10.311+0100][gc,heap       ] GC(22) Humongous regions: 129->129
[2022-08-06T13:59:10.311+0100][gc,metaspace  ] GC(22) Metaspace: 52487K->52487K(1097728K)
[2022-08-06T13:59:10.311+0100][gc            ] GC(22) Pause Young (Normal) (G1 Evacuation Pause) 208M->161M(1024M) 11.363ms
[2022-08-06T13:59:10.311+0100][gc,cpu        ] GC(22) User=0.02s Sys=0.05s Real=0.01s
[2022-08-06T14:12:54.453+0100][gc,start      ] GC(23) Pause Young (Normal) (G1 Evacuation Pause)
[2022-08-06T14:12:54.453+0100][gc,task       ] GC(23) Using 10 workers of 10 for evacuation
[2022-08-06T14:12:54.464+0100][gc,phases     ] GC(23)   Pre Evacuate Collection Set: 0.2ms
[2022-08-06T14:12:54.464+0100][gc,phases     ] GC(23)   Evacuate Collection Set: 9.6ms
[2022-08-06T14:12:54.464+0100][gc,phases     ] GC(23)   Post Evacuate Collection Set: 1.1ms
[2022-08-06T14:12:54.465+0100][gc,phases     ] GC(23)   Other: 0.5ms
[2022-08-06T14:12:54.465+0100][gc,heap       ] GC(23) Eden regions: 48->0(58)
[2022-08-06T14:12:54.465+0100][gc,heap       ] GC(23) Survivor regions: 4->3(7)
[2022-08-06T14:12:54.465+0100][gc,heap       ] GC(23) Old regions: 29->30
[2022-08-06T14:12:54.465+0100][gc,heap       ] GC(23) Humongous regions: 129->129
[2022-08-06T14:12:54.465+0100][gc,metaspace  ] GC(23) Metaspace: 52487K->52487K(1097728K)
[2022-08-06T14:12:54.465+0100][gc            ] GC(23) Pause Young (Normal) (G1 Evacuation Pause) 209M->161M(1024M) 11.570ms
[2022-08-06T14:12:54.465+0100][gc,cpu        ] GC(23) User=0.03s Sys=0.03s Real=0.01s
[2022-08-06T14:46:44.079+0100][gc,start      ] GC(24) Pause Young (Normal) (G1 Evacuation Pause)
[2022-08-06T14:46:44.080+0100][gc,task       ] GC(24) Using 10 workers of 10 for evacuation
[2022-08-06T14:46:44.099+0100][gc,phases     ] GC(24)   Pre Evacuate Collection Set: 4.1ms
[2022-08-06T14:46:44.099+0100][gc,phases     ] GC(24)   Evacuate Collection Set: 12.6ms
[2022-08-06T14:46:44.099+0100][gc,phases     ] GC(24)   Post Evacuate Collection Set: 0.5ms
[2022-08-06T14:46:44.099+0100][gc,phases     ] GC(24)   Other: 3.6ms
[2022-08-06T14:46:44.099+0100][gc,heap       ] GC(24) Eden regions: 58->0(59)
[2022-08-06T14:46:44.099+0100][gc,heap       ] GC(24) Survivor regions: 3->3(8)
[2022-08-06T14:46:44.100+0100][gc,heap       ] GC(24) Old regions: 30->30
[2022-08-06T14:46:44.100+0100][gc,heap       ] GC(24) Humongous regions: 129->129
[2022-08-06T14:46:44.100+0100][gc,metaspace  ] GC(24) Metaspace: 52505K->52505K(1097728K)
[2022-08-06T14:46:44.100+0100][gc            ] GC(24) Pause Young (Normal) (G1 Evacuation Pause) 219M->161M(1024M) 20.989ms
[2022-08-06T14:46:44.100+0100][gc,cpu        ] GC(24) User=0.02s Sys=0.06s Real=0.03s
[2022-08-06T15:02:24.371+0100][gc,start      ] GC(25) Pause Young (Normal) (G1 Evacuation Pause)
[2022-08-06T15:02:24.372+0100][gc,task       ] GC(25) Using 10 workers of 10 for evacuation
[2022-08-06T15:02:24.387+0100][gc,phases     ] GC(25)   Pre Evacuate Collection Set: 1.6ms
[2022-08-06T15:02:24.387+0100][gc,phases     ] GC(25)   Evacuate Collection Set: 10.7ms
[2022-08-06T15:02:24.387+0100][gc,phases     ] GC(25)   Post Evacuate Collection Set: 0.5ms
[2022-08-06T15:02:24.387+0100][gc,phases     ] GC(25)   Other: 3.5ms
[2022-08-06T15:02:24.387+0100][gc,heap       ] GC(25) Eden regions: 59->0(70)
[2022-08-06T15:02:24.387+0100][gc,heap       ] GC(25) Survivor regions: 3->3(8)
[2022-08-06T15:02:24.387+0100][gc,heap       ] GC(25) Old regions: 30->30
[2022-08-06T15:02:24.387+0100][gc,heap       ] GC(25) Humongous regions: 129->129
[2022-08-06T15:02:24.387+0100][gc,metaspace  ] GC(25) Metaspace: 52518K->52518K(1097728K)
[2022-08-06T15:02:24.388+0100][gc            ] GC(25) Pause Young (Normal) (G1 Evacuation Pause) 220M->161M(1024M) 17.208ms
[2022-08-06T15:02:24.388+0100][gc,cpu        ] GC(25) User=0.01s Sys=0.04s Real=0.01s
[2022-08-06T15:22:17.049+0100][gc,start      ] GC(26) Pause Young (Normal) (G1 Evacuation Pause)
[2022-08-06T15:22:17.049+0100][gc,task       ] GC(26) Using 10 workers of 10 for evacuation
[2022-08-06T15:22:17.058+0100][gc,phases     ] GC(26)   Pre Evacuate Collection Set: 0.0ms
[2022-08-06T15:22:17.058+0100][gc,phases     ] GC(26)   Evacuate Collection Set: 8.7ms
[2022-08-06T15:22:17.058+0100][gc,phases     ] GC(26)   Post Evacuate Collection Set: 0.2ms
[2022-08-06T15:22:17.058+0100][gc,phases     ] GC(26)   Other: 0.5ms
[2022-08-06T15:22:17.058+0100][gc,heap       ] GC(26) Eden regions: 70->0(89)
[2022-08-06T15:22:17.058+0100][gc,heap       ] GC(26) Survivor regions: 3->4(10)
[2022-08-06T15:22:17.058+0100][gc,heap       ] GC(26) Old regions: 30->30
[2022-08-06T15:22:17.058+0100][gc,heap       ] GC(26) Humongous regions: 129->129
[2022-08-06T15:22:17.058+0100][gc,metaspace  ] GC(26) Metaspace: 52519K->52519K(1097728K)
[2022-08-06T15:22:17.058+0100][gc            ] GC(26) Pause Young (Normal) (G1 Evacuation Pause) 231M->161M(1024M) 9.648ms
[2022-08-06T15:22:17.059+0100][gc,cpu        ] GC(26) User=0.02s Sys=0.03s Real=0.01s
[2022-08-06T15:47:48.964+0100][gc,start      ] GC(27) Pause Young (Normal) (G1 Evacuation Pause)
[2022-08-06T15:47:48.965+0100][gc,task       ] GC(27) Using 10 workers of 10 for evacuation
[2022-08-06T15:47:48.997+0100][gc,mmu        ] GC(27) MMU target violated: 21.0ms (20.0ms/21.0ms)
[2022-08-06T15:47:48.997+0100][gc,phases     ] GC(27)   Pre Evacuate Collection Set: 1.5ms
[2022-08-06T15:47:48.997+0100][gc,phases     ] GC(27)   Evacuate Collection Set: 24.5ms
[2022-08-06T15:47:48.997+0100][gc,phases     ] GC(27)   Post Evacuate Collection Set: 0.4ms
[2022-08-06T15:47:48.997+0100][gc,phases     ] GC(27)   Other: 8.1ms
[2022-08-06T15:47:48.997+0100][gc,heap       ] GC(27) Eden regions: 89->0(56)
[2022-08-06T15:47:48.997+0100][gc,heap       ] GC(27) Survivor regions: 4->4(12)
[2022-08-06T15:47:48.997+0100][gc,heap       ] GC(27) Old regions: 30->30
[2022-08-06T15:47:48.997+0100][gc,heap       ] GC(27) Humongous regions: 129->129
[2022-08-06T15:47:48.997+0100][gc,metaspace  ] GC(27) Metaspace: 52526K->52526K(1097728K)
[2022-08-06T15:47:48.998+0100][gc            ] GC(27) Pause Young (Normal) (G1 Evacuation Pause) 250M->161M(1024M) 33.962ms
[2022-08-06T15:47:48.998+0100][gc,cpu        ] GC(27) User=0.02s Sys=0.07s Real=0.03s
[2022-08-06T16:03:04.142+0100][gc,start      ] GC(28) Pause Young (Normal) (G1 Evacuation Pause)
[2022-08-06T16:03:04.142+0100][gc,task       ] GC(28) Using 10 workers of 10 for evacuation
[2022-08-06T16:03:04.149+0100][gc,phases     ] GC(28)   Pre Evacuate Collection Set: 0.0ms
[2022-08-06T16:03:04.149+0100][gc,phases     ] GC(28)   Evacuate Collection Set: 6.9ms
[2022-08-06T16:03:04.149+0100][gc,phases     ] GC(28)   Post Evacuate Collection Set: 0.2ms
[2022-08-06T16:03:04.149+0100][gc,phases     ] GC(28)   Other: 0.4ms
[2022-08-06T16:03:04.149+0100][gc,heap       ] GC(28) Eden regions: 56->0(84)
[2022-08-06T16:03:04.149+0100][gc,heap       ] GC(28) Survivor regions: 4->3(8)
[2022-08-06T16:03:04.149+0100][gc,heap       ] GC(28) Old regions: 30->30
[2022-08-06T16:03:04.149+0100][gc,heap       ] GC(28) Humongous regions: 129->129
[2022-08-06T16:03:04.149+0100][gc,metaspace  ] GC(28) Metaspace: 52538K->52538K(1097728K)
[2022-08-06T16:03:04.150+0100][gc            ] GC(28) Pause Young (Normal) (G1 Evacuation Pause) 217M->161M(1024M) 7.778ms
[2022-08-06T16:03:04.150+0100][gc,cpu        ] GC(28) User=0.02s Sys=0.03s Real=0.01s
[2022-08-06T16:27:11.049+0100][gc,start      ] GC(29) Pause Young (Normal) (G1 Evacuation Pause)
[2022-08-06T16:27:11.050+0100][gc,task       ] GC(29) Using 10 workers of 10 for evacuation
[2022-08-06T16:27:11.065+0100][gc,phases     ] GC(29)   Pre Evacuate Collection Set: 1.6ms
[2022-08-06T16:27:11.065+0100][gc,phases     ] GC(29)   Evacuate Collection Set: 12.3ms
[2022-08-06T16:27:11.065+0100][gc,phases     ] GC(29)   Post Evacuate Collection Set: 0.5ms
[2022-08-06T16:27:11.065+0100][gc,phases     ] GC(29)   Other: 1.9ms
[2022-08-06T16:27:11.065+0100][gc,heap       ] GC(29) Eden regions: 84->0(105)
[2022-08-06T16:27:11.065+0100][gc,heap       ] GC(29) Survivor regions: 3->3(11)
[2022-08-06T16:27:11.065+0100][gc,heap       ] GC(29) Old regions: 30->30
[2022-08-06T16:27:11.065+0100][gc,heap       ] GC(29) Humongous regions: 129->129
[2022-08-06T16:27:11.065+0100][gc,metaspace  ] GC(29) Metaspace: 52541K->52541K(1097728K)
[2022-08-06T16:27:11.066+0100][gc            ] GC(29) Pause Young (Normal) (G1 Evacuation Pause) 245M->161M(1024M) 17.038ms
[2022-08-06T16:27:11.066+0100][gc,cpu        ] GC(29) User=0.02s Sys=0.06s Real=0.02s
[2022-08-06T16:56:40.518+0100][gc,start      ] GC(30) Pause Young (Normal) (G1 Evacuation Pause)
[2022-08-06T16:56:40.519+0100][gc,task       ] GC(30) Using 10 workers of 10 for evacuation
[2022-08-06T16:56:40.554+0100][gc,mmu        ] GC(30) MMU target violated: 21.0ms (20.0ms/21.0ms)
[2022-08-06T16:56:40.554+0100][gc,phases     ] GC(30)   Pre Evacuate Collection Set: 1.5ms
[2022-08-06T16:56:40.554+0100][gc,phases     ] GC(30)   Evacuate Collection Set: 30.3ms
[2022-08-06T16:56:40.554+0100][gc,phases     ] GC(30)   Post Evacuate Collection Set: 1.8ms
[2022-08-06T16:56:40.554+0100][gc,phases     ] GC(30)   Other: 2.9ms
[2022-08-06T16:56:40.554+0100][gc,heap       ] GC(30) Eden regions: 105->0(47)
[2022-08-06T16:56:40.554+0100][gc,heap       ] GC(30) Survivor regions: 3->4(14)
[2022-08-06T16:56:40.554+0100][gc,heap       ] GC(30) Old regions: 30->30
[2022-08-06T16:56:40.554+0100][gc,heap       ] GC(30) Humongous regions: 129->129
[2022-08-06T16:56:40.554+0100][gc,metaspace  ] GC(30) Metaspace: 52543K->52543K(1097728K)
[2022-08-06T16:56:40.554+0100][gc            ] GC(30) Pause Young (Normal) (G1 Evacuation Pause) 266M->162M(1024M) 36.044ms
[2022-08-06T16:56:40.554+0100][gc,cpu        ] GC(30) User=0.06s Sys=0.09s Real=0.04s
[2022-08-06T17:10:04.169+0100][gc,start      ] GC(31) Pause Young (Normal) (G1 Evacuation Pause)
[2022-08-06T17:10:04.169+0100][gc,task       ] GC(31) Using 10 workers of 10 for evacuation
[2022-08-06T17:10:04.177+0100][gc,phases     ] GC(31)   Pre Evacuate Collection Set: 0.0ms
[2022-08-06T17:10:04.177+0100][gc,phases     ] GC(31)   Evacuate Collection Set: 7.0ms
[2022-08-06T17:10:04.177+0100][gc,phases     ] GC(31)   Post Evacuate Collection Set: 0.3ms
[2022-08-06T17:10:04.177+0100][gc,phases     ] GC(31)   Other: 0.3ms
[2022-08-06T17:10:04.177+0100][gc,heap       ] GC(31) Eden regions: 47->0(85)
[2022-08-06T17:10:04.177+0100][gc,heap       ] GC(31) Survivor regions: 4->3(7)
[2022-08-06T17:10:04.177+0100][gc,heap       ] GC(31) Old regions: 30->30
[2022-08-06T17:10:04.177+0100][gc,heap       ] GC(31) Humongous regions: 129->129
[2022-08-06T17:10:04.177+0100][gc,metaspace  ] GC(31) Metaspace: 52548K->52548K(1097728K)
[2022-08-06T17:10:04.178+0100][gc            ] GC(31) Pause Young (Normal) (G1 Evacuation Pause) 209M->161M(1024M) 8.501ms
[2022-08-06T17:10:04.178+0100][gc,cpu        ] GC(31) User=0.02s Sys=0.03s Real=0.01s
[2022-08-06T17:39:55.124+0100][gc,start      ] GC(32) Pause Young (Normal) (G1 Evacuation Pause)
[2022-08-06T17:39:55.124+0100][gc,task       ] GC(32) Using 10 workers of 10 for evacuation
[2022-08-06T17:39:55.131+0100][gc,phases     ] GC(32)   Pre Evacuate Collection Set: 0.0ms
[2022-08-06T17:39:55.131+0100][gc,phases     ] GC(32)   Evacuate Collection Set: 6.8ms
[2022-08-06T17:39:55.131+0100][gc,phases     ] GC(32)   Post Evacuate Collection Set: 0.2ms
[2022-08-06T17:39:55.131+0100][gc,phases     ] GC(32)   Other: 1.4ms
[2022-08-06T17:39:55.131+0100][gc,heap       ] GC(32) Eden regions: 85->0(110)
[2022-08-06T17:39:55.131+0100][gc,heap       ] GC(32) Survivor regions: 3->3(11)
[2022-08-06T17:39:55.131+0100][gc,heap       ] GC(32) Old regions: 30->30
[2022-08-06T17:39:55.131+0100][gc,heap       ] GC(32) Humongous regions: 129->129
[2022-08-06T17:39:55.131+0100][gc,metaspace  ] GC(32) Metaspace: 52556K->52556K(1097728K)
[2022-08-06T17:39:55.131+0100][gc            ] GC(32) Pause Young (Normal) (G1 Evacuation Pause) 246M->161M(1024M) 7.558ms
[2022-08-06T17:39:55.131+0100][gc,cpu        ] GC(32) User=0.02s Sys=0.02s Real=0.01s
[2022-08-06T19:17:13.056+0100][gc,start      ] GC(33) Pause Young (Normal) (G1 Evacuation Pause)
[2022-08-06T19:17:13.057+0100][gc,task       ] GC(33) Using 10 workers of 10 for evacuation
[2022-08-06T19:17:13.080+0100][gc,mmu        ] GC(33) MMU target violated: 21.0ms (20.0ms/21.0ms)
[2022-08-06T19:17:13.080+0100][gc,phases     ] GC(33)   Pre Evacuate Collection Set: 3.1ms
[2022-08-06T19:17:13.080+0100][gc,phases     ] GC(33)   Evacuate Collection Set: 19.0ms
[2022-08-06T19:17:13.080+0100][gc,phases     ] GC(33)   Post Evacuate Collection Set: 0.5ms
[2022-08-06T19:17:13.080+0100][gc,phases     ] GC(33)   Other: 1.8ms
[2022-08-06T19:17:13.080+0100][gc,heap       ] GC(33) Eden regions: 110->0(93)
[2022-08-06T19:17:13.080+0100][gc,heap       ] GC(33) Survivor regions: 3->4(15)
[2022-08-06T19:17:13.080+0100][gc,heap       ] GC(33) Old regions: 30->30
[2022-08-06T19:17:13.080+0100][gc,heap       ] GC(33) Humongous regions: 129->129
[2022-08-06T19:17:13.080+0100][gc,metaspace  ] GC(33) Metaspace: 52562K->52562K(1097728K)
[2022-08-06T19:17:13.081+0100][gc            ] GC(33) Pause Young (Normal) (G1 Evacuation Pause) 271M->162M(1024M) 25.073ms
[2022-08-06T19:17:13.081+0100][gc,cpu        ] GC(33) User=0.02s Sys=0.07s Real=0.03s
[2022-08-06T19:43:57.624+0100][gc,start      ] GC(34) Pause Young (Normal) (G1 Evacuation Pause)
[2022-08-06T19:43:57.624+0100][gc,task       ] GC(34) Using 10 workers of 10 for evacuation
[2022-08-06T19:43:57.627+0100][gc,phases     ] GC(34)   Pre Evacuate Collection Set: 0.0ms
[2022-08-06T19:43:57.627+0100][gc,phases     ] GC(34)   Evacuate Collection Set: 2.0ms
[2022-08-06T19:43:57.627+0100][gc,phases     ] GC(34)   Post Evacuate Collection Set: 0.4ms
[2022-08-06T19:43:57.627+0100][gc,phases     ] GC(34)   Other: 0.4ms
[2022-08-06T19:43:57.627+0100][gc,heap       ] GC(34) Eden regions: 93->0(151)
[2022-08-06T19:43:57.627+0100][gc,heap       ] GC(34) Survivor regions: 4->3(13)
[2022-08-06T19:43:57.627+0100][gc,heap       ] GC(34) Old regions: 30->30
[2022-08-06T19:43:57.627+0100][gc,heap       ] GC(34) Humongous regions: 129->129
[2022-08-06T19:43:57.627+0100][gc,metaspace  ] GC(34) Metaspace: 52570K->52570K(1097728K)
[2022-08-06T19:43:57.627+0100][gc            ] GC(34) Pause Young (Normal) (G1 Evacuation Pause) 255M->161M(1024M) 2.983ms
[2022-08-06T19:43:57.627+0100][gc,cpu        ] GC(34) User=0.02s Sys=0.00s Real=0.00s
[2022-08-06T21:25:08.615+0100][gc,start      ] GC(35) Pause Young (Normal) (G1 Evacuation Pause)
[2022-08-06T21:25:08.615+0100][gc,task       ] GC(35) Using 10 workers of 10 for evacuation
[2022-08-06T21:25:08.626+0100][gc,phases     ] GC(35)   Pre Evacuate Collection Set: 1.4ms
[2022-08-06T21:25:08.627+0100][gc,phases     ] GC(35)   Evacuate Collection Set: 8.3ms
[2022-08-06T21:25:08.627+0100][gc,phases     ] GC(35)   Post Evacuate Collection Set: 0.7ms
[2022-08-06T21:25:08.627+0100][gc,phases     ] GC(35)   Other: 1.1ms
[2022-08-06T21:25:08.627+0100][gc,heap       ] GC(35) Eden regions: 151->0(192)
[2022-08-06T21:25:08.627+0100][gc,heap       ] GC(35) Survivor regions: 3->3(20)
[2022-08-06T21:25:08.627+0100][gc,heap       ] GC(35) Old regions: 30->30
[2022-08-06T21:25:08.627+0100][gc,heap       ] GC(35) Humongous regions: 129->129
[2022-08-06T21:25:08.627+0100][gc,metaspace  ] GC(35) Metaspace: 52576K->52576K(1097728K)
[2022-08-06T21:25:08.627+0100][gc            ] GC(35) Pause Young (Normal) (G1 Evacuation Pause) 312M->161M(1024M) 11.670ms
[2022-08-06T21:25:08.627+0100][gc,cpu        ] GC(35) User=0.02s Sys=0.04s Real=0.01s
[2022-08-06T22:19:50.049+0100][gc,start      ] GC(36) Pause Young (Normal) (G1 Evacuation Pause)
[2022-08-06T22:19:50.049+0100][gc,task       ] GC(36) Using 10 workers of 10 for evacuation
[2022-08-06T22:19:50.061+0100][gc,phases     ] GC(36)   Pre Evacuate Collection Set: 0.0ms
[2022-08-06T22:19:50.062+0100][gc,phases     ] GC(36)   Evacuate Collection Set: 11.6ms
[2022-08-06T22:19:50.062+0100][gc,phases     ] GC(36)   Post Evacuate Collection Set: 0.3ms
[2022-08-06T22:19:50.062+0100][gc,phases     ] GC(36)   Other: 0.3ms
[2022-08-06T22:19:50.062+0100][gc,heap       ] GC(36) Eden regions: 192->0(211)
[2022-08-06T22:19:50.062+0100][gc,heap       ] GC(36) Survivor regions: 3->4(25)
[2022-08-06T22:19:50.062+0100][gc,heap       ] GC(36) Old regions: 30->30
[2022-08-06T22:19:50.062+0100][gc,heap       ] GC(36) Humongous regions: 129->129
[2022-08-06T22:19:50.062+0100][gc,metaspace  ] GC(36) Metaspace: 52579K->52579K(1097728K)
[2022-08-06T22:19:50.062+0100][gc            ] GC(36) Pause Young (Normal) (G1 Evacuation Pause) 353M->162M(1024M) 12.563ms
[2022-08-06T22:19:50.062+0100][gc,cpu        ] GC(36) User=0.03s Sys=0.04s Real=0.02s
[2022-08-06T23:20:12.277+0100][gc,start      ] GC(37) Pause Young (Normal) (G1 Evacuation Pause)
[2022-08-06T23:20:12.277+0100][gc,task       ] GC(37) Using 10 workers of 10 for evacuation
[2022-08-06T23:20:12.316+0100][gc,mmu        ] GC(37) MMU target violated: 21.0ms (20.0ms/21.0ms)
[2022-08-06T23:20:12.316+0100][gc,phases     ] GC(37)   Pre Evacuate Collection Set: 1.3ms
[2022-08-06T23:20:12.316+0100][gc,phases     ] GC(37)   Evacuate Collection Set: 35.2ms
[2022-08-06T23:20:12.316+0100][gc,phases     ] GC(37)   Post Evacuate Collection Set: 1.0ms
[2022-08-06T23:20:12.316+0100][gc,phases     ] GC(37)   Other: 1.6ms
[2022-08-06T23:20:12.316+0100][gc,heap       ] GC(37) Eden regions: 211->0(47)
[2022-08-06T23:20:12.316+0100][gc,heap       ] GC(37) Survivor regions: 4->4(27)
[2022-08-06T23:20:12.316+0100][gc,heap       ] GC(37) Old regions: 30->30
[2022-08-06T23:20:12.316+0100][gc,heap       ] GC(37) Humongous regions: 129->129
[2022-08-06T23:20:12.316+0100][gc,metaspace  ] GC(37) Metaspace: 52581K->52581K(1097728K)
[2022-08-06T23:20:12.316+0100][gc            ] GC(37) Pause Young (Normal) (G1 Evacuation Pause) 373M->162M(1024M) 39.288ms
[2022-08-06T23:20:12.316+0100][gc,cpu        ] GC(37) User=0.03s Sys=0.08s Real=0.04s
[2022-08-06T23:36:39.921+0100][gc,start      ] GC(38) Pause Young (Normal) (G1 Evacuation Pause)
[2022-08-06T23:36:39.922+0100][gc,task       ] GC(38) Using 10 workers of 10 for evacuation
[2022-08-06T23:36:39.931+0100][gc,phases     ] GC(38)   Pre Evacuate Collection Set: 0.1ms
[2022-08-06T23:36:39.931+0100][gc,phases     ] GC(38)   Evacuate Collection Set: 8.2ms
[2022-08-06T23:36:39.931+0100][gc,phases     ] GC(38)   Post Evacuate Collection Set: 0.3ms
[2022-08-06T23:36:39.931+0100][gc,phases     ] GC(38)   Other: 1.1ms
[2022-08-06T23:36:39.931+0100][gc,heap       ] GC(38) Eden regions: 47->0(74)
[2022-08-06T23:36:39.931+0100][gc,heap       ] GC(38) Survivor regions: 4->3(7)
[2022-08-06T23:36:39.931+0100][gc,heap       ] GC(38) Old regions: 30->31
[2022-08-06T23:36:39.931+0100][gc,heap       ] GC(38) Humongous regions: 129->129
[2022-08-06T23:36:39.931+0100][gc,metaspace  ] GC(38) Metaspace: 52594K->52594K(1097728K)
[2022-08-06T23:36:39.931+0100][gc            ] GC(38) Pause Young (Normal) (G1 Evacuation Pause) 209M->161M(1024M) 9.874ms
[2022-08-06T23:36:39.931+0100][gc,cpu        ] GC(38) User=0.02s Sys=0.04s Real=0.01s
[2022-08-06T23:57:57.163+0100][gc,start      ] GC(39) Pause Young (Normal) (G1 Evacuation Pause)
[2022-08-06T23:57:57.163+0100][gc,task       ] GC(39) Using 10 workers of 10 for evacuation
[2022-08-06T23:57:57.174+0100][gc,phases     ] GC(39)   Pre Evacuate Collection Set: 1.3ms
[2022-08-06T23:57:57.174+0100][gc,phases     ] GC(39)   Evacuate Collection Set: 8.3ms
[2022-08-06T23:57:57.174+0100][gc,phases     ] GC(39)   Post Evacuate Collection Set: 0.5ms
[2022-08-06T23:57:57.174+0100][gc,phases     ] GC(39)   Other: 0.8ms
[2022-08-06T23:57:57.174+0100][gc,heap       ] GC(39) Eden regions: 74->0(178)
[2022-08-06T23:57:57.174+0100][gc,heap       ] GC(39) Survivor regions: 3->2(10)
[2022-08-06T23:57:57.174+0100][gc,heap       ] GC(39) Old regions: 31->31
[2022-08-06T23:57:57.174+0100][gc,heap       ] GC(39) Humongous regions: 129->129
[2022-08-06T23:57:57.174+0100][gc,metaspace  ] GC(39) Metaspace: 52599K->52599K(1097728K)
[2022-08-06T23:57:57.175+0100][gc            ] GC(39) Pause Young (Normal) (G1 Evacuation Pause) 235M->161M(1024M) 12.128ms
[2022-08-06T23:57:57.175+0100][gc,cpu        ] GC(39) User=0.02s Sys=0.04s Real=0.01s
[2022-08-07T00:48:14.728+0100][gc,start      ] GC(40) Pause Young (Normal) (G1 Evacuation Pause)
[2022-08-07T00:48:14.728+0100][gc,task       ] GC(40) Using 10 workers of 10 for evacuation
[2022-08-07T00:48:14.739+0100][gc,phases     ] GC(40)   Pre Evacuate Collection Set: 0.2ms
[2022-08-07T00:48:14.739+0100][gc,phases     ] GC(40)   Evacuate Collection Set: 9.5ms
[2022-08-07T00:48:14.739+0100][gc,phases     ] GC(40)   Post Evacuate Collection Set: 0.5ms
[2022-08-07T00:48:14.739+0100][gc,phases     ] GC(40)   Other: 0.6ms
[2022-08-07T00:48:14.739+0100][gc,heap       ] GC(40) Eden regions: 177->0(181)
[2022-08-07T00:48:14.739+0100][gc,heap       ] GC(40) Survivor regions: 2->3(23)
[2022-08-07T00:48:14.739+0100][gc,heap       ] GC(40) Old regions: 31->31
[2022-08-07T00:48:14.739+0100][gc,heap       ] GC(40) Humongous regions: 129->129
[2022-08-07T00:48:14.739+0100][gc,metaspace  ] GC(40) Metaspace: 52599K->52599K(1097728K)
[2022-08-07T00:48:14.739+0100][gc            ] GC(40) Pause Young (Normal) (G1 Evacuation Pause) 338M->162M(1024M) 10.995ms
[2022-08-07T00:48:14.739+0100][gc,cpu        ] GC(40) User=0.02s Sys=0.04s Real=0.01s
[2022-08-07T01:39:46.757+0100][gc,start      ] GC(41) Pause Young (Normal) (G1 Evacuation Pause)
[2022-08-07T01:39:46.759+0100][gc,task       ] GC(41) Using 10 workers of 10 for evacuation
[2022-08-07T01:39:46.783+0100][gc,mmu        ] GC(41) MMU target violated: 21.0ms (20.0ms/21.0ms)
[2022-08-07T01:39:46.783+0100][gc,phases     ] GC(41)   Pre Evacuate Collection Set: 1.3ms
[2022-08-07T01:39:46.783+0100][gc,phases     ] GC(41)   Evacuate Collection Set: 18.7ms
[2022-08-07T01:39:46.783+0100][gc,phases     ] GC(41)   Post Evacuate Collection Set: 2.1ms
[2022-08-07T01:39:46.783+0100][gc,phases     ] GC(41)   Other: 6.5ms
[2022-08-07T01:39:46.783+0100][gc,heap       ] GC(41) Eden regions: 181->0(161)
[2022-08-07T01:39:46.783+0100][gc,heap       ] GC(41) Survivor regions: 3->4(23)
[2022-08-07T01:39:46.783+0100][gc,heap       ] GC(41) Old regions: 31->31
[2022-08-07T01:39:46.783+0100][gc,heap       ] GC(41) Humongous regions: 129->129
[2022-08-07T01:39:46.783+0100][gc,metaspace  ] GC(41) Metaspace: 52640K->52640K(1097728K)
[2022-08-07T01:39:46.784+0100][gc            ] GC(41) Pause Young (Normal) (G1 Evacuation Pause) 343M->162M(1024M) 26.915ms
[2022-08-07T01:39:46.784+0100][gc,cpu        ] GC(41) User=0.02s Sys=0.07s Real=0.03s
[2022-08-07T02:25:27.615+0100][gc,start      ] GC(42) Pause Young (Normal) (G1 Evacuation Pause)
[2022-08-07T02:25:27.615+0100][gc,task       ] GC(42) Using 10 workers of 10 for evacuation
[2022-08-07T02:25:27.620+0100][gc,phases     ] GC(42)   Pre Evacuate Collection Set: 0.0ms
[2022-08-07T02:25:27.620+0100][gc,phases     ] GC(42)   Evacuate Collection Set: 3.8ms
[2022-08-07T02:25:27.620+0100][gc,phases     ] GC(42)   Post Evacuate Collection Set: 0.5ms
[2022-08-07T02:25:27.620+0100][gc,phases     ] GC(42)   Other: 0.3ms
[2022-08-07T02:25:27.620+0100][gc,heap       ] GC(42) Eden regions: 161->0(182)
[2022-08-07T02:25:27.620+0100][gc,heap       ] GC(42) Survivor regions: 4->5(21)
[2022-08-07T02:25:27.620+0100][gc,heap       ] GC(42) Old regions: 31->31
[2022-08-07T02:25:27.620+0100][gc,heap       ] GC(42) Humongous regions: 129->129
[2022-08-07T02:25:27.620+0100][gc,metaspace  ] GC(42) Metaspace: 52641K->52641K(1097728K)
[2022-08-07T02:25:27.620+0100][gc            ] GC(42) Pause Young (Normal) (G1 Evacuation Pause) 323M->163M(1024M) 4.786ms
[2022-08-07T02:25:27.620+0100][gc,cpu        ] GC(42) User=0.02s Sys=0.00s Real=0.01s
[2022-08-07T03:17:27.056+0100][gc,start      ] GC(43) Pause Young (Normal) (G1 Evacuation Pause)
[2022-08-07T03:17:27.057+0100][gc,task       ] GC(43) Using 10 workers of 10 for evacuation
[2022-08-07T03:17:27.079+0100][gc,mmu        ] GC(43) MMU target violated: 21.0ms (20.0ms/21.0ms)
[2022-08-07T03:17:27.079+0100][gc,phases     ] GC(43)   Pre Evacuate Collection Set: 1.5ms
[2022-08-07T03:17:27.079+0100][gc,phases     ] GC(43)   Evacuate Collection Set: 19.7ms
[2022-08-07T03:17:27.079+0100][gc,phases     ] GC(43)   Post Evacuate Collection Set: 0.7ms
[2022-08-07T03:17:27.079+0100][gc,phases     ] GC(43)   Other: 1.2ms
[2022-08-07T03:17:27.079+0100][gc,heap       ] GC(43) Eden regions: 182->0(121)
[2022-08-07T03:17:27.079+0100][gc,heap       ] GC(43) Survivor regions: 5->5(24)
[2022-08-07T03:17:27.079+0100][gc,heap       ] GC(43) Old regions: 31->31
[2022-08-07T03:17:27.079+0100][gc,heap       ] GC(43) Humongous regions: 129->129
[2022-08-07T03:17:27.079+0100][gc,metaspace  ] GC(43) Metaspace: 52663K->52663K(1097728K)
[2022-08-07T03:17:27.079+0100][gc            ] GC(43) Pause Young (Normal) (G1 Evacuation Pause) 345M->163M(1024M) 23.174ms
[2022-08-07T03:17:27.079+0100][gc,cpu        ] GC(43) User=0.03s Sys=0.07s Real=0.02s
[2022-08-07T03:51:51.010+0100][gc,start      ] GC(44) Pause Young (Normal) (G1 Evacuation Pause)
[2022-08-07T03:51:51.011+0100][gc,task       ] GC(44) Using 10 workers of 10 for evacuation
[2022-08-07T03:51:51.018+0100][gc,phases     ] GC(44)   Pre Evacuate Collection Set: 0.0ms
[2022-08-07T03:51:51.018+0100][gc,phases     ] GC(44)   Evacuate Collection Set: 6.7ms
[2022-08-07T03:51:51.018+0100][gc,phases     ] GC(44)   Post Evacuate Collection Set: 0.3ms
[2022-08-07T03:51:51.018+0100][gc,phases     ] GC(44)   Other: 0.8ms
[2022-08-07T03:51:51.018+0100][gc,heap       ] GC(44) Eden regions: 120->0(177)
[2022-08-07T03:51:51.018+0100][gc,heap       ] GC(44) Survivor regions: 5->5(16)
[2022-08-07T03:51:51.018+0100][gc,heap       ] GC(44) Old regions: 31->31
[2022-08-07T03:51:51.018+0100][gc,heap       ] GC(44) Humongous regions: 129->129
[2022-08-07T03:51:51.018+0100][gc,metaspace  ] GC(44) Metaspace: 52668K->52668K(1097728K)
[2022-08-07T03:51:51.018+0100][gc            ] GC(44) Pause Young (Normal) (G1 Evacuation Pause) 283M->164M(1024M) 7.936ms
[2022-08-07T03:51:51.018+0100][gc,cpu        ] GC(44) User=0.02s Sys=0.03s Real=0.00s
[2022-08-07T04:42:21.595+0100][gc,start      ] GC(45) Pause Young (Normal) (G1 Evacuation Pause)
[2022-08-07T04:42:21.596+0100][gc,task       ] GC(45) Using 10 workers of 10 for evacuation
[2022-08-07T04:42:21.609+0100][gc,phases     ] GC(45)   Pre Evacuate Collection Set: 1.7ms
[2022-08-07T04:42:21.609+0100][gc,phases     ] GC(45)   Evacuate Collection Set: 10.6ms
[2022-08-07T04:42:21.609+0100][gc,phases     ] GC(45)   Post Evacuate Collection Set: 0.8ms
[2022-08-07T04:42:21.609+0100][gc,phases     ] GC(45)   Other: 1.0ms
[2022-08-07T04:42:21.610+0100][gc,heap       ] GC(45) Eden regions: 177->0(194)
[2022-08-07T04:42:21.610+0100][gc,heap       ] GC(45) Survivor regions: 5->4(23)
[2022-08-07T04:42:21.610+0100][gc,heap       ] GC(45) Old regions: 31->31
[2022-08-07T04:42:21.610+0100][gc,heap       ] GC(45) Humongous regions: 129->129
[2022-08-07T04:42:21.610+0100][gc,metaspace  ] GC(45) Metaspace: 52685K->52685K(1097728K)
[2022-08-07T04:42:21.610+0100][gc            ] GC(45) Pause Young (Normal) (G1 Evacuation Pause) 341M->162M(1024M) 14.391ms
[2022-08-07T04:42:21.610+0100][gc,cpu        ] GC(45) User=0.02s Sys=0.05s Real=0.02s
[2022-08-07T05:58:09.063+0100][gc,start      ] GC(46) Pause Young (Normal) (G1 Evacuation Pause)
[2022-08-07T05:58:09.063+0100][gc,task       ] GC(46) Using 10 workers of 10 for evacuation
[2022-08-07T05:58:09.132+0100][gc,mmu        ] GC(46) MMU target violated: 21.0ms (20.0ms/21.0ms)
[2022-08-07T05:58:09.132+0100][gc,phases     ] GC(46)   Pre Evacuate Collection Set: 3.6ms
[2022-08-07T05:58:09.132+0100][gc,phases     ] GC(46)   Evacuate Collection Set: 58.0ms
[2022-08-07T05:58:09.132+0100][gc,phases     ] GC(46)   Post Evacuate Collection Set: 2.1ms
[2022-08-07T05:58:09.132+0100][gc,phases     ] GC(46)   Other: 6.1ms
[2022-08-07T05:58:09.132+0100][gc,heap       ] GC(46) Eden regions: 194->0(46)
[2022-08-07T05:58:09.132+0100][gc,heap       ] GC(46) Survivor regions: 4->5(25)
[2022-08-07T05:58:09.132+0100][gc,heap       ] GC(46) Old regions: 31->31
[2022-08-07T05:58:09.132+0100][gc,heap       ] GC(46) Humongous regions: 129->129
[2022-08-07T05:58:09.132+0100][gc,metaspace  ] GC(46) Metaspace: 52709K->52709K(1097728K)
[2022-08-07T05:58:09.132+0100][gc            ] GC(46) Pause Young (Normal) (G1 Evacuation Pause) 356M->163M(1024M) 69.007ms
[2022-08-07T05:58:09.132+0100][gc,cpu        ] GC(46) User=0.05s Sys=0.21s Real=0.07s
[2022-08-07T06:11:13.887+0100][gc,start      ] GC(47) Pause Young (Normal) (G1 Evacuation Pause)
[2022-08-07T06:11:13.887+0100][gc,task       ] GC(47) Using 10 workers of 10 for evacuation
[2022-08-07T06:11:13.896+0100][gc,phases     ] GC(47)   Pre Evacuate Collection Set: 0.0ms
[2022-08-07T06:11:13.896+0100][gc,phases     ] GC(47)   Evacuate Collection Set: 8.0ms
[2022-08-07T06:11:13.896+0100][gc,phases     ] GC(47)   Post Evacuate Collection Set: 0.2ms
[2022-08-07T06:11:13.896+0100][gc,phases     ] GC(47)   Other: 0.4ms
[2022-08-07T06:11:13.896+0100][gc,heap       ] GC(47) Eden regions: 46->0(48)
[2022-08-07T06:11:13.896+0100][gc,heap       ] GC(47) Survivor regions: 5->3(7)
[2022-08-07T06:11:13.896+0100][gc,heap       ] GC(47) Old regions: 31->31
[2022-08-07T06:11:13.896+0100][gc,heap       ] GC(47) Humongous regions: 129->129
[2022-08-07T06:11:13.896+0100][gc,metaspace  ] GC(47) Metaspace: 52709K->52709K(1097728K)
[2022-08-07T06:11:13.896+0100][gc            ] GC(47) Pause Young (Normal) (G1 Evacuation Pause) 209M->162M(1024M) 8.985ms
[2022-08-07T06:11:13.897+0100][gc,cpu        ] GC(47) User=0.02s Sys=0.03s Real=0.01s
[2022-08-07T06:24:56.217+0100][gc,start      ] GC(48) Pause Young (Normal) (G1 Evacuation Pause)
[2022-08-07T06:24:56.218+0100][gc,task       ] GC(48) Using 10 workers of 10 for evacuation
[2022-08-07T06:24:56.230+0100][gc,phases     ] GC(48)   Pre Evacuate Collection Set: 0.0ms
[2022-08-07T06:24:56.230+0100][gc,phases     ] GC(48)   Evacuate Collection Set: 11.3ms
[2022-08-07T06:24:56.230+0100][gc,phases     ] GC(48)   Post Evacuate Collection Set: 0.2ms
[2022-08-07T06:24:56.230+0100][gc,phases     ] GC(48)   Other: 1.1ms
[2022-08-07T06:24:56.230+0100][gc,heap       ] GC(48) Eden regions: 48->0(47)
[2022-08-07T06:24:56.230+0100][gc,heap       ] GC(48) Survivor regions: 3->4(7)
[2022-08-07T06:24:56.230+0100][gc,heap       ] GC(48) Old regions: 31->31
[2022-08-07T06:24:56.230+0100][gc,heap       ] GC(48) Humongous regions: 129->129
[2022-08-07T06:24:56.230+0100][gc,metaspace  ] GC(48) Metaspace: 52709K->52709K(1097728K)
[2022-08-07T06:24:56.230+0100][gc            ] GC(48) Pause Young (Normal) (G1 Evacuation Pause) 210M->163M(1024M) 12.909ms
[2022-08-07T06:24:56.230+0100][gc,cpu        ] GC(48) User=0.03s Sys=0.04s Real=0.02s
[2022-08-07T06:37:33.867+0100][gc,start      ] GC(49) Pause Young (Normal) (G1 Evacuation Pause)
[2022-08-07T06:37:33.868+0100][gc,task       ] GC(49) Using 10 workers of 10 for evacuation
[2022-08-07T06:37:33.873+0100][gc,phases     ] GC(49)   Pre Evacuate Collection Set: 0.0ms
[2022-08-07T06:37:33.873+0100][gc,phases     ] GC(49)   Evacuate Collection Set: 4.1ms
[2022-08-07T06:37:33.873+0100][gc,phases     ] GC(49)   Post Evacuate Collection Set: 0.2ms
[2022-08-07T06:37:33.873+0100][gc,phases     ] GC(49)   Other: 1.6ms
[2022-08-07T06:37:33.873+0100][gc,heap       ] GC(49) Eden regions: 47->0(51)
[2022-08-07T06:37:33.873+0100][gc,heap       ] GC(49) Survivor regions: 4->3(7)
[2022-08-07T06:37:33.873+0100][gc,heap       ] GC(49) Old regions: 31->31
[2022-08-07T06:37:33.873+0100][gc,heap       ] GC(49) Humongous regions: 129->129
[2022-08-07T06:37:33.873+0100][gc,metaspace  ] GC(49) Metaspace: 52709K->52709K(1097728K)
[2022-08-07T06:37:33.873+0100][gc            ] GC(49) Pause Young (Normal) (G1 Evacuation Pause) 210M->162M(1024M) 6.277ms
[2022-08-07T06:37:33.873+0100][gc,cpu        ] GC(49) User=0.03s Sys=0.00s Real=0.01s
[2022-08-07T19:10:23.561+0100][gc,start      ] GC(50) Pause Young (Normal) (G1 Evacuation Pause)
[2022-08-07T19:10:23.561+0100][gc,task       ] GC(50) Using 10 workers of 10 for evacuation
[2022-08-07T19:10:23.577+0100][gc,phases     ] GC(50)   Pre Evacuate Collection Set: 0.8ms
[2022-08-07T19:10:23.577+0100][gc,phases     ] GC(50)   Evacuate Collection Set: 13.4ms
[2022-08-07T19:10:23.577+0100][gc,phases     ] GC(50)   Post Evacuate Collection Set: 0.9ms
[2022-08-07T19:10:23.577+0100][gc,phases     ] GC(50)   Other: 1.0ms
[2022-08-07T19:10:23.577+0100][gc,heap       ] GC(50) Eden regions: 51->0(53)
[2022-08-07T19:10:23.577+0100][gc,heap       ] GC(50) Survivor regions: 3->3(7)
[2022-08-07T19:10:23.577+0100][gc,heap       ] GC(50) Old regions: 31->31
[2022-08-07T19:10:23.577+0100][gc,heap       ] GC(50) Humongous regions: 129->129
[2022-08-07T19:10:23.577+0100][gc,metaspace  ] GC(50) Metaspace: 52732K->52732K(1097728K)
[2022-08-07T19:10:23.577+0100][gc            ] GC(50) Pause Young (Normal) (G1 Evacuation Pause) 213M->162M(1024M) 16.221ms
[2022-08-07T19:10:23.577+0100][gc,cpu        ] GC(50) User=0.01s Sys=0.06s Real=0.01s
[2022-08-07T19:25:33.099+0100][gc,start      ] GC(51) Pause Young (Normal) (G1 Evacuation Pause)
[2022-08-07T19:25:33.099+0100][gc,task       ] GC(51) Using 10 workers of 10 for evacuation
[2022-08-07T19:25:33.108+0100][gc,phases     ] GC(51)   Pre Evacuate Collection Set: 0.1ms
[2022-08-07T19:25:33.108+0100][gc,phases     ] GC(51)   Evacuate Collection Set: 8.9ms
[2022-08-07T19:25:33.108+0100][gc,phases     ] GC(51)   Post Evacuate Collection Set: 0.3ms
[2022-08-07T19:25:33.109+0100][gc,phases     ] GC(51)   Other: 0.3ms
[2022-08-07T19:25:33.109+0100][gc,heap       ] GC(51) Eden regions: 53->0(59)
[2022-08-07T19:25:33.109+0100][gc,heap       ] GC(51) Survivor regions: 3->4(7)
[2022-08-07T19:25:33.109+0100][gc,heap       ] GC(51) Old regions: 31->31
[2022-08-07T19:25:33.109+0100][gc,heap       ] GC(51) Humongous regions: 129->129
[2022-08-07T19:25:33.109+0100][gc,metaspace  ] GC(51) Metaspace: 52732K->52732K(1097728K)
[2022-08-07T19:25:33.109+0100][gc            ] GC(51) Pause Young (Normal) (G1 Evacuation Pause) 215M->163M(1024M) 9.803ms
[2022-08-07T19:25:33.109+0100][gc,cpu        ] GC(51) User=0.02s Sys=0.03s Real=0.01s
[2022-08-07T19:42:41.191+0100][gc,start      ] GC(52) Pause Young (Normal) (G1 Evacuation Pause)
[2022-08-07T19:42:41.192+0100][gc,task       ] GC(52) Using 10 workers of 10 for evacuation
[2022-08-07T19:42:41.209+0100][gc,phases     ] GC(52)   Pre Evacuate Collection Set: 1.8ms
[2022-08-07T19:42:41.209+0100][gc,phases     ] GC(52)   Evacuate Collection Set: 14.1ms
[2022-08-07T19:42:41.209+0100][gc,phases     ] GC(52)   Post Evacuate Collection Set: 0.5ms
[2022-08-07T19:42:41.209+0100][gc,phases     ] GC(52)   Other: 2.0ms
[2022-08-07T19:42:41.209+0100][gc,heap       ] GC(52) Eden regions: 59->0(62)
[2022-08-07T19:42:41.209+0100][gc,heap       ] GC(52) Survivor regions: 4->4(8)
[2022-08-07T19:42:41.209+0100][gc,heap       ] GC(52) Old regions: 31->31
[2022-08-07T19:42:41.209+0100][gc,heap       ] GC(52) Humongous regions: 129->129
[2022-08-07T19:42:41.209+0100][gc,metaspace  ] GC(52) Metaspace: 52732K->52732K(1097728K)
[2022-08-07T19:42:41.209+0100][gc            ] GC(52) Pause Young (Normal) (G1 Evacuation Pause) 222M->163M(1024M) 18.510ms
[2022-08-07T19:42:41.209+0100][gc,cpu        ] GC(52) User=0.03s Sys=0.06s Real=0.01s
[2022-08-07T20:53:35.270+0100][gc,start      ] GC(53) Pause Young (Normal) (G1 Evacuation Pause)
[2022-08-07T20:53:35.270+0100][gc,task       ] GC(53) Using 10 workers of 10 for evacuation
[2022-08-07T20:53:35.284+0100][gc,phases     ] GC(53)   Pre Evacuate Collection Set: 1.6ms
[2022-08-07T20:53:35.284+0100][gc,phases     ] GC(53)   Evacuate Collection Set: 10.8ms
[2022-08-07T20:53:35.284+0100][gc,phases     ] GC(53)   Post Evacuate Collection Set: 0.6ms
[2022-08-07T20:53:35.284+0100][gc,phases     ] GC(53)   Other: 0.9ms
[2022-08-07T20:53:35.284+0100][gc,heap       ] GC(53) Eden regions: 62->0(82)
[2022-08-07T20:53:35.284+0100][gc,heap       ] GC(53) Survivor regions: 4->4(9)
[2022-08-07T20:53:35.284+0100][gc,heap       ] GC(53) Old regions: 31->31
[2022-08-07T20:53:35.284+0100][gc,heap       ] GC(53) Humongous regions: 129->129
[2022-08-07T20:53:35.284+0100][gc,metaspace  ] GC(53) Metaspace: 52732K->52732K(1097728K)
[2022-08-07T20:53:35.284+0100][gc            ] GC(53) Pause Young (Normal) (G1 Evacuation Pause) 225M->163M(1024M) 14.549ms
[2022-08-07T20:53:35.285+0100][gc,cpu        ] GC(53) User=0.02s Sys=0.05s Real=0.01s
[2022-08-07T21:17:03.992+0100][gc,start      ] GC(54) Pause Young (Normal) (G1 Evacuation Pause)
[2022-08-07T21:17:03.994+0100][gc,task       ] GC(54) Using 10 workers of 10 for evacuation
[2022-08-07T21:17:04.005+0100][gc,phases     ] GC(54)   Pre Evacuate Collection Set: 0.0ms
[2022-08-07T21:17:04.005+0100][gc,phases     ] GC(54)   Evacuate Collection Set: 10.0ms
[2022-08-07T21:17:04.005+0100][gc,phases     ] GC(54)   Post Evacuate Collection Set: 0.2ms
[2022-08-07T21:17:04.005+0100][gc,phases     ] GC(54)   Other: 2.6ms
[2022-08-07T21:17:04.005+0100][gc,heap       ] GC(54) Eden regions: 82->0(111)
[2022-08-07T21:17:04.005+0100][gc,heap       ] GC(54) Survivor regions: 4->4(11)
[2022-08-07T21:17:04.005+0100][gc,heap       ] GC(54) Old regions: 31->31
[2022-08-07T21:17:04.005+0100][gc,heap       ] GC(54) Humongous regions: 129->129
[2022-08-07T21:17:04.005+0100][gc,metaspace  ] GC(54) Metaspace: 52732K->52732K(1097728K)
[2022-08-07T21:17:04.006+0100][gc            ] GC(54) Pause Young (Normal) (G1 Evacuation Pause) 245M->163M(1024M) 13.103ms
[2022-08-07T21:17:04.006+0100][gc,cpu        ] GC(54) User=0.02s Sys=0.04s Real=0.01s
[2022-08-08T05:20:51.601+0100][gc,start      ] GC(55) Pause Young (Normal) (G1 Evacuation Pause)
[2022-08-08T05:20:51.604+0100][gc,task       ] GC(55) Using 10 workers of 10 for evacuation
[2022-08-08T05:20:51.653+0100][gc,mmu        ] GC(55) MMU target violated: 21.0ms (20.0ms/21.0ms)
[2022-08-08T05:20:51.653+0100][gc,phases     ] GC(55)   Pre Evacuate Collection Set: 6.4ms
[2022-08-08T05:20:51.653+0100][gc,phases     ] GC(55)   Evacuate Collection Set: 28.8ms
[2022-08-08T05:20:51.653+0100][gc,phases     ] GC(55)   Post Evacuate Collection Set: 2.7ms
[2022-08-08T05:20:51.653+0100][gc,phases     ] GC(55)   Other: 14.5ms
[2022-08-08T05:20:51.653+0100][gc,heap       ] GC(55) Eden regions: 111->0(48)
[2022-08-08T05:20:51.653+0100][gc,heap       ] GC(55) Survivor regions: 4->3(15)
[2022-08-08T05:20:51.653+0100][gc,heap       ] GC(55) Old regions: 31->31
[2022-08-08T05:20:51.653+0100][gc,heap       ] GC(55) Humongous regions: 129->129
[2022-08-08T05:20:51.653+0100][gc,metaspace  ] GC(55) Metaspace: 52733K->52733K(1097728K)
[2022-08-08T05:20:51.654+0100][gc            ] GC(55) Pause Young (Normal) (G1 Evacuation Pause) 274M->162M(1024M) 52.970ms
[2022-08-08T05:20:51.654+0100][gc,cpu        ] GC(55) User=0.05s Sys=0.08s Real=0.05s
[2022-08-08T05:34:33.093+0100][gc,start      ] GC(56) Pause Young (Normal) (G1 Evacuation Pause)
[2022-08-08T05:34:33.094+0100][gc,task       ] GC(56) Using 10 workers of 10 for evacuation
[2022-08-08T05:34:33.100+0100][gc,phases     ] GC(56)   Pre Evacuate Collection Set: 0.0ms
[2022-08-08T05:34:33.100+0100][gc,phases     ] GC(56)   Evacuate Collection Set: 5.9ms
[2022-08-08T05:34:33.101+0100][gc,phases     ] GC(56)   Post Evacuate Collection Set: 0.2ms
[2022-08-08T05:34:33.101+0100][gc,phases     ] GC(56)   Other: 1.0ms
[2022-08-08T05:34:33.101+0100][gc,heap       ] GC(56) Eden regions: 48->0(48)
[2022-08-08T05:34:33.101+0100][gc,heap       ] GC(56) Survivor regions: 3->3(7)
[2022-08-08T05:34:33.101+0100][gc,heap       ] GC(56) Old regions: 31->31
[2022-08-08T05:34:33.101+0100][gc,heap       ] GC(56) Humongous regions: 129->129
[2022-08-08T05:34:33.101+0100][gc,metaspace  ] GC(56) Metaspace: 52733K->52733K(1097728K)
[2022-08-08T05:34:33.101+0100][gc            ] GC(56) Pause Young (Normal) (G1 Evacuation Pause) 210M->162M(1024M) 7.353ms
[2022-08-08T05:34:33.101+0100][gc,cpu        ] GC(56) User=0.01s Sys=0.02s Real=0.01s
[2022-08-08T05:48:16.860+0100][gc,start      ] GC(57) Pause Young (Normal) (G1 Evacuation Pause)
[2022-08-08T05:48:16.860+0100][gc,task       ] GC(57) Using 10 workers of 10 for evacuation
[2022-08-08T05:48:16.873+0100][gc,phases     ] GC(57)   Pre Evacuate Collection Set: 0.2ms
[2022-08-08T05:48:16.873+0100][gc,phases     ] GC(57)   Evacuate Collection Set: 11.9ms
[2022-08-08T05:48:16.873+0100][gc,phases     ] GC(57)   Post Evacuate Collection Set: 0.2ms
[2022-08-08T05:48:16.873+0100][gc,phases     ] GC(57)   Other: 0.7ms
[2022-08-08T05:48:16.873+0100][gc,heap       ] GC(57) Eden regions: 48->0(67)
[2022-08-08T05:48:16.873+0100][gc,heap       ] GC(57) Survivor regions: 3->4(7)
[2022-08-08T05:48:16.873+0100][gc,heap       ] GC(57) Old regions: 31->31
[2022-08-08T05:48:16.873+0100][gc,heap       ] GC(57) Humongous regions: 129->129
[2022-08-08T05:48:16.873+0100][gc,metaspace  ] GC(57) Metaspace: 52733K->52733K(1097728K)
[2022-08-08T05:48:16.874+0100][gc            ] GC(57) Pause Young (Normal) (G1 Evacuation Pause) 210M->163M(1024M) 13.828ms
[2022-08-08T05:48:16.874+0100][gc,cpu        ] GC(57) User=0.02s Sys=0.04s Real=0.01s
[2022-08-08T08:56:08.751+0100][gc,start      ] GC(58) Pause Young (Normal) (G1 Evacuation Pause)
[2022-08-08T08:56:08.752+0100][gc,task       ] GC(58) Using 10 workers of 10 for evacuation
[2022-08-08T08:56:08.813+0100][gc,mmu        ] GC(58) MMU target violated: 21.0ms (20.0ms/21.0ms)
[2022-08-08T08:56:08.813+0100][gc,phases     ] GC(58)   Pre Evacuate Collection Set: 6.2ms
[2022-08-08T08:56:08.813+0100][gc,phases     ] GC(58)   Evacuate Collection Set: 52.3ms
[2022-08-08T08:56:08.813+0100][gc,phases     ] GC(58)   Post Evacuate Collection Set: 1.7ms
[2022-08-08T08:56:08.813+0100][gc,phases     ] GC(58)   Other: 2.0ms
[2022-08-08T08:56:08.813+0100][gc,heap       ] GC(58) Eden regions: 67->0(47)
[2022-08-08T08:56:08.813+0100][gc,heap       ] GC(58) Survivor regions: 4->4(9)
[2022-08-08T08:56:08.814+0100][gc,heap       ] GC(58) Old regions: 31->31
[2022-08-08T08:56:08.814+0100][gc,heap       ] GC(58) Humongous regions: 129->129
[2022-08-08T08:56:08.814+0100][gc,metaspace  ] GC(58) Metaspace: 52755K->52755K(1097728K)
[2022-08-08T08:56:08.814+0100][gc            ] GC(58) Pause Young (Normal) (G1 Evacuation Pause) 230M->163M(1024M) 62.809ms
[2022-08-08T08:56:08.814+0100][gc,cpu        ] GC(58) User=0.08s Sys=0.20s Real=0.06s
[2022-08-08T10:01:32.576+0100][gc,start      ] GC(59) Pause Young (Normal) (G1 Evacuation Pause)
[2022-08-08T10:01:32.577+0100][gc,task       ] GC(59) Using 10 workers of 10 for evacuation
[2022-08-08T10:01:32.579+0100][gc,phases     ] GC(59)   Pre Evacuate Collection Set: 0.1ms
[2022-08-08T10:01:32.580+0100][gc,phases     ] GC(59)   Evacuate Collection Set: 2.2ms
[2022-08-08T10:01:32.580+0100][gc,phases     ] GC(59)   Post Evacuate Collection Set: 0.3ms
[2022-08-08T10:01:32.580+0100][gc,phases     ] GC(59)   Other: 0.5ms
[2022-08-08T10:01:32.580+0100][gc,heap       ] GC(59) Eden regions: 47->0(48)
[2022-08-08T10:01:32.580+0100][gc,heap       ] GC(59) Survivor regions: 4->3(7)
[2022-08-08T10:01:32.580+0100][gc,heap       ] GC(59) Old regions: 31->31
[2022-08-08T10:01:32.580+0100][gc,heap       ] GC(59) Humongous regions: 129->129
[2022-08-08T10:01:32.580+0100][gc,metaspace  ] GC(59) Metaspace: 52766K->52766K(1097728K)
[2022-08-08T10:01:32.580+0100][gc            ] GC(59) Pause Young (Normal) (G1 Evacuation Pause) 210M->162M(1024M) 3.368ms
[2022-08-08T10:01:32.580+0100][gc,cpu        ] GC(59) User=0.02s Sys=0.01s Real=0.01s
[2022-08-08T10:15:09.866+0100][gc,start      ] GC(60) Pause Young (Normal) (G1 Evacuation Pause)
[2022-08-08T10:15:09.866+0100][gc,task       ] GC(60) Using 10 workers of 10 for evacuation
[2022-08-08T10:15:09.878+0100][gc,phases     ] GC(60)   Pre Evacuate Collection Set: 1.6ms
[2022-08-08T10:15:09.878+0100][gc,phases     ] GC(60)   Evacuate Collection Set: 8.7ms
[2022-08-08T10:15:09.878+0100][gc,phases     ] GC(60)   Post Evacuate Collection Set: 0.5ms
[2022-08-08T10:15:09.878+0100][gc,phases     ] GC(60)   Other: 1.0ms
[2022-08-08T10:15:09.878+0100][gc,heap       ] GC(60) Eden regions: 48->0(48)
[2022-08-08T10:15:09.878+0100][gc,heap       ] GC(60) Survivor regions: 3->3(7)
[2022-08-08T10:15:09.878+0100][gc,heap       ] GC(60) Old regions: 31->31
[2022-08-08T10:15:09.878+0100][gc,heap       ] GC(60) Humongous regions: 129->129
[2022-08-08T10:15:09.878+0100][gc,metaspace  ] GC(60) Metaspace: 52766K->52766K(1097728K)
[2022-08-08T10:15:09.878+0100][gc            ] GC(60) Pause Young (Normal) (G1 Evacuation Pause) 210M->162M(1024M) 11.837ms
[2022-08-08T10:15:09.878+0100][gc,cpu        ] GC(60) User=0.01s Sys=0.04s Real=0.01s
[2022-08-08T10:28:52.573+0100][gc,start      ] GC(61) Pause Young (Normal) (G1 Evacuation Pause)
[2022-08-08T10:28:52.573+0100][gc,task       ] GC(61) Using 10 workers of 10 for evacuation
[2022-08-08T10:28:52.580+0100][gc,phases     ] GC(61)   Pre Evacuate Collection Set: 0.0ms
[2022-08-08T10:28:52.580+0100][gc,phases     ] GC(61)   Evacuate Collection Set: 6.1ms
[2022-08-08T10:28:52.580+0100][gc,phases     ] GC(61)   Post Evacuate Collection Set: 0.3ms
[2022-08-08T10:28:52.580+0100][gc,phases     ] GC(61)   Other: 0.4ms
[2022-08-08T10:28:52.580+0100][gc,heap       ] GC(61) Eden regions: 48->0(78)
[2022-08-08T10:28:52.580+0100][gc,heap       ] GC(61) Survivor regions: 3->4(7)
[2022-08-08T10:28:52.580+0100][gc,heap       ] GC(61) Old regions: 31->32
[2022-08-08T10:28:52.580+0100][gc,heap       ] GC(61) Humongous regions: 129->129
[2022-08-08T10:28:52.580+0100][gc,metaspace  ] GC(61) Metaspace: 52766K->52766K(1097728K)
[2022-08-08T10:28:52.581+0100][gc            ] GC(61) Pause Young (Normal) (G1 Evacuation Pause) 210M->163M(1024M) 7.692ms
[2022-08-08T10:28:52.581+0100][gc,cpu        ] GC(61) User=0.02s Sys=0.01s Real=0.01s
[2022-08-08T10:51:24.847+0100][gc,start      ] GC(62) Pause Young (Normal) (G1 Evacuation Pause)
[2022-08-08T10:51:24.848+0100][gc,task       ] GC(62) Using 10 workers of 10 for evacuation
[2022-08-08T10:51:24.855+0100][gc,phases     ] GC(62)   Pre Evacuate Collection Set: 0.0ms
[2022-08-08T10:51:24.855+0100][gc,phases     ] GC(62)   Evacuate Collection Set: 7.0ms
[2022-08-08T10:51:24.855+0100][gc,phases     ] GC(62)   Post Evacuate Collection Set: 0.2ms
[2022-08-08T10:51:24.855+0100][gc,phases     ] GC(62)   Other: 1.2ms
[2022-08-08T10:51:24.855+0100][gc,heap       ] GC(62) Eden regions: 78->0(154)
[2022-08-08T10:51:24.856+0100][gc,heap       ] GC(62) Survivor regions: 4->3(11)
[2022-08-08T10:51:24.856+0100][gc,heap       ] GC(62) Old regions: 32->32
[2022-08-08T10:51:24.856+0100][gc,heap       ] GC(62) Humongous regions: 129->129
[2022-08-08T10:51:24.856+0100][gc,metaspace  ] GC(62) Metaspace: 52766K->52766K(1097728K)
[2022-08-08T10:51:24.856+0100][gc            ] GC(62) Pause Young (Normal) (G1 Evacuation Pause) 241M->162M(1024M) 8.644ms
[2022-08-08T10:51:24.856+0100][gc,cpu        ] GC(62) User=0.01s Sys=0.02s Real=0.01s
[2022-08-08T11:35:17.623+0100][gc,start      ] GC(63) Pause Young (Normal) (G1 Evacuation Pause)
[2022-08-08T11:35:17.624+0100][gc,task       ] GC(63) Using 10 workers of 10 for evacuation
[2022-08-08T11:35:17.649+0100][gc,mmu        ] GC(63) MMU target violated: 21.0ms (20.0ms/21.0ms)
[2022-08-08T11:35:17.649+0100][gc,phases     ] GC(63)   Pre Evacuate Collection Set: 2.4ms
[2022-08-08T11:35:17.649+0100][gc,phases     ] GC(63)   Evacuate Collection Set: 17.4ms
[2022-08-08T11:35:17.649+0100][gc,phases     ] GC(63)   Post Evacuate Collection Set: 1.5ms
[2022-08-08T11:35:17.649+0100][gc,phases     ] GC(63)   Other: 5.7ms
[2022-08-08T11:35:17.649+0100][gc,heap       ] GC(63) Eden regions: 154->0(90)
[2022-08-08T11:35:17.649+0100][gc,heap       ] GC(63) Survivor regions: 3->4(20)
[2022-08-08T11:35:17.649+0100][gc,heap       ] GC(63) Old regions: 32->32
[2022-08-08T11:35:17.649+0100][gc,heap       ] GC(63) Humongous regions: 129->129
[2022-08-08T11:35:17.649+0100][gc,metaspace  ] GC(63) Metaspace: 52766K->52766K(1097728K)
[2022-08-08T11:35:17.649+0100][gc            ] GC(63) Pause Young (Normal) (G1 Evacuation Pause) 316M->163M(1024M) 25.989ms
[2022-08-08T11:35:17.649+0100][gc,cpu        ] GC(63) User=0.02s Sys=0.06s Real=0.02s
[2022-08-08T12:00:27.134+0100][gc,start      ] GC(64) Pause Young (Normal) (G1 Evacuation Pause)
[2022-08-08T12:00:27.135+0100][gc,task       ] GC(64) Using 10 workers of 10 for evacuation
[2022-08-08T12:00:27.171+0100][gc,mmu        ] GC(64) MMU target violated: 21.0ms (20.0ms/21.0ms)
[2022-08-08T12:00:27.171+0100][gc,phases     ] GC(64)   Pre Evacuate Collection Set: 2.7ms
[2022-08-08T12:00:27.171+0100][gc,phases     ] GC(64)   Evacuate Collection Set: 32.0ms
[2022-08-08T12:00:27.171+0100][gc,phases     ] GC(64)   Post Evacuate Collection Set: 1.1ms
[2022-08-08T12:00:27.172+0100][gc,phases     ] GC(64)   Other: 2.0ms
[2022-08-08T12:00:27.172+0100][gc,heap       ] GC(64) Eden regions: 90->0(47)
[2022-08-08T12:00:27.172+0100][gc,heap       ] GC(64) Survivor regions: 4->4(12)
[2022-08-08T12:00:27.172+0100][gc,heap       ] GC(64) Old regions: 32->32
[2022-08-08T12:00:27.172+0100][gc,heap       ] GC(64) Humongous regions: 129->129
[2022-08-08T12:00:27.172+0100][gc,metaspace  ] GC(64) Metaspace: 52766K->52766K(1097728K)
[2022-08-08T12:00:27.172+0100][gc            ] GC(64) Pause Young (Normal) (G1 Evacuation Pause) 253M->163M(1024M) 37.349ms
[2022-08-08T12:00:27.172+0100][gc,cpu        ] GC(64) User=0.05s Sys=0.13s Real=0.04s
[2022-08-08T12:13:49.007+0100][gc,start      ] GC(65) Pause Young (Normal) (G1 Evacuation Pause)
[2022-08-08T12:13:49.007+0100][gc,task       ] GC(65) Using 10 workers of 10 for evacuation
[2022-08-08T12:13:49.025+0100][gc,phases     ] GC(65)   Pre Evacuate Collection Set: 2.5ms
[2022-08-08T12:13:49.025+0100][gc,phases     ] GC(65)   Evacuate Collection Set: 14.4ms
[2022-08-08T12:13:49.025+0100][gc,phases     ] GC(65)   Post Evacuate Collection Set: 0.6ms
[2022-08-08T12:13:49.025+0100][gc,phases     ] GC(65)   Other: 0.9ms
[2022-08-08T12:13:49.025+0100][gc,heap       ] GC(65) Eden regions: 47->0(48)
[2022-08-08T12:13:49.025+0100][gc,heap       ] GC(65) Survivor regions: 4->3(7)
[2022-08-08T12:13:49.025+0100][gc,heap       ] GC(65) Old regions: 32->32
[2022-08-08T12:13:49.025+0100][gc,heap       ] GC(65) Humongous regions: 129->129
[2022-08-08T12:13:49.025+0100][gc,metaspace  ] GC(65) Metaspace: 52766K->52766K(1097728K)
[2022-08-08T12:13:49.025+0100][gc            ] GC(65) Pause Young (Normal) (G1 Evacuation Pause) 210M->162M(1024M) 18.592ms
[2022-08-08T12:13:49.025+0100][gc,cpu        ] GC(65) User=0.02s Sys=0.06s Real=0.02s
[2022-08-08T12:27:34.846+0100][gc,start      ] GC(66) Pause Young (Normal) (G1 Evacuation Pause)
[2022-08-08T12:27:34.847+0100][gc,task       ] GC(66) Using 10 workers of 10 for evacuation
[2022-08-08T12:27:34.859+0100][gc,phases     ] GC(66)   Pre Evacuate Collection Set: 0.0ms
[2022-08-08T12:27:34.859+0100][gc,phases     ] GC(66)   Evacuate Collection Set: 12.0ms
[2022-08-08T12:27:34.859+0100][gc,phases     ] GC(66)   Post Evacuate Collection Set: 0.2ms
[2022-08-08T12:27:34.859+0100][gc,phases     ] GC(66)   Other: 1.3ms
[2022-08-08T12:27:34.860+0100][gc,heap       ] GC(66) Eden regions: 48->0(47)
[2022-08-08T12:27:34.860+0100][gc,heap       ] GC(66) Survivor regions: 3->4(7)
[2022-08-08T12:27:34.860+0100][gc,heap       ] GC(66) Old regions: 32->32
[2022-08-08T12:27:34.860+0100][gc,heap       ] GC(66) Humongous regions: 129->129
[2022-08-08T12:27:34.860+0100][gc,metaspace  ] GC(66) Metaspace: 52766K->52766K(1097728K)
[2022-08-08T12:27:34.860+0100][gc            ] GC(66) Pause Young (Normal) (G1 Evacuation Pause) 210M->163M(1024M) 13.748ms
[2022-08-08T12:27:34.860+0100][gc,cpu        ] GC(66) User=0.02s Sys=0.05s Real=0.02s
[2022-08-08T12:40:58.050+0100][gc,start      ] GC(67) Pause Young (Normal) (G1 Evacuation Pause)
[2022-08-08T12:40:58.051+0100][gc,task       ] GC(67) Using 10 workers of 10 for evacuation
[2022-08-08T12:40:58.064+0100][gc,phases     ] GC(67)   Pre Evacuate Collection Set: 1.5ms
[2022-08-08T12:40:58.064+0100][gc,phases     ] GC(67)   Evacuate Collection Set: 9.3ms
[2022-08-08T12:40:58.064+0100][gc,phases     ] GC(67)   Post Evacuate Collection Set: 1.2ms
[2022-08-08T12:40:58.064+0100][gc,phases     ] GC(67)   Other: 1.8ms
[2022-08-08T12:40:58.064+0100][gc,heap       ] GC(67) Eden regions: 47->0(82)
[2022-08-08T12:40:58.064+0100][gc,heap       ] GC(67) Survivor regions: 4->3(7)
[2022-08-08T12:40:58.064+0100][gc,heap       ] GC(67) Old regions: 32->32
[2022-08-08T12:40:58.064+0100][gc,heap       ] GC(67) Humongous regions: 129->129
[2022-08-08T12:40:58.064+0100][gc,metaspace  ] GC(67) Metaspace: 52766K->52766K(1097728K)
[2022-08-08T12:40:58.064+0100][gc            ] GC(67) Pause Young (Normal) (G1 Evacuation Pause) 210M->162M(1024M) 13.891ms
[2022-08-08T12:40:58.064+0100][gc,cpu        ] GC(67) User=0.02s Sys=0.05s Real=0.01s
[2022-08-08T13:03:47.691+0100][gc,start      ] GC(68) Pause Young (Normal) (G1 Evacuation Pause)
[2022-08-08T13:03:47.692+0100][gc,task       ] GC(68) Using 10 workers of 10 for evacuation
[2022-08-08T13:03:47.707+0100][gc,phases     ] GC(68)   Pre Evacuate Collection Set: 1.8ms
[2022-08-08T13:03:47.707+0100][gc,phases     ] GC(68)   Evacuate Collection Set: 11.6ms
[2022-08-08T13:03:47.707+0100][gc,phases     ] GC(68)   Post Evacuate Collection Set: 0.5ms
[2022-08-08T13:03:47.707+0100][gc,phases     ] GC(68)   Other: 2.3ms
[2022-08-08T13:03:47.707+0100][gc,heap       ] GC(68) Eden regions: 82->0(121)
[2022-08-08T13:03:47.707+0100][gc,heap       ] GC(68) Survivor regions: 3->3(11)
[2022-08-08T13:03:47.707+0100][gc,heap       ] GC(68) Old regions: 32->32
[2022-08-08T13:03:47.707+0100][gc,heap       ] GC(68) Humongous regions: 129->129
[2022-08-08T13:03:47.707+0100][gc,metaspace  ] GC(68) Metaspace: 52768K->52768K(1097728K)
[2022-08-08T13:03:47.707+0100][gc            ] GC(68) Pause Young (Normal) (G1 Evacuation Pause) 244M->162M(1024M) 16.322ms
[2022-08-08T13:03:47.707+0100][gc,cpu        ] GC(68) User=0.02s Sys=0.06s Real=0.01s
[2022-08-08T13:38:44.598+0100][gc,start      ] GC(69) Pause Young (Normal) (G1 Evacuation Pause)
[2022-08-08T13:38:44.598+0100][gc,task       ] GC(69) Using 10 workers of 10 for evacuation
[2022-08-08T13:38:44.606+0100][gc,phases     ] GC(69)   Pre Evacuate Collection Set: 0.0ms
[2022-08-08T13:38:44.606+0100][gc,phases     ] GC(69)   Evacuate Collection Set: 7.1ms
[2022-08-08T13:38:44.606+0100][gc,phases     ] GC(69)   Post Evacuate Collection Set: 0.6ms
[2022-08-08T13:38:44.606+0100][gc,phases     ] GC(69)   Other: 0.2ms
[2022-08-08T13:38:44.606+0100][gc,heap       ] GC(69) Eden regions: 121->0(163)
[2022-08-08T13:38:44.606+0100][gc,heap       ] GC(69) Survivor regions: 3->3(16)
[2022-08-08T13:38:44.606+0100][gc,heap       ] GC(69) Old regions: 32->32
[2022-08-08T13:38:44.606+0100][gc,heap       ] GC(69) Humongous regions: 129->129
[2022-08-08T13:38:44.606+0100][gc,metaspace  ] GC(69) Metaspace: 52768K->52768K(1097728K)
[2022-08-08T13:38:44.606+0100][gc            ] GC(69) Pause Young (Normal) (G1 Evacuation Pause) 283M->162M(1024M) 8.031ms
[2022-08-08T13:38:44.606+0100][gc,cpu        ] GC(69) User=0.02s Sys=0.03s Real=0.01s
[2022-08-08T14:25:08.413+0100][gc,start      ] GC(70) Pause Young (Normal) (G1 Evacuation Pause)
[2022-08-08T14:25:08.414+0100][gc,task       ] GC(70) Using 10 workers of 10 for evacuation
[2022-08-08T14:25:08.490+0100][gc,mmu        ] GC(70) MMU target violated: 21.0ms (20.0ms/21.0ms)
[2022-08-08T14:25:08.490+0100][gc,phases     ] GC(70)   Pre Evacuate Collection Set: 3.2ms
[2022-08-08T14:25:08.490+0100][gc,phases     ] GC(70)   Evacuate Collection Set: 64.7ms
[2022-08-08T14:25:08.490+0100][gc,phases     ] GC(70)   Post Evacuate Collection Set: 2.9ms
[2022-08-08T14:25:08.490+0100][gc,phases     ] GC(70)   Other: 7.2ms
[2022-08-08T14:25:08.490+0100][gc,heap       ] GC(70) Eden regions: 163->0(47)
[2022-08-08T14:25:08.490+0100][gc,heap       ] GC(70) Survivor regions: 3->4(21)
[2022-08-08T14:25:08.490+0100][gc,heap       ] GC(70) Old regions: 32->32
[2022-08-08T14:25:08.490+0100][gc,heap       ] GC(70) Humongous regions: 129->129
[2022-08-08T14:25:08.490+0100][gc,metaspace  ] GC(70) Metaspace: 52770K->52770K(1097728K)
[2022-08-08T14:25:08.490+0100][gc            ] GC(70) Pause Young (Normal) (G1 Evacuation Pause) 325M->163M(1024M) 77.281ms
[2022-08-08T14:25:08.490+0100][gc,cpu        ] GC(70) User=0.08s Sys=0.13s Real=0.08s
[2022-08-08T14:38:36.794+0100][gc,start      ] GC(71) Pause Young (Normal) (G1 Evacuation Pause)
[2022-08-08T14:38:36.794+0100][gc,task       ] GC(71) Using 10 workers of 10 for evacuation
[2022-08-08T14:38:36.817+0100][gc,mmu        ] GC(71) MMU target violated: 21.0ms (20.0ms/21.0ms)
[2022-08-08T14:38:36.818+0100][gc,phases     ] GC(71)   Pre Evacuate Collection Set: 6.1ms
[2022-08-08T14:38:36.818+0100][gc,phases     ] GC(71)   Evacuate Collection Set: 13.7ms
[2022-08-08T14:38:36.818+0100][gc,phases     ] GC(71)   Post Evacuate Collection Set: 2.5ms
[2022-08-08T14:38:36.818+0100][gc,phases     ] GC(71)   Other: 1.7ms
[2022-08-08T14:38:36.818+0100][gc,heap       ] GC(71) Eden regions: 47->0(48)
[2022-08-08T14:38:36.818+0100][gc,heap       ] GC(71) Survivor regions: 4->3(7)
[2022-08-08T14:38:36.818+0100][gc,heap       ] GC(71) Old regions: 32->32
[2022-08-08T14:38:36.818+0100][gc,heap       ] GC(71) Humongous regions: 129->129
[2022-08-08T14:38:36.818+0100][gc,metaspace  ] GC(71) Metaspace: 52770K->52770K(1097728K)
[2022-08-08T14:38:36.818+0100][gc            ] GC(71) Pause Young (Normal) (G1 Evacuation Pause) 210M->163M(1024M) 24.570ms
[2022-08-08T14:38:36.818+0100][gc,cpu        ] GC(71) User=0.01s Sys=0.04s Real=0.02s
[2022-08-08T14:52:17.693+0100][gc,start      ] GC(72) Pause Young (Normal) (G1 Evacuation Pause)
[2022-08-08T14:52:17.693+0100][gc,task       ] GC(72) Using 10 workers of 10 for evacuation
[2022-08-08T14:52:17.707+0100][gc,phases     ] GC(72)   Pre Evacuate Collection Set: 1.4ms
[2022-08-08T14:52:17.707+0100][gc,phases     ] GC(72)   Evacuate Collection Set: 11.0ms
[2022-08-08T14:52:17.707+0100][gc,phases     ] GC(72)   Post Evacuate Collection Set: 0.5ms
[2022-08-08T14:52:17.707+0100][gc,phases     ] GC(72)   Other: 1.3ms
[2022-08-08T14:52:17.707+0100][gc,heap       ] GC(72) Eden regions: 48->0(48)
[2022-08-08T14:52:17.707+0100][gc,heap       ] GC(72) Survivor regions: 3->3(7)
[2022-08-08T14:52:17.707+0100][gc,heap       ] GC(72) Old regions: 32->32
[2022-08-08T14:52:17.707+0100][gc,heap       ] GC(72) Humongous regions: 129->129
[2022-08-08T14:52:17.707+0100][gc,metaspace  ] GC(72) Metaspace: 52783K->52783K(1097728K)
[2022-08-08T14:52:17.707+0100][gc            ] GC(72) Pause Young (Normal) (G1 Evacuation Pause) 211M->162M(1024M) 14.353ms
[2022-08-08T14:52:17.707+0100][gc,cpu        ] GC(72) User=0.02s Sys=0.05s Real=0.01s
[2022-08-08T15:05:12.695+0100][gc,start      ] GC(73) Pause Young (Normal) (G1 Evacuation Pause)
[2022-08-08T15:05:12.697+0100][gc,task       ] GC(73) Using 10 workers of 10 for evacuation
[2022-08-08T15:05:12.781+0100][gc,mmu        ] GC(73) MMU target violated: 21.0ms (20.0ms/21.0ms)
[2022-08-08T15:05:12.781+0100][gc,phases     ] GC(73)   Pre Evacuate Collection Set: 2.7ms
[2022-08-08T15:05:12.781+0100][gc,phases     ] GC(73)   Evacuate Collection Set: 80.0ms
[2022-08-08T15:05:12.781+0100][gc,phases     ] GC(73)   Post Evacuate Collection Set: 0.7ms
[2022-08-08T15:05:12.781+0100][gc,phases     ] GC(73)   Other: 2.8ms
[2022-08-08T15:05:12.781+0100][gc,heap       ] GC(73) Eden regions: 48->0(47)
[2022-08-08T15:05:12.781+0100][gc,heap       ] GC(73) Survivor regions: 3->4(7)
[2022-08-08T15:05:12.781+0100][gc,heap       ] GC(73) Old regions: 32->32
[2022-08-08T15:05:12.781+0100][gc,heap       ] GC(73) Humongous regions: 129->129
[2022-08-08T15:05:12.781+0100][gc,metaspace  ] GC(73) Metaspace: 52789K->52789K(1097728K)
[2022-08-08T15:05:12.781+0100][gc            ] GC(73) Pause Young (Normal) (G1 Evacuation Pause) 210M->163M(1024M) 86.260ms
[2022-08-08T15:05:12.781+0100][gc,cpu        ] GC(73) User=0.05s Sys=0.12s Real=0.09s
[2022-08-08T15:18:31.694+0100][gc,start      ] GC(74) Pause Young (Normal) (G1 Evacuation Pause)
[2022-08-08T15:18:31.694+0100][gc,task       ] GC(74) Using 10 workers of 10 for evacuation
[2022-08-08T15:18:31.798+0100][gc,mmu        ] GC(74) MMU target violated: 21.0ms (20.0ms/21.0ms)
[2022-08-08T15:18:31.798+0100][gc,phases     ] GC(74)   Pre Evacuate Collection Set: 4.9ms
[2022-08-08T15:18:31.798+0100][gc,phases     ] GC(74)   Evacuate Collection Set: 96.0ms
[2022-08-08T15:18:31.798+0100][gc,phases     ] GC(74)   Post Evacuate Collection Set: 0.5ms
[2022-08-08T15:18:31.798+0100][gc,phases     ] GC(74)   Other: 5.0ms
[2022-08-08T15:18:31.798+0100][gc,heap       ] GC(74) Eden regions: 47->0(48)
[2022-08-08T15:18:31.798+0100][gc,heap       ] GC(74) Survivor regions: 4->3(7)
[2022-08-08T15:18:31.798+0100][gc,heap       ] GC(74) Old regions: 32->32
[2022-08-08T15:18:31.799+0100][gc,heap       ] GC(74) Humongous regions: 129->129
[2022-08-08T15:18:31.799+0100][gc,metaspace  ] GC(74) Metaspace: 52789K->52789K(1097728K)
[2022-08-08T15:18:31.799+0100][gc            ] GC(74) Pause Young (Normal) (G1 Evacuation Pause) 210M->162M(1024M) 105.399ms
[2022-08-08T15:18:31.799+0100][gc,cpu        ] GC(74) User=0.55s Sys=0.10s Real=0.10s
[2022-08-08T15:32:15.594+0100][gc,start      ] GC(75) Pause Young (Normal) (G1 Evacuation Pause)
[2022-08-08T15:32:15.595+0100][gc,task       ] GC(75) Using 10 workers of 10 for evacuation
[2022-08-08T15:32:15.643+0100][gc,mmu        ] GC(75) MMU target violated: 21.0ms (20.0ms/21.0ms)
[2022-08-08T15:32:15.643+0100][gc,phases     ] GC(75)   Pre Evacuate Collection Set: 3.1ms
[2022-08-08T15:32:15.643+0100][gc,phases     ] GC(75)   Evacuate Collection Set: 39.2ms
[2022-08-08T15:32:15.643+0100][gc,phases     ] GC(75)   Post Evacuate Collection Set: 0.4ms
[2022-08-08T15:32:15.643+0100][gc,phases     ] GC(75)   Other: 6.2ms
[2022-08-08T15:32:15.643+0100][gc,heap       ] GC(75) Eden regions: 48->0(47)
[2022-08-08T15:32:15.643+0100][gc,heap       ] GC(75) Survivor regions: 3->4(7)
[2022-08-08T15:32:15.643+0100][gc,heap       ] GC(75) Old regions: 32->32
[2022-08-08T15:32:15.643+0100][gc,heap       ] GC(75) Humongous regions: 129->129
[2022-08-08T15:32:15.643+0100][gc,metaspace  ] GC(75) Metaspace: 52789K->52789K(1097728K)
[2022-08-08T15:32:15.644+0100][gc            ] GC(75) Pause Young (Normal) (G1 Evacuation Pause) 210M->163M(1024M) 49.534ms
[2022-08-08T15:32:15.644+0100][gc,cpu        ] GC(75) User=0.02s Sys=0.10s Real=0.05s
[2022-08-08T15:45:38.388+0100][gc,start      ] GC(76) Pause Young (Normal) (G1 Evacuation Pause)
[2022-08-08T15:45:38.389+0100][gc,task       ] GC(76) Using 10 workers of 10 for evacuation
[2022-08-08T15:45:38.406+0100][gc,phases     ] GC(76)   Pre Evacuate Collection Set: 1.9ms
[2022-08-08T15:45:38.406+0100][gc,phases     ] GC(76)   Evacuate Collection Set: 11.9ms
[2022-08-08T15:45:38.406+0100][gc,phases     ] GC(76)   Post Evacuate Collection Set: 0.5ms
[2022-08-08T15:45:38.406+0100][gc,phases     ] GC(76)   Other: 4.3ms
[2022-08-08T15:45:38.406+0100][gc,heap       ] GC(76) Eden regions: 47->0(48)
[2022-08-08T15:45:38.406+0100][gc,heap       ] GC(76) Survivor regions: 4->3(7)
[2022-08-08T15:45:38.406+0100][gc,heap       ] GC(76) Old regions: 32->32
[2022-08-08T15:45:38.406+0100][gc,heap       ] GC(76) Humongous regions: 129->129
[2022-08-08T15:45:38.406+0100][gc,metaspace  ] GC(76) Metaspace: 52789K->52789K(1097728K)
[2022-08-08T15:45:38.406+0100][gc            ] GC(76) Pause Young (Normal) (G1 Evacuation Pause) 210M->163M(1024M) 18.677ms
[2022-08-08T15:45:38.406+0100][gc,cpu        ] GC(76) User=0.02s Sys=0.05s Real=0.02s
[2022-08-08T15:58:34.994+0100][gc,start      ] GC(77) Pause Young (Normal) (G1 Evacuation Pause)
[2022-08-08T15:58:35.007+0100][gc,task       ] GC(77) Using 10 workers of 10 for evacuation
[2022-08-08T15:58:35.030+0100][gc,mmu        ] GC(77) MMU target violated: 21.0ms (20.0ms/21.0ms)
[2022-08-08T15:58:35.030+0100][gc,phases     ] GC(77)   Pre Evacuate Collection Set: 0.1ms
[2022-08-08T15:58:35.030+0100][gc,phases     ] GC(77)   Evacuate Collection Set: 21.9ms
[2022-08-08T15:58:35.030+0100][gc,phases     ] GC(77)   Post Evacuate Collection Set: 0.3ms
[2022-08-08T15:58:35.030+0100][gc,phases     ] GC(77)   Other: 13.6ms
[2022-08-08T15:58:35.030+0100][gc,heap       ] GC(77) Eden regions: 48->0(47)
[2022-08-08T15:58:35.030+0100][gc,heap       ] GC(77) Survivor regions: 3->4(7)
[2022-08-08T15:58:35.030+0100][gc,heap       ] GC(77) Old regions: 32->32
[2022-08-08T15:58:35.030+0100][gc,heap       ] GC(77) Humongous regions: 129->129
[2022-08-08T15:58:35.030+0100][gc,metaspace  ] GC(77) Metaspace: 52802K->52802K(1097728K)
[2022-08-08T15:58:35.030+0100][gc            ] GC(77) Pause Young (Normal) (G1 Evacuation Pause) 211M->164M(1024M) 36.541ms
[2022-08-08T15:58:35.031+0100][gc,cpu        ] GC(77) User=0.04s Sys=0.08s Real=0.04s
[2022-08-08T16:11:55.669+0100][gc,start      ] GC(78) Pause Young (Normal) (G1 Evacuation Pause)
[2022-08-08T16:11:55.670+0100][gc,task       ] GC(78) Using 10 workers of 10 for evacuation
[2022-08-08T16:11:55.673+0100][gc,phases     ] GC(78)   Pre Evacuate Collection Set: 0.1ms
[2022-08-08T16:11:55.673+0100][gc,phases     ] GC(78)   Evacuate Collection Set: 2.3ms
[2022-08-08T16:11:55.673+0100][gc,phases     ] GC(78)   Post Evacuate Collection Set: 0.3ms
[2022-08-08T16:11:55.673+0100][gc,phases     ] GC(78)   Other: 1.2ms
[2022-08-08T16:11:55.673+0100][gc,heap       ] GC(78) Eden regions: 47->0(47)
[2022-08-08T16:11:55.673+0100][gc,heap       ] GC(78) Survivor regions: 4->4(7)
[2022-08-08T16:11:55.673+0100][gc,heap       ] GC(78) Old regions: 32->32
[2022-08-08T16:11:55.673+0100][gc,heap       ] GC(78) Humongous regions: 129->129
[2022-08-08T16:11:55.673+0100][gc,metaspace  ] GC(78) Metaspace: 52809K->52809K(1097728K)
[2022-08-08T16:11:55.673+0100][gc            ] GC(78) Pause Young (Normal) (G1 Evacuation Pause) 211M->163M(1024M) 4.112ms
[2022-08-08T16:11:55.673+0100][gc,cpu        ] GC(78) User=0.01s Sys=0.00s Real=0.01s
[2022-08-08T16:25:16.142+0100][gc,start      ] GC(79) Pause Young (Normal) (G1 Evacuation Pause)
[2022-08-08T16:25:16.142+0100][gc,task       ] GC(79) Using 10 workers of 10 for evacuation
[2022-08-08T16:25:16.148+0100][gc,phases     ] GC(79)   Pre Evacuate Collection Set: 0.0ms
[2022-08-08T16:25:16.149+0100][gc,phases     ] GC(79)   Evacuate Collection Set: 6.1ms
[2022-08-08T16:25:16.149+0100][gc,phases     ] GC(79)   Post Evacuate Collection Set: 0.2ms
[2022-08-08T16:25:16.149+0100][gc,phases     ] GC(79)   Other: 0.3ms
[2022-08-08T16:25:16.149+0100][gc,heap       ] GC(79) Eden regions: 47->0(48)
[2022-08-08T16:25:16.149+0100][gc,heap       ] GC(79) Survivor regions: 4->3(7)
[2022-08-08T16:25:16.149+0100][gc,heap       ] GC(79) Old regions: 32->32
[2022-08-08T16:25:16.149+0100][gc,heap       ] GC(79) Humongous regions: 129->129
[2022-08-08T16:25:16.149+0100][gc,metaspace  ] GC(79) Metaspace: 52809K->52809K(1097728K)
[2022-08-08T16:25:16.150+0100][gc            ] GC(79) Pause Young (Normal) (G1 Evacuation Pause) 210M->162M(1024M) 7.709ms
[2022-08-08T16:25:16.150+0100][gc,cpu        ] GC(79) User=0.02s Sys=0.02s Real=0.01s
[2022-08-08T16:38:57.804+0100][gc,start      ] GC(80) Pause Young (Normal) (G1 Evacuation Pause)
[2022-08-08T16:38:57.804+0100][gc,task       ] GC(80) Using 10 workers of 10 for evacuation
[2022-08-08T16:38:57.812+0100][gc,phases     ] GC(80)   Pre Evacuate Collection Set: 0.2ms
[2022-08-08T16:38:57.812+0100][gc,phases     ] GC(80)   Evacuate Collection Set: 7.5ms
[2022-08-08T16:38:57.812+0100][gc,phases     ] GC(80)   Post Evacuate Collection Set: 0.2ms
[2022-08-08T16:38:57.812+0100][gc,phases     ] GC(80)   Other: 0.4ms
[2022-08-08T16:38:57.812+0100][gc,heap       ] GC(80) Eden regions: 48->0(61)
[2022-08-08T16:38:57.812+0100][gc,heap       ] GC(80) Survivor regions: 3->4(7)
[2022-08-08T16:38:57.812+0100][gc,heap       ] GC(80) Old regions: 32->32
[2022-08-08T16:38:57.812+0100][gc,heap       ] GC(80) Humongous regions: 129->129
[2022-08-08T16:38:57.812+0100][gc,metaspace  ] GC(80) Metaspace: 52809K->52809K(1097728K)
[2022-08-08T16:38:57.812+0100][gc            ] GC(80) Pause Young (Normal) (G1 Evacuation Pause) 210M->163M(1024M) 8.493ms
[2022-08-08T16:38:57.812+0100][gc,cpu        ] GC(80) User=0.03s Sys=0.03s Real=0.01s
[2022-08-08T16:55:20.976+0100][gc,start      ] GC(81) Pause Young (Normal) (G1 Evacuation Pause)
[2022-08-08T16:55:20.976+0100][gc,task       ] GC(81) Using 10 workers of 10 for evacuation
[2022-08-08T16:55:20.988+0100][gc,phases     ] GC(81)   Pre Evacuate Collection Set: 0.0ms
[2022-08-08T16:55:20.988+0100][gc,phases     ] GC(81)   Evacuate Collection Set: 12.0ms
[2022-08-08T16:55:20.988+0100][gc,phases     ] GC(81)   Post Evacuate Collection Set: 0.2ms
[2022-08-08T16:55:20.988+0100][gc,phases     ] GC(81)   Other: 0.4ms
[2022-08-08T16:55:20.988+0100][gc,heap       ] GC(81) Eden regions: 60->0(77)
[2022-08-08T16:55:20.988+0100][gc,heap       ] GC(81) Survivor regions: 4->4(8)
[2022-08-08T16:55:20.988+0100][gc,heap       ] GC(81) Old regions: 32->32
[2022-08-08T16:55:20.988+0100][gc,heap       ] GC(81) Humongous regions: 129->129
[2022-08-08T16:55:20.988+0100][gc,metaspace  ] GC(81) Metaspace: 52809K->52809K(1097728K)
[2022-08-08T16:55:20.989+0100][gc            ] GC(81) Pause Young (Normal) (G1 Evacuation Pause) 223M->163M(1024M) 12.840ms
[2022-08-08T16:55:20.989+0100][gc,cpu        ] GC(81) User=0.02s Sys=0.04s Real=0.01s
[2022-08-08T17:42:41.011+0100][gc,start      ] GC(82) Pause Young (Normal) (G1 Evacuation Pause)
[2022-08-08T17:42:41.011+0100][gc,task       ] GC(82) Using 10 workers of 10 for evacuation
[2022-08-08T17:42:41.027+0100][gc,phases     ] GC(82)   Pre Evacuate Collection Set: 1.1ms
[2022-08-08T17:42:41.027+0100][gc,phases     ] GC(82)   Evacuate Collection Set: 14.0ms
[2022-08-08T17:42:41.027+0100][gc,phases     ] GC(82)   Post Evacuate Collection Set: 0.5ms
[2022-08-08T17:42:41.028+0100][gc,phases     ] GC(82)   Other: 1.7ms
[2022-08-08T17:42:41.028+0100][gc,heap       ] GC(82) Eden regions: 77->0(96)
[2022-08-08T17:42:41.028+0100][gc,heap       ] GC(82) Survivor regions: 4->3(11)
[2022-08-08T17:42:41.028+0100][gc,heap       ] GC(82) Old regions: 32->32
[2022-08-08T17:42:41.028+0100][gc,heap       ] GC(82) Humongous regions: 129->129
[2022-08-08T17:42:41.028+0100][gc,metaspace  ] GC(82) Metaspace: 52812K->52812K(1097728K)
[2022-08-08T17:42:41.028+0100][gc            ] GC(82) Pause Young (Normal) (G1 Evacuation Pause) 240M->163M(1024M) 16.964ms
[2022-08-08T17:42:41.028+0100][gc,cpu        ] GC(82) User=0.01s Sys=0.06s Real=0.01s
[2022-08-08T18:10:10.681+0100][gc,start      ] GC(83) Pause Young (Normal) (G1 Evacuation Pause)
[2022-08-08T18:10:10.682+0100][gc,task       ] GC(83) Using 10 workers of 10 for evacuation
[2022-08-08T18:10:10.714+0100][gc,mmu        ] GC(83) MMU target violated: 21.0ms (20.0ms/21.0ms)
[2022-08-08T18:10:10.714+0100][gc,phases     ] GC(83)   Pre Evacuate Collection Set: 1.6ms
[2022-08-08T18:10:10.714+0100][gc,phases     ] GC(83)   Evacuate Collection Set: 24.1ms
[2022-08-08T18:10:10.714+0100][gc,phases     ] GC(83)   Post Evacuate Collection Set: 1.1ms
[2022-08-08T18:10:10.714+0100][gc,phases     ] GC(83)   Other: 6.8ms
[2022-08-08T18:10:10.714+0100][gc,heap       ] GC(83) Eden regions: 96->0(47)
[2022-08-08T18:10:10.714+0100][gc,heap       ] GC(83) Survivor regions: 3->4(13)
[2022-08-08T18:10:10.714+0100][gc,heap       ] GC(83) Old regions: 32->32
[2022-08-08T18:10:10.714+0100][gc,heap       ] GC(83) Humongous regions: 129->129
[2022-08-08T18:10:10.714+0100][gc,metaspace  ] GC(83) Metaspace: 52812K->52812K(1097728K)
[2022-08-08T18:10:10.714+0100][gc            ] GC(83) Pause Young (Normal) (G1 Evacuation Pause) 259M->163M(1024M) 32.859ms
[2022-08-08T18:10:10.714+0100][gc,cpu        ] GC(83) User=0.03s Sys=0.09s Real=0.03s
[2022-08-08T18:22:47.669+0100][gc,start      ] GC(84) Pause Young (Normal) (G1 Evacuation Pause)
[2022-08-08T18:22:47.670+0100][gc,task       ] GC(84) Using 10 workers of 10 for evacuation
[2022-08-08T18:22:47.684+0100][gc,phases     ] GC(84)   Pre Evacuate Collection Set: 1.5ms
[2022-08-08T18:22:47.685+0100][gc,phases     ] GC(84)   Evacuate Collection Set: 10.1ms
[2022-08-08T18:22:47.685+0100][gc,phases     ] GC(84)   Post Evacuate Collection Set: 1.0ms
[2022-08-08T18:22:47.685+0100][gc,phases     ] GC(84)   Other: 2.8ms
[2022-08-08T18:22:47.685+0100][gc,heap       ] GC(84) Eden regions: 47->0(55)
[2022-08-08T18:22:47.685+0100][gc,heap       ] GC(84) Survivor regions: 4->3(7)
[2022-08-08T18:22:47.685+0100][gc,heap       ] GC(84) Old regions: 32->32
[2022-08-08T18:22:47.685+0100][gc,heap       ] GC(84) Humongous regions: 129->129
[2022-08-08T18:22:47.685+0100][gc,metaspace  ] GC(84) Metaspace: 52812K->52812K(1097728K)
[2022-08-08T18:22:47.685+0100][gc            ] GC(84) Pause Young (Normal) (G1 Evacuation Pause) 210M->162M(1024M) 15.541ms
[2022-08-08T18:22:47.685+0100][gc,cpu        ] GC(84) User=0.02s Sys=0.05s Real=0.02s
[2022-08-08T18:38:30.322+0100][gc,start      ] GC(85) Pause Young (Normal) (G1 Evacuation Pause)
[2022-08-08T18:38:30.322+0100][gc,task       ] GC(85) Using 10 workers of 10 for evacuation
[2022-08-08T18:38:30.330+0100][gc,phases     ] GC(85)   Pre Evacuate Collection Set: 0.0ms
[2022-08-08T18:38:30.330+0100][gc,phases     ] GC(85)   Evacuate Collection Set: 7.3ms
[2022-08-08T18:38:30.330+0100][gc,phases     ] GC(85)   Post Evacuate Collection Set: 0.2ms
[2022-08-08T18:38:30.330+0100][gc,phases     ] GC(85)   Other: 0.5ms
[2022-08-08T18:38:30.330+0100][gc,heap       ] GC(85) Eden regions: 55->0(79)
[2022-08-08T18:38:30.330+0100][gc,heap       ] GC(85) Survivor regions: 3->3(8)
[2022-08-08T18:38:30.330+0100][gc,heap       ] GC(85) Old regions: 32->32
[2022-08-08T18:38:30.330+0100][gc,heap       ] GC(85) Humongous regions: 129->129
[2022-08-08T18:38:30.331+0100][gc,metaspace  ] GC(85) Metaspace: 52812K->52812K(1097728K)
[2022-08-08T18:38:30.331+0100][gc            ] GC(85) Pause Young (Normal) (G1 Evacuation Pause) 217M->162M(1024M) 8.228ms
[2022-08-08T18:38:30.331+0100][gc,cpu        ] GC(85) User=0.02s Sys=0.03s Real=0.01s
[2022-08-08T19:01:09.467+0100][gc,start      ] GC(86) Pause Young (Normal) (G1 Evacuation Pause)
[2022-08-08T19:01:09.468+0100][gc,task       ] GC(86) Using 10 workers of 10 for evacuation
[2022-08-08T19:01:09.483+0100][gc,phases     ] GC(86)   Pre Evacuate Collection Set: 1.7ms
[2022-08-08T19:01:09.483+0100][gc,phases     ] GC(86)   Evacuate Collection Set: 12.5ms
[2022-08-08T19:01:09.483+0100][gc,phases     ] GC(86)   Post Evacuate Collection Set: 0.5ms
[2022-08-08T19:01:09.483+0100][gc,phases     ] GC(86)   Other: 1.0ms
[2022-08-08T19:01:09.483+0100][gc,heap       ] GC(86) Eden regions: 79->0(92)
[2022-08-08T19:01:09.483+0100][gc,heap       ] GC(86) Survivor regions: 3->4(11)
[2022-08-08T19:01:09.483+0100][gc,heap       ] GC(86) Old regions: 32->32
[2022-08-08T19:01:09.483+0100][gc,heap       ] GC(86) Humongous regions: 129->129
[2022-08-08T19:01:09.483+0100][gc,metaspace  ] GC(86) Metaspace: 52812K->52812K(1097728K)
[2022-08-08T19:01:09.483+0100][gc            ] GC(86) Pause Young (Normal) (G1 Evacuation Pause) 241M->163M(1024M) 15.820ms
[2022-08-08T19:01:09.483+0100][gc,cpu        ] GC(86) User=0.02s Sys=0.05s Real=0.02s
[2022-08-08T19:27:00.743+0100][gc,start      ] GC(87) Pause Young (Normal) (G1 Evacuation Pause)
[2022-08-08T19:27:00.744+0100][gc,task       ] GC(87) Using 10 workers of 10 for evacuation
[2022-08-08T19:27:00.757+0100][gc,phases     ] GC(87)   Pre Evacuate Collection Set: 0.1ms
[2022-08-08T19:27:00.757+0100][gc,phases     ] GC(87)   Evacuate Collection Set: 11.7ms
[2022-08-08T19:27:00.757+0100][gc,phases     ] GC(87)   Post Evacuate Collection Set: 0.3ms
[2022-08-08T19:27:00.757+0100][gc,phases     ] GC(87)   Other: 1.5ms
[2022-08-08T19:27:00.757+0100][gc,heap       ] GC(87) Eden regions: 92->0(107)
[2022-08-08T19:27:00.757+0100][gc,heap       ] GC(87) Survivor regions: 4->4(12)
[2022-08-08T19:27:00.757+0100][gc,heap       ] GC(87) Old regions: 32->32
[2022-08-08T19:27:00.757+0100][gc,heap       ] GC(87) Humongous regions: 129->129
[2022-08-08T19:27:00.757+0100][gc,metaspace  ] GC(87) Metaspace: 52812K->52812K(1097728K)
[2022-08-08T19:27:00.757+0100][gc            ] GC(87) Pause Young (Normal) (G1 Evacuation Pause) 255M->164M(1024M) 13.859ms
[2022-08-08T19:27:00.757+0100][gc,cpu        ] GC(87) User=0.02s Sys=0.05s Real=0.01s
[2022-08-08T23:24:10.052+0100][gc,start      ] GC(88) Pause Young (Normal) (G1 Evacuation Pause)
[2022-08-08T23:24:10.054+0100][gc,task       ] GC(88) Using 10 workers of 10 for evacuation
[2022-08-08T23:24:10.095+0100][gc,mmu        ] GC(88) MMU target violated: 21.0ms (20.0ms/21.0ms)
[2022-08-08T23:24:10.095+0100][gc,phases     ] GC(88)   Pre Evacuate Collection Set: 3.8ms
[2022-08-08T23:24:10.095+0100][gc,phases     ] GC(88)   Evacuate Collection Set: 32.7ms
[2022-08-08T23:24:10.095+0100][gc,phases     ] GC(88)   Post Evacuate Collection Set: 2.5ms
[2022-08-08T23:24:10.096+0100][gc,phases     ] GC(88)   Other: 5.1ms
[2022-08-08T23:24:10.096+0100][gc,heap       ] GC(88) Eden regions: 107->0(47)
[2022-08-08T23:24:10.096+0100][gc,heap       ] GC(88) Survivor regions: 4->4(14)
[2022-08-08T23:24:10.096+0100][gc,heap       ] GC(88) Old regions: 32->32
[2022-08-08T23:24:10.096+0100][gc,heap       ] GC(88) Humongous regions: 129->129
[2022-08-08T23:24:10.096+0100][gc,metaspace  ] GC(88) Metaspace: 52816K->52816K(1097728K)
[2022-08-08T23:24:10.096+0100][gc            ] GC(88) Pause Young (Normal) (G1 Evacuation Pause) 271M->163M(1024M) 43.741ms
[2022-08-08T23:24:10.096+0100][gc,cpu        ] GC(88) User=0.02s Sys=0.10s Real=0.04s
[2022-08-08T23:37:30.210+0100][gc,start      ] GC(89) Pause Young (Normal) (G1 Evacuation Pause)
[2022-08-08T23:37:30.210+0100][gc,task       ] GC(89) Using 10 workers of 10 for evacuation
[2022-08-08T23:37:30.224+0100][gc,phases     ] GC(89)   Pre Evacuate Collection Set: 1.0ms
[2022-08-08T23:37:30.224+0100][gc,phases     ] GC(89)   Evacuate Collection Set: 11.6ms
[2022-08-08T23:37:30.224+0100][gc,phases     ] GC(89)   Post Evacuate Collection Set: 0.5ms
[2022-08-08T23:37:30.224+0100][gc,phases     ] GC(89)   Other: 0.7ms
[2022-08-08T23:37:30.224+0100][gc,heap       ] GC(89) Eden regions: 47->0(48)
[2022-08-08T23:37:30.224+0100][gc,heap       ] GC(89) Survivor regions: 4->3(7)
[2022-08-08T23:37:30.224+0100][gc,heap       ] GC(89) Old regions: 32->32
[2022-08-08T23:37:30.224+0100][gc,heap       ] GC(89) Humongous regions: 129->129
[2022-08-08T23:37:30.224+0100][gc,metaspace  ] GC(89) Metaspace: 52821K->52821K(1097728K)
[2022-08-08T23:37:30.224+0100][gc            ] GC(89) Pause Young (Normal) (G1 Evacuation Pause) 210M->162M(1024M) 14.071ms
[2022-08-08T23:37:30.224+0100][gc,cpu        ] GC(89) User=0.01s Sys=0.05s Real=0.01s
[2022-08-08T23:50:25.147+0100][gc,start      ] GC(90) Pause Young (Normal) (G1 Evacuation Pause)
[2022-08-08T23:50:25.147+0100][gc,task       ] GC(90) Using 10 workers of 10 for evacuation
[2022-08-08T23:50:25.154+0100][gc,phases     ] GC(90)   Pre Evacuate Collection Set: 0.0ms
[2022-08-08T23:50:25.154+0100][gc,phases     ] GC(90)   Evacuate Collection Set: 6.4ms
[2022-08-08T23:50:25.154+0100][gc,phases     ] GC(90)   Post Evacuate Collection Set: 0.2ms
[2022-08-08T23:50:25.154+0100][gc,phases     ] GC(90)   Other: 0.5ms
[2022-08-08T23:50:25.154+0100][gc,heap       ] GC(90) Eden regions: 48->0(72)
[2022-08-08T23:50:25.154+0100][gc,heap       ] GC(90) Survivor regions: 3->4(7)
[2022-08-08T23:50:25.154+0100][gc,heap       ] GC(90) Old regions: 32->32
[2022-08-08T23:50:25.154+0100][gc,heap       ] GC(90) Humongous regions: 129->129
[2022-08-08T23:50:25.154+0100][gc,metaspace  ] GC(90) Metaspace: 52821K->52821K(1097728K)
[2022-08-08T23:50:25.154+0100][gc            ] GC(90) Pause Young (Normal) (G1 Evacuation Pause) 210M->163M(1024M) 7.388ms
[2022-08-08T23:50:25.155+0100][gc,cpu        ] GC(90) User=0.01s Sys=0.03s Real=0.01s
[2022-08-09T00:11:01.453+0100][gc,start      ] GC(91) Pause Young (Normal) (G1 Evacuation Pause)
[2022-08-09T00:11:01.454+0100][gc,task       ] GC(91) Using 10 workers of 10 for evacuation
[2022-08-09T00:11:01.466+0100][gc,phases     ] GC(91)   Pre Evacuate Collection Set: 1.4ms
[2022-08-09T00:11:01.466+0100][gc,phases     ] GC(91)   Evacuate Collection Set: 9.7ms
[2022-08-09T00:11:01.466+0100][gc,phases     ] GC(91)   Post Evacuate Collection Set: 0.5ms
[2022-08-09T00:11:01.466+0100][gc,phases     ] GC(91)   Other: 0.7ms
[2022-08-09T00:11:01.466+0100][gc,heap       ] GC(91) Eden regions: 72->0(113)
[2022-08-09T00:11:01.466+0100][gc,heap       ] GC(91) Survivor regions: 4->3(10)
[2022-08-09T00:11:01.466+0100][gc,heap       ] GC(91) Old regions: 32->32
[2022-08-09T00:11:01.466+0100][gc,heap       ] GC(91) Humongous regions: 129->129
[2022-08-09T00:11:01.466+0100][gc,metaspace  ] GC(91) Metaspace: 52821K->52821K(1097728K)
[2022-08-09T00:11:01.467+0100][gc            ] GC(91) Pause Young (Normal) (G1 Evacuation Pause) 235M->162M(1024M) 13.252ms
[2022-08-09T00:11:01.467+0100][gc,cpu        ] GC(91) User=0.01s Sys=0.05s Real=0.01s
[2022-08-09T00:43:30.966+0100][gc,start      ] GC(92) Pause Young (Normal) (G1 Evacuation Pause)
[2022-08-09T00:43:30.967+0100][gc,task       ] GC(92) Using 10 workers of 10 for evacuation
[2022-08-09T00:43:30.997+0100][gc,mmu        ] GC(92) MMU target violated: 21.0ms (20.0ms/21.0ms)
[2022-08-09T00:43:30.997+0100][gc,phases     ] GC(92)   Pre Evacuate Collection Set: 2.3ms
[2022-08-09T00:43:30.997+0100][gc,phases     ] GC(92)   Evacuate Collection Set: 24.1ms
[2022-08-09T00:43:30.997+0100][gc,phases     ] GC(92)   Post Evacuate Collection Set: 1.0ms
[2022-08-09T00:43:30.997+0100][gc,phases     ] GC(92)   Other: 3.7ms
[2022-08-09T00:43:30.997+0100][gc,heap       ] GC(92) Eden regions: 113->0(59)
[2022-08-09T00:43:30.997+0100][gc,heap       ] GC(92) Survivor regions: 3->4(15)
[2022-08-09T00:43:30.997+0100][gc,heap       ] GC(92) Old regions: 32->32
[2022-08-09T00:43:30.997+0100][gc,heap       ] GC(92) Humongous regions: 129->129
[2022-08-09T00:43:30.997+0100][gc,metaspace  ] GC(92) Metaspace: 52821K->52821K(1097728K)
[2022-08-09T00:43:30.997+0100][gc            ] GC(92) Pause Young (Normal) (G1 Evacuation Pause) 275M->164M(1024M) 31.058ms
[2022-08-09T00:43:30.997+0100][gc,cpu        ] GC(92) User=0.02s Sys=0.08s Real=0.03s
[2022-08-09T00:59:31.814+0100][gc,start      ] GC(93) Pause Young (Normal) (G1 Evacuation Pause)
[2022-08-09T00:59:31.814+0100][gc,task       ] GC(93) Using 10 workers of 10 for evacuation
[2022-08-09T00:59:31.824+0100][gc,phases     ] GC(93)   Pre Evacuate Collection Set: 0.1ms
[2022-08-09T00:59:31.824+0100][gc,phases     ] GC(93)   Evacuate Collection Set: 8.9ms
[2022-08-09T00:59:31.824+0100][gc,phases     ] GC(93)   Post Evacuate Collection Set: 0.3ms
[2022-08-09T00:59:31.825+0100][gc,phases     ] GC(93)   Other: 1.0ms
[2022-08-09T00:59:31.825+0100][gc,heap       ] GC(93) Eden regions: 59->0(103)
[2022-08-09T00:59:31.825+0100][gc,heap       ] GC(93) Survivor regions: 4->4(8)
[2022-08-09T00:59:31.825+0100][gc,heap       ] GC(93) Old regions: 32->32
[2022-08-09T00:59:31.825+0100][gc,heap       ] GC(93) Humongous regions: 129->129
[2022-08-09T00:59:31.825+0100][gc,metaspace  ] GC(93) Metaspace: 52821K->52821K(1097728K)
[2022-08-09T00:59:31.825+0100][gc            ] GC(93) Pause Young (Normal) (G1 Evacuation Pause) 223M->164M(1024M) 11.144ms
[2022-08-09T00:59:31.825+0100][gc,cpu        ] GC(93) User=0.02s Sys=0.04s Real=0.01s
[2022-08-09T01:29:08.236+0100][gc,start      ] GC(94) Pause Young (Normal) (G1 Evacuation Pause)
[2022-08-09T01:29:08.236+0100][gc,task       ] GC(94) Using 10 workers of 10 for evacuation
[2022-08-09T01:29:08.253+0100][gc,phases     ] GC(94)   Pre Evacuate Collection Set: 1.1ms
[2022-08-09T01:29:08.253+0100][gc,phases     ] GC(94)   Evacuate Collection Set: 12.9ms
[2022-08-09T01:29:08.253+0100][gc,phases     ] GC(94)   Post Evacuate Collection Set: 0.6ms
[2022-08-09T01:29:08.253+0100][gc,phases     ] GC(94)   Other: 3.1ms
[2022-08-09T01:29:08.253+0100][gc,heap       ] GC(94) Eden regions: 103->0(169)
[2022-08-09T01:29:08.253+0100][gc,heap       ] GC(94) Survivor regions: 4->3(14)
[2022-08-09T01:29:08.253+0100][gc,heap       ] GC(94) Old regions: 32->32
[2022-08-09T01:29:08.253+0100][gc,heap       ] GC(94) Humongous regions: 129->129
[2022-08-09T01:29:08.253+0100][gc,metaspace  ] GC(94) Metaspace: 52821K->52821K(1097728K)
[2022-08-09T01:29:08.253+0100][gc            ] GC(94) Pause Young (Normal) (G1 Evacuation Pause) 267M->163M(1024M) 17.296ms
[2022-08-09T01:29:08.253+0100][gc,cpu        ] GC(94) User=0.02s Sys=0.06s Real=0.02s
[2022-08-09T02:17:02.607+0100][gc,start      ] GC(95) Pause Young (Normal) (G1 Evacuation Pause)
[2022-08-09T02:17:02.607+0100][gc,task       ] GC(95) Using 10 workers of 10 for evacuation
[2022-08-09T02:17:02.625+0100][gc,phases     ] GC(95)   Pre Evacuate Collection Set: 1.1ms
[2022-08-09T02:17:02.625+0100][gc,phases     ] GC(95)   Evacuate Collection Set: 14.2ms
[2022-08-09T02:17:02.625+0100][gc,phases     ] GC(95)   Post Evacuate Collection Set: 1.2ms
[2022-08-09T02:17:02.625+0100][gc,phases     ] GC(95)   Other: 1.6ms
[2022-08-09T02:17:02.625+0100][gc,heap       ] GC(95) Eden regions: 169->0(162)
[2022-08-09T02:17:02.625+0100][gc,heap       ] GC(95) Survivor regions: 3->3(22)
[2022-08-09T02:17:02.625+0100][gc,heap       ] GC(95) Old regions: 32->32
[2022-08-09T02:17:02.625+0100][gc,heap       ] GC(95) Humongous regions: 129->129
[2022-08-09T02:17:02.625+0100][gc,metaspace  ] GC(95) Metaspace: 52821K->52821K(1097728K)
[2022-08-09T02:17:02.626+0100][gc            ] GC(95) Pause Young (Normal) (G1 Evacuation Pause) 332M->162M(1024M) 18.772ms
[2022-08-09T02:17:02.626+0100][gc,cpu        ] GC(95) User=0.02s Sys=0.05s Real=0.02s
[2022-08-09T03:03:06.059+0100][gc,start      ] GC(96) Pause Young (Normal) (G1 Evacuation Pause)
[2022-08-09T03:03:06.059+0100][gc,task       ] GC(96) Using 10 workers of 10 for evacuation
[2022-08-09T03:03:06.073+0100][gc,phases     ] GC(96)   Pre Evacuate Collection Set: 1.5ms
[2022-08-09T03:03:06.073+0100][gc,phases     ] GC(96)   Evacuate Collection Set: 11.4ms
[2022-08-09T03:03:06.073+0100][gc,phases     ] GC(96)   Post Evacuate Collection Set: 0.7ms
[2022-08-09T03:03:06.073+0100][gc,phases     ] GC(96)   Other: 1.2ms
[2022-08-09T03:03:06.073+0100][gc,heap       ] GC(96) Eden regions: 162->0(224)
[2022-08-09T03:03:06.073+0100][gc,heap       ] GC(96) Survivor regions: 3->4(21)
[2022-08-09T03:03:06.073+0100][gc,heap       ] GC(96) Old regions: 32->32
[2022-08-09T03:03:06.073+0100][gc,heap       ] GC(96) Humongous regions: 129->129
[2022-08-09T03:03:06.073+0100][gc,metaspace  ] GC(96) Metaspace: 52821K->52821K(1097728K)
[2022-08-09T03:03:06.073+0100][gc            ] GC(96) Pause Young (Normal) (G1 Evacuation Pause) 324M->163M(1024M) 14.814ms
[2022-08-09T03:03:06.073+0100][gc,cpu        ] GC(96) User=0.02s Sys=0.06s Real=0.02s
[2022-08-09T09:26:23.186+0100][gc,start      ] GC(97) Pause Young (Normal) (G1 Evacuation Pause)
[2022-08-09T09:26:23.188+0100][gc,task       ] GC(97) Using 10 workers of 10 for evacuation
[2022-08-09T09:26:23.226+0100][gc,mmu        ] GC(97) MMU target violated: 21.0ms (20.0ms/21.0ms)
[2022-08-09T09:26:23.226+0100][gc,phases     ] GC(97)   Pre Evacuate Collection Set: 3.5ms
[2022-08-09T09:26:23.226+0100][gc,phases     ] GC(97)   Evacuate Collection Set: 24.9ms
[2022-08-09T09:26:23.226+0100][gc,phases     ] GC(97)   Post Evacuate Collection Set: 4.1ms
[2022-08-09T09:26:23.227+0100][gc,phases     ] GC(97)   Other: 11.4ms
[2022-08-09T09:26:23.227+0100][gc,heap       ] GC(97) Eden regions: 224->0(48)
[2022-08-09T09:26:23.227+0100][gc,heap       ] GC(97) Survivor regions: 4->3(29)
[2022-08-09T09:26:23.227+0100][gc,heap       ] GC(97) Old regions: 32->32
[2022-08-09T09:26:23.227+0100][gc,heap       ] GC(97) Humongous regions: 129->129
[2022-08-09T09:26:23.227+0100][gc,metaspace  ] GC(97) Metaspace: 52831K->52831K(1097728K)
[2022-08-09T09:26:23.228+0100][gc            ] GC(97) Pause Young (Normal) (G1 Evacuation Pause) 387M->162M(1024M) 41.826ms
[2022-08-09T09:26:23.228+0100][gc,cpu        ] GC(97) User=0.02s Sys=0.07s Real=0.04s
[2022-08-09T09:39:58.995+0100][gc,start      ] GC(98) Pause Young (Normal) (G1 Evacuation Pause)
[2022-08-09T09:39:58.995+0100][gc,task       ] GC(98) Using 10 workers of 10 for evacuation
[2022-08-09T09:39:59.007+0100][gc,phases     ] GC(98)   Pre Evacuate Collection Set: 1.1ms
[2022-08-09T09:39:59.007+0100][gc,phases     ] GC(98)   Evacuate Collection Set: 10.4ms
[2022-08-09T09:39:59.007+0100][gc,phases     ] GC(98)   Post Evacuate Collection Set: 0.5ms
[2022-08-09T09:39:59.008+0100][gc,phases     ] GC(98)   Other: 0.6ms
[2022-08-09T09:39:59.008+0100][gc,heap       ] GC(98) Eden regions: 48->0(55)
[2022-08-09T09:39:59.008+0100][gc,heap       ] GC(98) Survivor regions: 3->4(7)
[2022-08-09T09:39:59.008+0100][gc,heap       ] GC(98) Old regions: 32->32
[2022-08-09T09:39:59.008+0100][gc,heap       ] GC(98) Humongous regions: 129->129
[2022-08-09T09:39:59.008+0100][gc,metaspace  ] GC(98) Metaspace: 52831K->52831K(1097728K)
[2022-08-09T09:39:59.008+0100][gc            ] GC(98) Pause Young (Normal) (G1 Evacuation Pause) 210M->163M(1024M) 12.848ms
[2022-08-09T09:39:59.008+0100][gc,cpu        ] GC(98) User=0.02s Sys=0.05s Real=0.01s
[2022-08-09T09:55:41.576+0100][gc,start      ] GC(99) Pause Young (Normal) (G1 Evacuation Pause)
[2022-08-09T09:55:41.578+0100][gc,task       ] GC(99) Using 10 workers of 10 for evacuation
[2022-08-09T09:55:41.597+0100][gc,phases     ] GC(99)   Pre Evacuate Collection Set: 1.7ms
[2022-08-09T09:55:41.597+0100][gc,phases     ] GC(99)   Evacuate Collection Set: 16.4ms
[2022-08-09T09:55:41.597+0100][gc,phases     ] GC(99)   Post Evacuate Collection Set: 0.6ms
[2022-08-09T09:55:41.597+0100][gc,phases     ] GC(99)   Other: 4.2ms
[2022-08-09T09:55:41.597+0100][gc,heap       ] GC(99) Eden regions: 55->0(74)
[2022-08-09T09:55:41.597+0100][gc,heap       ] GC(99) Survivor regions: 4->4(8)
[2022-08-09T09:55:41.597+0100][gc,heap       ] GC(99) Old regions: 32->32
[2022-08-09T09:55:41.597+0100][gc,heap       ] GC(99) Humongous regions: 129->129
[2022-08-09T09:55:41.597+0100][gc,metaspace  ] GC(99) Metaspace: 52831K->52831K(1097728K)
[2022-08-09T09:55:41.597+0100][gc            ] GC(99) Pause Young (Normal) (G1 Evacuation Pause) 218M->163M(1024M) 21.681ms
[2022-08-09T09:55:41.597+0100][gc,cpu        ] GC(99) User=0.03s Sys=0.07s Real=0.02s
[2022-08-09T10:16:11.109+0100][gc,start      ] GC(100) Pause Young (Normal) (G1 Evacuation Pause)
[2022-08-09T10:16:11.110+0100][gc,task       ] GC(100) Using 10 workers of 10 for evacuation
[2022-08-09T10:16:11.125+0100][gc,phases     ] GC(100)   Pre Evacuate Collection Set: 2.0ms
[2022-08-09T10:16:11.125+0100][gc,phases     ] GC(100)   Evacuate Collection Set: 11.9ms
[2022-08-09T10:16:11.125+0100][gc,phases     ] GC(100)   Post Evacuate Collection Set: 0.4ms
[2022-08-09T10:16:11.125+0100][gc,phases     ] GC(100)   Other: 2.8ms
[2022-08-09T10:16:11.125+0100][gc,heap       ] GC(100) Eden regions: 74->0(170)
[2022-08-09T10:16:11.125+0100][gc,heap       ] GC(100) Survivor regions: 4->3(10)
[2022-08-09T10:16:11.125+0100][gc,heap       ] GC(100) Old regions: 32->32
[2022-08-09T10:16:11.125+0100][gc,heap       ] GC(100) Humongous regions: 129->129
[2022-08-09T10:16:11.125+0100][gc,metaspace  ] GC(100) Metaspace: 52831K->52831K(1097728K)
[2022-08-09T10:16:11.125+0100][gc            ] GC(100) Pause Young (Normal) (G1 Evacuation Pause) 237M->162M(1024M) 16.042ms
[2022-08-09T10:16:11.126+0100][gc,cpu        ] GC(100) User=0.02s Sys=0.06s Real=0.02s
[2022-08-09T11:46:23.613+0100][gc,start      ] GC(101) Pause Young (Normal) (G1 Evacuation Pause)
[2022-08-09T11:46:23.614+0100][gc,task       ] GC(101) Using 10 workers of 10 for evacuation
[2022-08-09T11:46:23.646+0100][gc,mmu        ] GC(101) MMU target violated: 21.0ms (20.0ms/21.0ms)
[2022-08-09T11:46:23.646+0100][gc,phases     ] GC(101)   Pre Evacuate Collection Set: 1.8ms
[2022-08-09T11:46:23.646+0100][gc,phases     ] GC(101)   Evacuate Collection Set: 29.0ms
[2022-08-09T11:46:23.646+0100][gc,phases     ] GC(101)   Post Evacuate Collection Set: 0.5ms
[2022-08-09T11:46:23.646+0100][gc,phases     ] GC(101)   Other: 1.5ms
[2022-08-09T11:46:23.646+0100][gc,heap       ] GC(101) Eden regions: 170->0(47)
[2022-08-09T11:46:23.646+0100][gc,heap       ] GC(101) Survivor regions: 3->4(22)
[2022-08-09T11:46:23.646+0100][gc,heap       ] GC(101) Old regions: 32->32
[2022-08-09T11:46:23.646+0100][gc,heap       ] GC(101) Humongous regions: 129->129
[2022-08-09T11:46:23.646+0100][gc,metaspace  ] GC(101) Metaspace: 52835K->52835K(1097728K)
[2022-08-09T11:46:23.646+0100][gc            ] GC(101) Pause Young (Normal) (G1 Evacuation Pause) 332M->164M(1024M) 32.925ms
[2022-08-09T11:46:23.646+0100][gc,cpu        ] GC(101) User=0.01s Sys=0.07s Real=0.03s
[2022-08-09T12:13:11.218+0100][gc,start      ] GC(102) Pause Young (Normal) (G1 Evacuation Pause)
[2022-08-09T12:13:11.219+0100][gc,task       ] GC(102) Using 10 workers of 10 for evacuation
[2022-08-09T12:13:11.229+0100][gc,phases     ] GC(102)   Pre Evacuate Collection Set: 0.4ms
[2022-08-09T12:13:11.229+0100][gc,phases     ] GC(102)   Evacuate Collection Set: 9.4ms
[2022-08-09T12:13:11.229+0100][gc,phases     ] GC(102)   Post Evacuate Collection Set: 0.3ms
[2022-08-09T12:13:11.229+0100][gc,phases     ] GC(102)   Other: 1.9ms
[2022-08-09T12:13:11.229+0100][gc,heap       ] GC(102) Eden regions: 47->0(84)
[2022-08-09T12:13:11.229+0100][gc,heap       ] GC(102) Survivor regions: 4->3(7)
[2022-08-09T12:13:11.229+0100][gc,heap       ] GC(102) Old regions: 32->32
[2022-08-09T12:13:11.229+0100][gc,heap       ] GC(102) Humongous regions: 129->129
[2022-08-09T12:13:11.229+0100][gc,metaspace  ] GC(102) Metaspace: 52835K->52835K(1097728K)
[2022-08-09T12:13:11.229+0100][gc            ] GC(102) Pause Young (Normal) (G1 Evacuation Pause) 211M->163M(1024M) 12.196ms
[2022-08-09T12:13:11.229+0100][gc,cpu        ] GC(102) User=0.02s Sys=0.04s Real=0.01s
[2022-08-09T12:37:18.515+0100][gc,start      ] GC(103) Pause Young (Normal) (G1 Evacuation Pause)
[2022-08-09T12:37:18.515+0100][gc,task       ] GC(103) Using 10 workers of 10 for evacuation
[2022-08-09T12:37:18.534+0100][gc,phases     ] GC(103)   Pre Evacuate Collection Set: 3.6ms
[2022-08-09T12:37:18.534+0100][gc,phases     ] GC(103)   Evacuate Collection Set: 11.7ms
[2022-08-09T12:37:18.534+0100][gc,phases     ] GC(103)   Post Evacuate Collection Set: 3.4ms
[2022-08-09T12:37:18.534+0100][gc,phases     ] GC(103)   Other: 0.5ms
[2022-08-09T12:37:18.534+0100][gc,heap       ] GC(103) Eden regions: 84->0(85)
[2022-08-09T12:37:18.534+0100][gc,heap       ] GC(103) Survivor regions: 3->3(11)
[2022-08-09T12:37:18.534+0100][gc,heap       ] GC(103) Old regions: 32->32
[2022-08-09T12:37:18.534+0100][gc,heap       ] GC(103) Humongous regions: 129->129
[2022-08-09T12:37:18.534+0100][gc,metaspace  ] GC(103) Metaspace: 52839K->52839K(1097728K)
[2022-08-09T12:37:18.534+0100][gc            ] GC(103) Pause Young (Normal) (G1 Evacuation Pause) 247M->163M(1024M) 19.441ms
[2022-08-09T12:37:18.534+0100][gc,cpu        ] GC(103) User=0.01s Sys=0.04s Real=0.02s
[2022-08-09T13:01:05.591+0100][gc,start      ] GC(104) Pause Young (Normal) (G1 Evacuation Pause)
[2022-08-09T13:01:05.592+0100][gc,task       ] GC(104) Using 10 workers of 10 for evacuation
[2022-08-09T13:01:05.597+0100][gc,phases     ] GC(104)   Pre Evacuate Collection Set: 0.0ms
[2022-08-09T13:01:05.597+0100][gc,phases     ] GC(104)   Evacuate Collection Set: 5.2ms
[2022-08-09T13:01:05.597+0100][gc,phases     ] GC(104)   Post Evacuate Collection Set: 0.2ms
[2022-08-09T13:01:05.597+0100][gc,phases     ] GC(104)   Other: 0.7ms
[2022-08-09T13:01:05.598+0100][gc,heap       ] GC(104) Eden regions: 85->0(103)
[2022-08-09T13:01:05.598+0100][gc,heap       ] GC(104) Survivor regions: 3->3(11)
[2022-08-09T13:01:05.598+0100][gc,heap       ] GC(104) Old regions: 32->32
[2022-08-09T13:01:05.598+0100][gc,heap       ] GC(104) Humongous regions: 129->129
[2022-08-09T13:01:05.598+0100][gc,metaspace  ] GC(104) Metaspace: 52856K->52856K(1097728K)
[2022-08-09T13:01:05.598+0100][gc            ] GC(104) Pause Young (Normal) (G1 Evacuation Pause) 248M->163M(1024M) 6.389ms
[2022-08-09T13:01:05.598+0100][gc,cpu        ] GC(104) User=0.02s Sys=0.02s Real=0.00s
[2022-08-09T13:56:03.313+0100][gc,start      ] GC(105) Pause Young (Normal) (G1 Evacuation Pause)
[2022-08-09T13:56:03.314+0100][gc,task       ] GC(105) Using 10 workers of 10 for evacuation
[2022-08-09T13:56:03.391+0100][gc,mmu        ] GC(105) MMU target violated: 21.0ms (20.0ms/21.0ms)
[2022-08-09T13:56:03.391+0100][gc,phases     ] GC(105)   Pre Evacuate Collection Set: 5.5ms
[2022-08-09T13:56:03.391+0100][gc,phases     ] GC(105)   Evacuate Collection Set: 64.4ms
[2022-08-09T13:56:03.392+0100][gc,phases     ] GC(105)   Post Evacuate Collection Set: 4.0ms
[2022-08-09T13:56:03.392+0100][gc,phases     ] GC(105)   Other: 5.4ms
[2022-08-09T13:56:03.392+0100][gc,heap       ] GC(105) Eden regions: 103->0(47)
[2022-08-09T13:56:03.392+0100][gc,heap       ] GC(105) Survivor regions: 3->4(14)
[2022-08-09T13:56:03.392+0100][gc,heap       ] GC(105) Old regions: 32->32
[2022-08-09T13:56:03.392+0100][gc,heap       ] GC(105) Humongous regions: 129->129
[2022-08-09T13:56:03.392+0100][gc,metaspace  ] GC(105) Metaspace: 52859K->52859K(1097728K)
[2022-08-09T13:56:03.394+0100][gc            ] GC(105) Pause Young (Normal) (G1 Evacuation Pause) 266M->163M(1024M) 80.235ms
[2022-08-09T13:56:03.394+0100][gc,cpu        ] GC(105) User=0.07s Sys=0.30s Real=0.08s
[2022-08-09T14:41:50.282+0100][gc,start      ] GC(106) Pause Young (Normal) (G1 Evacuation Pause)
[2022-08-09T14:41:50.282+0100][gc,task       ] GC(106) Using 10 workers of 10 for evacuation
[2022-08-09T14:41:50.293+0100][gc,phases     ] GC(106)   Pre Evacuate Collection Set: 0.4ms
[2022-08-09T14:41:50.293+0100][gc,phases     ] GC(106)   Evacuate Collection Set: 10.2ms
[2022-08-09T14:41:50.293+0100][gc,phases     ] GC(106)   Post Evacuate Collection Set: 0.3ms
[2022-08-09T14:41:50.293+0100][gc,phases     ] GC(106)   Other: 0.6ms
[2022-08-09T14:41:50.293+0100][gc,heap       ] GC(106) Eden regions: 47->0(48)
[2022-08-09T14:41:50.293+0100][gc,heap       ] GC(106) Survivor regions: 4->3(7)
[2022-08-09T14:41:50.293+0100][gc,heap       ] GC(106) Old regions: 32->32
[2022-08-09T14:41:50.293+0100][gc,heap       ] GC(106) Humongous regions: 129->129
[2022-08-09T14:41:50.293+0100][gc,metaspace  ] GC(106) Metaspace: 52860K->52860K(1097728K)
[2022-08-09T14:41:50.293+0100][gc            ] GC(106) Pause Young (Normal) (G1 Evacuation Pause) 210M->163M(1024M) 11.569ms
[2022-08-09T14:41:50.294+0100][gc,cpu        ] GC(106) User=0.02s Sys=0.03s Real=0.01s
[2022-08-09T14:55:35.661+0100][gc,start      ] GC(107) Pause Young (Normal) (G1 Evacuation Pause)
[2022-08-09T14:55:35.662+0100][gc,task       ] GC(107) Using 10 workers of 10 for evacuation
[2022-08-09T14:55:35.673+0100][gc,phases     ] GC(107)   Pre Evacuate Collection Set: 0.0ms
[2022-08-09T14:55:35.673+0100][gc,phases     ] GC(107)   Evacuate Collection Set: 10.5ms
[2022-08-09T14:55:35.673+0100][gc,phases     ] GC(107)   Post Evacuate Collection Set: 0.2ms
[2022-08-09T14:55:35.673+0100][gc,phases     ] GC(107)   Other: 0.5ms
[2022-08-09T14:55:35.673+0100][gc,heap       ] GC(107) Eden regions: 48->0(47)
[2022-08-09T14:55:35.673+0100][gc,heap       ] GC(107) Survivor regions: 3->4(7)
[2022-08-09T14:55:35.673+0100][gc,heap       ] GC(107) Old regions: 32->32
[2022-08-09T14:55:35.673+0100][gc,heap       ] GC(107) Humongous regions: 129->129
[2022-08-09T14:55:35.673+0100][gc,metaspace  ] GC(107) Metaspace: 52860K->52860K(1097728K)
[2022-08-09T14:55:35.673+0100][gc            ] GC(107) Pause Young (Normal) (G1 Evacuation Pause) 211M->164M(1024M) 12.037ms
[2022-08-09T14:55:35.673+0100][gc,cpu        ] GC(107) User=0.02s Sys=0.04s Real=0.01s
[2022-08-09T15:08:12.966+0100][gc,start      ] GC(108) Pause Young (Normal) (G1 Evacuation Pause)
[2022-08-09T15:08:12.967+0100][gc,task       ] GC(108) Using 10 workers of 10 for evacuation
[2022-08-09T15:08:12.983+0100][gc,phases     ] GC(108)   Pre Evacuate Collection Set: 2.6ms
[2022-08-09T15:08:12.983+0100][gc,phases     ] GC(108)   Evacuate Collection Set: 12.4ms
[2022-08-09T15:08:12.983+0100][gc,phases     ] GC(108)   Post Evacuate Collection Set: 0.6ms
[2022-08-09T15:08:12.983+0100][gc,phases     ] GC(108)   Other: 1.5ms
[2022-08-09T15:08:12.983+0100][gc,heap       ] GC(108) Eden regions: 47->0(48)
[2022-08-09T15:08:12.983+0100][gc,heap       ] GC(108) Survivor regions: 4->3(7)
[2022-08-09T15:08:12.983+0100][gc,heap       ] GC(108) Old regions: 32->32
[2022-08-09T15:08:12.983+0100][gc,heap       ] GC(108) Humongous regions: 129->129
[2022-08-09T15:08:12.983+0100][gc,metaspace  ] GC(108) Metaspace: 52860K->52860K(1097728K)
[2022-08-09T15:08:12.983+0100][gc            ] GC(108) Pause Young (Normal) (G1 Evacuation Pause) 211M->163M(1024M) 17.184ms
[2022-08-09T15:08:12.983+0100][gc,cpu        ] GC(108) User=0.03s Sys=0.06s Real=0.02s
[2022-08-09T15:21:56.438+0100][gc,start      ] GC(109) Pause Young (Normal) (G1 Evacuation Pause)
[2022-08-09T15:21:56.438+0100][gc,task       ] GC(109) Using 10 workers of 10 for evacuation
[2022-08-09T15:21:56.444+0100][gc,phases     ] GC(109)   Pre Evacuate Collection Set: 0.0ms
[2022-08-09T15:21:56.444+0100][gc,phases     ] GC(109)   Evacuate Collection Set: 5.1ms
[2022-08-09T15:21:56.444+0100][gc,phases     ] GC(109)   Post Evacuate Collection Set: 0.2ms
[2022-08-09T15:21:56.444+0100][gc,phases     ] GC(109)   Other: 1.0ms
[2022-08-09T15:21:56.444+0100][gc,heap       ] GC(109) Eden regions: 48->0(90)
[2022-08-09T15:21:56.444+0100][gc,heap       ] GC(109) Survivor regions: 3->3(7)
[2022-08-09T15:21:56.444+0100][gc,heap       ] GC(109) Old regions: 32->32
[2022-08-09T15:21:56.444+0100][gc,heap       ] GC(109) Humongous regions: 129->129
[2022-08-09T15:21:56.444+0100][gc,metaspace  ] GC(109) Metaspace: 52860K->52860K(1097728K)
[2022-08-09T15:21:56.445+0100][gc            ] GC(109) Pause Young (Normal) (G1 Evacuation Pause) 211M->162M(1024M) 6.689ms
[2022-08-09T15:21:56.445+0100][gc,cpu        ] GC(109) User=0.01s Sys=0.02s Real=0.01s
[2022-08-09T15:47:46.019+0100][gc,start      ] GC(110) Pause Young (Normal) (G1 Evacuation Pause)
[2022-08-09T15:47:46.020+0100][gc,task       ] GC(110) Using 10 workers of 10 for evacuation
[2022-08-09T15:47:46.036+0100][gc,phases     ] GC(110)   Pre Evacuate Collection Set: 4.6ms
[2022-08-09T15:47:46.037+0100][gc,phases     ] GC(110)   Evacuate Collection Set: 11.2ms
[2022-08-09T15:47:46.037+0100][gc,phases     ] GC(110)   Post Evacuate Collection Set: 0.5ms
[2022-08-09T15:47:46.037+0100][gc,phases     ] GC(110)   Other: 1.7ms
[2022-08-09T15:47:46.037+0100][gc,heap       ] GC(110) Eden regions: 90->0(106)
[2022-08-09T15:47:46.037+0100][gc,heap       ] GC(110) Survivor regions: 3->3(12)
[2022-08-09T15:47:46.037+0100][gc,heap       ] GC(110) Old regions: 32->32
[2022-08-09T15:47:46.037+0100][gc,heap       ] GC(110) Humongous regions: 129->129
[2022-08-09T15:47:46.037+0100][gc,metaspace  ] GC(110) Metaspace: 52860K->52860K(1097728K)
[2022-08-09T15:47:46.037+0100][gc            ] GC(110) Pause Young (Normal) (G1 Evacuation Pause) 252M->162M(1024M) 18.160ms
[2022-08-09T15:47:46.037+0100][gc,cpu        ] GC(110) User=0.02s Sys=0.05s Real=0.02s
[2022-08-09T16:17:29.093+0100][gc,start      ] GC(111) Pause Young (Normal) (G1 Evacuation Pause)
[2022-08-09T16:17:29.093+0100][gc,task       ] GC(111) Using 10 workers of 10 for evacuation
[2022-08-09T16:17:29.204+0100][gc,mmu        ] GC(111) MMU target violated: 21.0ms (20.0ms/21.0ms)
[2022-08-09T16:17:29.204+0100][gc,phases     ] GC(111)   Pre Evacuate Collection Set: 4.6ms
[2022-08-09T16:17:29.204+0100][gc,phases     ] GC(111)   Evacuate Collection Set: 96.8ms
[2022-08-09T16:17:29.204+0100][gc,phases     ] GC(111)   Post Evacuate Collection Set: 2.0ms
[2022-08-09T16:17:29.204+0100][gc,phases     ] GC(111)   Other: 8.8ms
[2022-08-09T16:17:29.204+0100][gc,heap       ] GC(111) Eden regions: 106->0(47)
[2022-08-09T16:17:29.204+0100][gc,heap       ] GC(111) Survivor regions: 3->4(14)
[2022-08-09T16:17:29.204+0100][gc,heap       ] GC(111) Old regions: 32->32
[2022-08-09T16:17:29.204+0100][gc,heap       ] GC(111) Humongous regions: 129->129
[2022-08-09T16:17:29.204+0100][gc,metaspace  ] GC(111) Metaspace: 52860K->52860K(1097728K)
[2022-08-09T16:17:29.205+0100][gc            ] GC(111) Pause Young (Normal) (G1 Evacuation Pause) 268M->163M(1024M) 112.247ms
[2022-08-09T16:17:29.205+0100][gc,cpu        ] GC(111) User=0.23s Sys=0.15s Real=0.11s
[2022-08-09T16:30:50.637+0100][gc,start      ] GC(112) Pause Young (Normal) (G1 Evacuation Pause)
[2022-08-09T16:30:50.637+0100][gc,task       ] GC(112) Using 10 workers of 10 for evacuation
[2022-08-09T16:30:50.661+0100][gc,mmu        ] GC(112) MMU target violated: 21.0ms (20.0ms/21.0ms)
[2022-08-09T16:30:50.661+0100][gc,phases     ] GC(112)   Pre Evacuate Collection Set: 5.3ms
[2022-08-09T16:30:50.661+0100][gc,phases     ] GC(112)   Evacuate Collection Set: 16.2ms
[2022-08-09T16:30:50.661+0100][gc,phases     ] GC(112)   Post Evacuate Collection Set: 2.3ms
[2022-08-09T16:30:50.661+0100][gc,phases     ] GC(112)   Other: 1.4ms
[2022-08-09T16:30:50.661+0100][gc,heap       ] GC(112) Eden regions: 47->0(48)
[2022-08-09T16:30:50.661+0100][gc,heap       ] GC(112) Survivor regions: 4->3(7)
[2022-08-09T16:30:50.661+0100][gc,heap       ] GC(112) Old regions: 32->32
[2022-08-09T16:30:50.661+0100][gc,heap       ] GC(112) Humongous regions: 129->129
[2022-08-09T16:30:50.661+0100][gc,metaspace  ] GC(112) Metaspace: 52860K->52860K(1097728K)
[2022-08-09T16:30:50.661+0100][gc            ] GC(112) Pause Young (Normal) (G1 Evacuation Pause) 210M->163M(1024M) 24.723ms
[2022-08-09T16:30:50.661+0100][gc,cpu        ] GC(112) User=0.02s Sys=0.05s Real=0.03s
[2022-08-09T16:44:32.481+0100][gc,start      ] GC(113) Pause Young (Normal) (G1 Evacuation Pause)
[2022-08-09T16:44:32.482+0100][gc,task       ] GC(113) Using 10 workers of 10 for evacuation
[2022-08-09T16:44:32.520+0100][gc,mmu        ] GC(113) MMU target violated: 21.0ms (20.0ms/21.0ms)
[2022-08-09T16:44:32.520+0100][gc,phases     ] GC(113)   Pre Evacuate Collection Set: 4.1ms
[2022-08-09T16:44:32.520+0100][gc,phases     ] GC(113)   Evacuate Collection Set: 31.5ms
[2022-08-09T16:44:32.520+0100][gc,phases     ] GC(113)   Post Evacuate Collection Set: 1.1ms
[2022-08-09T16:44:32.520+0100][gc,phases     ] GC(113)   Other: 3.3ms
[2022-08-09T16:44:32.520+0100][gc,heap       ] GC(113) Eden regions: 48->0(47)
[2022-08-09T16:44:32.520+0100][gc,heap       ] GC(113) Survivor regions: 3->4(7)
[2022-08-09T16:44:32.520+0100][gc,heap       ] GC(113) Old regions: 32->32
[2022-08-09T16:44:32.520+0100][gc,heap       ] GC(113) Humongous regions: 129->129
[2022-08-09T16:44:32.520+0100][gc,metaspace  ] GC(113) Metaspace: 52860K->52860K(1097728K)
[2022-08-09T16:44:32.521+0100][gc            ] GC(113) Pause Young (Normal) (G1 Evacuation Pause) 211M->164M(1024M) 39.865ms
[2022-08-09T16:44:32.521+0100][gc,cpu        ] GC(113) User=0.04s Sys=0.10s Real=0.04s
[2022-08-09T16:57:59.286+0100][gc,start      ] GC(114) Pause Young (Normal) (G1 Evacuation Pause)
[2022-08-09T16:57:59.287+0100][gc,task       ] GC(114) Using 10 workers of 10 for evacuation
[2022-08-09T16:57:59.320+0100][gc,mmu        ] GC(114) MMU target violated: 21.0ms (20.0ms/21.0ms)
[2022-08-09T16:57:59.320+0100][gc,phases     ] GC(114)   Pre Evacuate Collection Set: 2.0ms
[2022-08-09T16:57:59.320+0100][gc,phases     ] GC(114)   Evacuate Collection Set: 29.0ms
[2022-08-09T16:57:59.320+0100][gc,phases     ] GC(114)   Post Evacuate Collection Set: 1.9ms
[2022-08-09T16:57:59.321+0100][gc,phases     ] GC(114)   Other: 1.3ms
[2022-08-09T16:57:59.321+0100][gc,heap       ] GC(114) Eden regions: 47->0(47)
[2022-08-09T16:57:59.321+0100][gc,heap       ] GC(114) Survivor regions: 4->4(7)
[2022-08-09T16:57:59.321+0100][gc,heap       ] GC(114) Old regions: 32->32
[2022-08-09T16:57:59.321+0100][gc,heap       ] GC(114) Humongous regions: 129->129
[2022-08-09T16:57:59.321+0100][gc,metaspace  ] GC(114) Metaspace: 52860K->52860K(1097728K)
[2022-08-09T16:57:59.321+0100][gc            ] GC(114) Pause Young (Normal) (G1 Evacuation Pause) 211M->163M(1024M) 34.332ms
[2022-08-09T16:57:59.321+0100][gc,cpu        ] GC(114) User=0.03s Sys=0.12s Real=0.04s
[2022-08-09T17:10:33.613+0100][gc,start      ] GC(115) Pause Young (Normal) (G1 Evacuation Pause)
[2022-08-09T17:10:33.614+0100][gc,task       ] GC(115) Using 10 workers of 10 for evacuation
[2022-08-09T17:10:33.641+0100][gc,mmu        ] GC(115) MMU target violated: 21.0ms (20.0ms/21.0ms)
[2022-08-09T17:10:33.641+0100][gc,phases     ] GC(115)   Pre Evacuate Collection Set: 3.3ms
[2022-08-09T17:10:33.641+0100][gc,phases     ] GC(115)   Evacuate Collection Set: 19.6ms
[2022-08-09T17:10:33.641+0100][gc,phases     ] GC(115)   Post Evacuate Collection Set: 2.2ms
[2022-08-09T17:10:33.641+0100][gc,phases     ] GC(115)   Other: 3.7ms
[2022-08-09T17:10:33.641+0100][gc,heap       ] GC(115) Eden regions: 47->0(48)
[2022-08-09T17:10:33.641+0100][gc,heap       ] GC(115) Survivor regions: 4->3(7)
[2022-08-09T17:10:33.641+0100][gc,heap       ] GC(115) Old regions: 32->32
[2022-08-09T17:10:33.641+0100][gc,heap       ] GC(115) Humongous regions: 129->129
[2022-08-09T17:10:33.641+0100][gc,metaspace  ] GC(115) Metaspace: 52862K->52862K(1097728K)
[2022-08-09T17:10:33.641+0100][gc            ] GC(115) Pause Young (Normal) (G1 Evacuation Pause) 210M->162M(1024M) 28.389ms
[2022-08-09T17:10:33.641+0100][gc,cpu        ] GC(115) User=0.02s Sys=0.05s Real=0.03s
[2022-08-09T17:24:18.314+0100][gc,start      ] GC(116) Pause Young (Normal) (G1 Evacuation Pause)
[2022-08-09T17:24:18.314+0100][gc,task       ] GC(116) Using 10 workers of 10 for evacuation
[2022-08-09T17:24:18.378+0100][gc,mmu        ] GC(116) MMU target violated: 21.0ms (20.0ms/21.0ms)
[2022-08-09T17:24:18.378+0100][gc,phases     ] GC(116)   Pre Evacuate Collection Set: 3.8ms
[2022-08-09T17:24:18.378+0100][gc,phases     ] GC(116)   Evacuate Collection Set: 57.2ms
[2022-08-09T17:24:18.378+0100][gc,phases     ] GC(116)   Post Evacuate Collection Set: 0.5ms
[2022-08-09T17:24:18.379+0100][gc,phases     ] GC(116)   Other: 3.3ms
[2022-08-09T17:24:18.379+0100][gc,heap       ] GC(116) Eden regions: 48->0(47)
[2022-08-09T17:24:18.379+0100][gc,heap       ] GC(116) Survivor regions: 3->4(7)
[2022-08-09T17:24:18.379+0100][gc,heap       ] GC(116) Old regions: 32->32
[2022-08-09T17:24:18.379+0100][gc,heap       ] GC(116) Humongous regions: 129->129
[2022-08-09T17:24:18.379+0100][gc,metaspace  ] GC(116) Metaspace: 52862K->52862K(1097728K)
[2022-08-09T17:24:18.379+0100][gc            ] GC(116) Pause Young (Normal) (G1 Evacuation Pause) 210M->163M(1024M) 64.948ms
[2022-08-09T17:24:18.379+0100][gc,cpu        ] GC(116) User=0.09s Sys=0.15s Real=0.06s
[2022-08-09T17:37:43.999+0100][gc,start      ] GC(117) Pause Young (Normal) (G1 Evacuation Pause)
[2022-08-09T17:37:44.000+0100][gc,task       ] GC(117) Using 10 workers of 10 for evacuation
[2022-08-09T17:37:44.014+0100][gc,phases     ] GC(117)   Pre Evacuate Collection Set: 1.7ms
[2022-08-09T17:37:44.014+0100][gc,phases     ] GC(117)   Evacuate Collection Set: 10.1ms
[2022-08-09T17:37:44.014+0100][gc,phases     ] GC(117)   Post Evacuate Collection Set: 0.5ms
[2022-08-09T17:37:44.014+0100][gc,phases     ] GC(117)   Other: 2.7ms
[2022-08-09T17:37:44.014+0100][gc,heap       ] GC(117) Eden regions: 47->0(48)
[2022-08-09T17:37:44.014+0100][gc,heap       ] GC(117) Survivor regions: 4->3(7)
[2022-08-09T17:37:44.014+0100][gc,heap       ] GC(117) Old regions: 32->32
[2022-08-09T17:37:44.014+0100][gc,heap       ] GC(117) Humongous regions: 129->129
[2022-08-09T17:37:44.014+0100][gc,metaspace  ] GC(117) Metaspace: 52863K->52863K(1097728K)
[2022-08-09T17:37:44.015+0100][gc            ] GC(117) Pause Young (Normal) (G1 Evacuation Pause) 210M->163M(1024M) 15.805ms
[2022-08-09T17:37:44.015+0100][gc,cpu        ] GC(117) User=0.02s Sys=0.05s Real=0.02s
[2022-08-09T17:51:22.996+0100][gc,start      ] GC(118) Pause Young (Normal) (G1 Evacuation Pause)
[2022-08-09T17:51:22.997+0100][gc,task       ] GC(118) Using 10 workers of 10 for evacuation
[2022-08-09T17:51:23.017+0100][gc,phases     ] GC(118)   Pre Evacuate Collection Set: 0.0ms
[2022-08-09T17:51:23.017+0100][gc,phases     ] GC(118)   Evacuate Collection Set: 19.0ms
[2022-08-09T17:51:23.017+0100][gc,phases     ] GC(118)   Post Evacuate Collection Set: 0.2ms
[2022-08-09T17:51:23.017+0100][gc,phases     ] GC(118)   Other: 0.9ms
[2022-08-09T17:51:23.017+0100][gc,heap       ] GC(118) Eden regions: 48->0(47)
[2022-08-09T17:51:23.017+0100][gc,heap       ] GC(118) Survivor regions: 3->4(7)
[2022-08-09T17:51:23.017+0100][gc,heap       ] GC(118) Old regions: 32->32
[2022-08-09T17:51:23.017+0100][gc,heap       ] GC(118) Humongous regions: 129->129
[2022-08-09T17:51:23.017+0100][gc,metaspace  ] GC(118) Metaspace: 52863K->52863K(1097728K)
[2022-08-09T17:51:23.017+0100][gc            ] GC(118) Pause Young (Normal) (G1 Evacuation Pause) 211M->164M(1024M) 20.389ms
[2022-08-09T17:51:23.017+0100][gc,cpu        ] GC(118) User=0.03s Sys=0.08s Real=0.02s
[2022-08-09T18:04:01.301+0100][gc,start      ] GC(119) Pause Young (Normal) (G1 Evacuation Pause)
[2022-08-09T18:04:01.302+0100][gc,task       ] GC(119) Using 10 workers of 10 for evacuation
[2022-08-09T18:04:01.305+0100][gc,phases     ] GC(119)   Pre Evacuate Collection Set: 0.1ms
[2022-08-09T18:04:01.305+0100][gc,phases     ] GC(119)   Evacuate Collection Set: 2.9ms
[2022-08-09T18:04:01.305+0100][gc,phases     ] GC(119)   Post Evacuate Collection Set: 0.3ms
[2022-08-09T18:04:01.305+0100][gc,phases     ] GC(119)   Other: 0.3ms
[2022-08-09T18:04:01.305+0100][gc,heap       ] GC(119) Eden regions: 47->0(48)
[2022-08-09T18:04:01.305+0100][gc,heap       ] GC(119) Survivor regions: 4->3(7)
[2022-08-09T18:04:01.305+0100][gc,heap       ] GC(119) Old regions: 32->32
[2022-08-09T18:04:01.305+0100][gc,heap       ] GC(119) Humongous regions: 129->129
[2022-08-09T18:04:01.305+0100][gc,metaspace  ] GC(119) Metaspace: 52863K->52863K(1097728K)
[2022-08-09T18:04:01.305+0100][gc            ] GC(119) Pause Young (Normal) (G1 Evacuation Pause) 211M->163M(1024M) 3.828ms
[2022-08-09T18:04:01.305+0100][gc,cpu        ] GC(119) User=0.02s Sys=0.01s Real=0.00s
[2022-08-09T18:17:46.665+0100][gc,start      ] GC(120) Pause Young (Normal) (G1 Evacuation Pause)
[2022-08-09T18:17:46.665+0100][gc,task       ] GC(120) Using 10 workers of 10 for evacuation
[2022-08-09T18:17:46.672+0100][gc,phases     ] GC(120)   Pre Evacuate Collection Set: 0.0ms
[2022-08-09T18:17:46.673+0100][gc,phases     ] GC(120)   Evacuate Collection Set: 7.1ms
[2022-08-09T18:17:46.673+0100][gc,phases     ] GC(120)   Post Evacuate Collection Set: 0.2ms
[2022-08-09T18:17:46.673+0100][gc,phases     ] GC(120)   Other: 0.2ms
[2022-08-09T18:17:46.673+0100][gc,heap       ] GC(120) Eden regions: 48->0(58)
[2022-08-09T18:17:46.673+0100][gc,heap       ] GC(120) Survivor regions: 3->3(7)
[2022-08-09T18:17:46.673+0100][gc,heap       ] GC(120) Old regions: 32->32
[2022-08-09T18:17:46.673+0100][gc,heap       ] GC(120) Humongous regions: 129->129
[2022-08-09T18:17:46.673+0100][gc,metaspace  ] GC(120) Metaspace: 52863K->52863K(1097728K)
[2022-08-09T18:17:46.673+0100][gc            ] GC(120) Pause Young (Normal) (G1 Evacuation Pause) 211M->162M(1024M) 7.784ms
[2022-08-09T18:17:46.673+0100][gc,cpu        ] GC(120) User=0.01s Sys=0.02s Real=0.01s
[2022-08-09T19:34:40.581+0100][gc,start      ] GC(121) Pause Young (Normal) (G1 Evacuation Pause)
[2022-08-09T19:34:40.582+0100][gc,task       ] GC(121) Using 10 workers of 10 for evacuation
[2022-08-09T19:34:40.663+0100][gc,mmu        ] GC(121) MMU target violated: 21.0ms (20.0ms/21.0ms)
[2022-08-09T19:34:40.664+0100][gc,phases     ] GC(121)   Pre Evacuate Collection Set: 5.4ms
[2022-08-09T19:34:40.664+0100][gc,phases     ] GC(121)   Evacuate Collection Set: 65.1ms
[2022-08-09T19:34:40.665+0100][gc,phases     ] GC(121)   Post Evacuate Collection Set: 3.2ms
[2022-08-09T19:34:40.665+0100][gc,phases     ] GC(121)   Other: 15.7ms
[2022-08-09T19:34:40.666+0100][gc,heap       ] GC(121) Eden regions: 58->0(49)
[2022-08-09T19:34:40.666+0100][gc,heap       ] GC(121) Survivor regions: 3->2(8)
[2022-08-09T19:34:40.666+0100][gc,heap       ] GC(121) Old regions: 32->32
[2022-08-09T19:34:40.666+0100][gc,heap       ] GC(121) Humongous regions: 129->129
[2022-08-09T19:34:40.666+0100][gc,metaspace  ] GC(121) Metaspace: 52863K->52863K(1097728K)
[2022-08-09T19:34:40.668+0100][gc            ] GC(121) Pause Young (Normal) (G1 Evacuation Pause) 220M->162M(1024M) 87.564ms
[2022-08-09T19:34:40.668+0100][gc,cpu        ] GC(121) User=0.06s Sys=0.31s Real=0.09s
[2022-08-09T22:15:45.634+0100][gc,start      ] GC(122) Pause Young (Normal) (G1 Evacuation Pause)
[2022-08-09T22:15:45.636+0100][gc,task       ] GC(122) Using 10 workers of 10 for evacuation
[2022-08-09T22:15:45.717+0100][gc,mmu        ] GC(122) MMU target violated: 21.0ms (20.0ms/21.0ms)
[2022-08-09T22:15:45.717+0100][gc,phases     ] GC(122)   Pre Evacuate Collection Set: 4.4ms
[2022-08-09T22:15:45.717+0100][gc,phases     ] GC(122)   Evacuate Collection Set: 68.9ms
[2022-08-09T22:15:45.717+0100][gc,phases     ] GC(122)   Post Evacuate Collection Set: 3.2ms
[2022-08-09T22:15:45.717+0100][gc,phases     ] GC(122)   Other: 10.5ms
[2022-08-09T22:15:45.717+0100][gc,heap       ] GC(122) Eden regions: 49->0(47)
[2022-08-09T22:15:45.718+0100][gc,heap       ] GC(122) Survivor regions: 2->4(7)
[2022-08-09T22:15:45.718+0100][gc,heap       ] GC(122) Old regions: 32->32
[2022-08-09T22:15:45.718+0100][gc,heap       ] GC(122) Humongous regions: 129->129
[2022-08-09T22:15:45.718+0100][gc,metaspace  ] GC(122) Metaspace: 52863K->52863K(1097728K)
[2022-08-09T22:15:45.718+0100][gc            ] GC(122) Pause Young (Normal) (G1 Evacuation Pause) 211M->163M(1024M) 84.042ms
[2022-08-09T22:15:45.718+0100][gc,cpu        ] GC(122) User=0.04s Sys=0.12s Real=0.08s
[2022-08-09T22:28:18.881+0100][gc,start      ] GC(123) Pause Young (Normal) (G1 Evacuation Pause)
[2022-08-09T22:28:18.882+0100][gc,task       ] GC(123) Using 10 workers of 10 for evacuation
[2022-08-09T22:28:18.923+0100][gc,mmu        ] GC(123) MMU target violated: 21.0ms (20.0ms/21.0ms)
[2022-08-09T22:28:18.923+0100][gc,phases     ] GC(123)   Pre Evacuate Collection Set: 5.1ms
[2022-08-09T22:28:18.923+0100][gc,phases     ] GC(123)   Evacuate Collection Set: 30.5ms
[2022-08-09T22:28:18.923+0100][gc,phases     ] GC(123)   Post Evacuate Collection Set: 1.9ms
[2022-08-09T22:28:18.923+0100][gc,phases     ] GC(123)   Other: 4.7ms
[2022-08-09T22:28:18.923+0100][gc,heap       ] GC(123) Eden regions: 47->0(48)
[2022-08-09T22:28:18.923+0100][gc,heap       ] GC(123) Survivor regions: 4->3(7)
[2022-08-09T22:28:18.923+0100][gc,heap       ] GC(123) Old regions: 32->32
[2022-08-09T22:28:18.923+0100][gc,heap       ] GC(123) Humongous regions: 129->129
[2022-08-09T22:28:18.923+0100][gc,metaspace  ] GC(123) Metaspace: 52863K->52863K(1097728K)
[2022-08-09T22:28:18.923+0100][gc            ] GC(123) Pause Young (Normal) (G1 Evacuation Pause) 210M->162M(1024M) 42.368ms
[2022-08-09T22:28:18.923+0100][gc,cpu        ] GC(123) User=0.13s Sys=0.06s Real=0.04s
[2022-08-09T22:42:04.225+0100][gc,start      ] GC(124) Pause Young (Normal) (G1 Evacuation Pause)
[2022-08-09T22:42:04.235+0100][gc,task       ] GC(124) Using 10 workers of 10 for evacuation
[2022-08-09T22:42:04.260+0100][gc,mmu        ] GC(124) MMU target violated: 21.0ms (20.0ms/21.0ms)
[2022-08-09T22:42:04.260+0100][gc,phases     ] GC(124)   Pre Evacuate Collection Set: 0.1ms
[2022-08-09T22:42:04.260+0100][gc,phases     ] GC(124)   Evacuate Collection Set: 24.6ms
[2022-08-09T22:42:04.260+0100][gc,phases     ] GC(124)   Post Evacuate Collection Set: 0.2ms
[2022-08-09T22:42:04.261+0100][gc,phases     ] GC(124)   Other: 11.0ms
[2022-08-09T22:42:04.261+0100][gc,heap       ] GC(124) Eden regions: 48->0(47)
[2022-08-09T22:42:04.261+0100][gc,heap       ] GC(124) Survivor regions: 3->4(7)
[2022-08-09T22:42:04.261+0100][gc,heap       ] GC(124) Old regions: 32->32
[2022-08-09T22:42:04.261+0100][gc,heap       ] GC(124) Humongous regions: 129->129
[2022-08-09T22:42:04.261+0100][gc,metaspace  ] GC(124) Metaspace: 52863K->52863K(1097728K)
[2022-08-09T22:42:04.261+0100][gc            ] GC(124) Pause Young (Normal) (G1 Evacuation Pause) 210M->164M(1024M) 36.087ms
[2022-08-09T22:42:04.261+0100][gc,cpu        ] GC(124) User=0.04s Sys=0.11s Real=0.04s
[2022-08-09T22:54:57.643+0100][gc,start      ] GC(125) Pause Young (Normal) (G1 Evacuation Pause)
[2022-08-09T22:54:57.643+0100][gc,task       ] GC(125) Using 10 workers of 10 for evacuation
[2022-08-09T22:54:57.662+0100][gc,phases     ] GC(125)   Pre Evacuate Collection Set: 0.8ms
[2022-08-09T22:54:57.662+0100][gc,phases     ] GC(125)   Evacuate Collection Set: 17.2ms
[2022-08-09T22:54:57.662+0100][gc,phases     ] GC(125)   Post Evacuate Collection Set: 0.6ms
[2022-08-09T22:54:57.662+0100][gc,phases     ] GC(125)   Other: 0.8ms
[2022-08-09T22:54:57.662+0100][gc,heap       ] GC(125) Eden regions: 47->0(48)
[2022-08-09T22:54:57.662+0100][gc,heap       ] GC(125) Survivor regions: 4->3(7)
[2022-08-09T22:54:57.662+0100][gc,heap       ] GC(125) Old regions: 32->32
[2022-08-09T22:54:57.662+0100][gc,heap       ] GC(125) Humongous regions: 129->129
[2022-08-09T22:54:57.662+0100][gc,metaspace  ] GC(125) Metaspace: 52956K->52956K(1097728K)
[2022-08-09T22:54:57.663+0100][gc            ] GC(125) Pause Young (Normal) (G1 Evacuation Pause) 211M->163M(1024M) 20.328ms
[2022-08-09T22:54:57.663+0100][gc,cpu        ] GC(125) User=0.04s Sys=0.06s Real=0.02s
[2022-08-09T22:55:02.432+0100][gc,heap,exit  ] Heap
[2022-08-09T22:55:02.432+0100][gc,heap,exit  ]  garbage-first heap   total 1048576K, used 175584K [0x00000007c0000000, 0x0000000800000000)
[2022-08-09T22:55:02.432+0100][gc,heap,exit  ]   region size 1024K, 12 young (12288K), 3 survivors (3072K)
[2022-08-09T22:55:02.432+0100][gc,heap,exit  ]  Metaspace       used 53695K, capacity 56639K, committed 56752K, reserved 1097728K
[2022-08-09T22:55:02.432+0100][gc,heap,exit  ]   class space    used 6710K, capacity 8133K, committed 8192K, reserved 1048576K
