[2022-08-10T00:00:50.273+0100][gc,heap] Heap region size: 1M
[2022-08-10T00:00:50.282+0100][gc     ] Using G1
[2022-08-10T00:00:50.282+0100][gc,heap,coops] Heap address: 0x00000007c0000000, size: 1024 MB, Compressed Oops mode: Zero based, Oop shift amount: 3
[2022-08-10T00:00:51.076+0100][gc,start     ] GC(0) Pause Young (Concurrent Start) (Metadata GC Threshold)
[2022-08-10T00:00:51.077+0100][gc,task      ] GC(0) Using 10 workers of 10 for evacuation
[2022-08-10T00:00:51.083+0100][gc,phases    ] GC(0)   Pre Evacuate Collection Set: 0.0ms
[2022-08-10T00:00:51.083+0100][gc,phases    ] GC(0)   Evacuate Collection Set: 5.4ms
[2022-08-10T00:00:51.083+0100][gc,phases    ] GC(0)   Post Evacuate Collection Set: 0.3ms
[2022-08-10T00:00:51.083+0100][gc,phases    ] GC(0)   Other: 0.9ms
[2022-08-10T00:00:51.083+0100][gc,heap      ] GC(0) Eden regions: 44->0(44)
[2022-08-10T00:00:51.083+0100][gc,heap      ] GC(0) Survivor regions: 0->7(7)
[2022-08-10T00:00:51.083+0100][gc,heap      ] GC(0) Old regions: 0->0
[2022-08-10T00:00:51.083+0100][gc,heap      ] GC(0) Humongous regions: 0->0
[2022-08-10T00:00:51.083+0100][gc,metaspace ] GC(0) Metaspace: 20735K->20735K(1069056K)
[2022-08-10T00:00:51.083+0100][gc           ] GC(0) Pause Young (Concurrent Start) (Metadata GC Threshold) 43M->6M(1024M) 6.859ms
[2022-08-10T00:00:51.083+0100][gc,cpu       ] GC(0) User=0.01s Sys=0.01s Real=0.01s
[2022-08-10T00:00:51.083+0100][gc           ] GC(1) Concurrent Cycle
[2022-08-10T00:00:51.083+0100][gc,marking   ] GC(1) Concurrent Clear Claimed Marks
[2022-08-10T00:00:51.083+0100][gc,marking   ] GC(1) Concurrent Clear Claimed Marks 0.027ms
[2022-08-10T00:00:51.083+0100][gc,marking   ] GC(1) Concurrent Scan Root Regions
[2022-08-10T00:00:51.084+0100][gc,marking   ] GC(1) Concurrent Scan Root Regions 1.345ms
[2022-08-10T00:00:51.085+0100][gc,marking   ] GC(1) Concurrent Mark (0.823s)
[2022-08-10T00:00:51.085+0100][gc,marking   ] GC(1) Concurrent Mark From Roots
[2022-08-10T00:00:51.085+0100][gc,task      ] GC(1) Using 3 workers of 3 for marking
[2022-08-10T00:00:51.085+0100][gc,marking   ] GC(1) Concurrent Mark From Roots 0.165ms
[2022-08-10T00:00:51.085+0100][gc,marking   ] GC(1) Concurrent Preclean
[2022-08-10T00:00:51.085+0100][gc,marking   ] GC(1) Concurrent Preclean 0.041ms
[2022-08-10T00:00:51.085+0100][gc,marking   ] GC(1) Concurrent Mark (0.823s, 0.823s) 0.286ms
[2022-08-10T00:00:51.085+0100][gc,start     ] GC(1) Pause Remark
[2022-08-10T00:00:51.086+0100][gc,stringtable] GC(1) Cleaned string and symbol table, strings: 7219 processed, 0 removed, symbols: 63710 processed, 33 removed
[2022-08-10T00:00:51.086+0100][gc            ] GC(1) Pause Remark 7M->7M(1024M) 1.363ms
[2022-08-10T00:00:51.086+0100][gc,cpu        ] GC(1) User=0.00s Sys=0.00s Real=0.00s
[2022-08-10T00:00:51.086+0100][gc,marking    ] GC(1) Concurrent Rebuild Remembered Sets
[2022-08-10T00:00:51.086+0100][gc,marking    ] GC(1) Concurrent Rebuild Remembered Sets 0.084ms
[2022-08-10T00:00:51.087+0100][gc,start      ] GC(1) Pause Cleanup
[2022-08-10T00:00:51.087+0100][gc            ] GC(1) Pause Cleanup 7M->7M(1024M) 0.131ms
[2022-08-10T00:00:51.087+0100][gc,cpu        ] GC(1) User=0.01s Sys=0.00s Real=0.00s
[2022-08-10T00:00:51.087+0100][gc,marking    ] GC(1) Concurrent Cleanup for Next Mark
[2022-08-10T00:00:51.091+0100][gc,marking    ] GC(1) Concurrent Cleanup for Next Mark 4.416ms
[2022-08-10T00:00:51.091+0100][gc            ] GC(1) Concurrent Cycle 8.268ms
[2022-08-10T00:00:52.056+0100][gc,start      ] GC(2) Pause Young (Normal) (G1 Evacuation Pause)
[2022-08-10T00:00:52.056+0100][gc,task       ] GC(2) Using 10 workers of 10 for evacuation
[2022-08-10T00:00:52.062+0100][gc,phases     ] GC(2)   Pre Evacuate Collection Set: 0.0ms
[2022-08-10T00:00:52.062+0100][gc,phases     ] GC(2)   Evacuate Collection Set: 5.8ms
[2022-08-10T00:00:52.062+0100][gc,phases     ] GC(2)   Post Evacuate Collection Set: 0.4ms
[2022-08-10T00:00:52.062+0100][gc,phases     ] GC(2)   Other: 0.2ms
[2022-08-10T00:00:52.062+0100][gc,heap       ] GC(2) Eden regions: 44->0(49)
[2022-08-10T00:00:52.062+0100][gc,heap       ] GC(2) Survivor regions: 7->2(7)
[2022-08-10T00:00:52.062+0100][gc,heap       ] GC(2) Old regions: 0->7
[2022-08-10T00:00:52.062+0100][gc,heap       ] GC(2) Humongous regions: 0->0
[2022-08-10T00:00:52.062+0100][gc,metaspace  ] GC(2) Metaspace: 30560K->30560K(1077248K)
[2022-08-10T00:00:52.063+0100][gc            ] GC(2) Pause Young (Normal) (G1 Evacuation Pause) 50M->8M(1024M) 6.619ms
[2022-08-10T00:00:52.063+0100][gc,cpu        ] GC(2) User=0.04s Sys=0.01s Real=0.01s
[2022-08-10T00:00:53.932+0100][gc,start      ] GC(3) Pause Young (Concurrent Start) (Metadata GC Threshold)
[2022-08-10T00:00:53.932+0100][gc,task       ] GC(3) Using 10 workers of 10 for evacuation
[2022-08-10T00:00:53.934+0100][gc,phases     ] GC(3)   Pre Evacuate Collection Set: 0.1ms
[2022-08-10T00:00:53.934+0100][gc,phases     ] GC(3)   Evacuate Collection Set: 1.7ms
[2022-08-10T00:00:53.934+0100][gc,phases     ] GC(3)   Post Evacuate Collection Set: 0.2ms
[2022-08-10T00:00:53.934+0100][gc,phases     ] GC(3)   Other: 0.2ms
[2022-08-10T00:00:53.934+0100][gc,heap       ] GC(3) Eden regions: 26->0(48)
[2022-08-10T00:00:53.934+0100][gc,heap       ] GC(3) Survivor regions: 2->3(7)
[2022-08-10T00:00:53.934+0100][gc,heap       ] GC(3) Old regions: 7->7
[2022-08-10T00:00:53.934+0100][gc,heap       ] GC(3) Humongous regions: 129->129
[2022-08-10T00:00:53.934+0100][gc,metaspace  ] GC(3) Metaspace: 34493K->34493K(1081344K)
[2022-08-10T00:00:53.934+0100][gc            ] GC(3) Pause Young (Concurrent Start) (Metadata GC Threshold) 163M->138M(1024M) 2.343ms
[2022-08-10T00:00:53.934+0100][gc,cpu        ] GC(3) User=0.02s Sys=0.00s Real=0.00s
[2022-08-10T00:00:53.934+0100][gc            ] GC(4) Concurrent Cycle
[2022-08-10T00:00:53.934+0100][gc,marking    ] GC(4) Concurrent Clear Claimed Marks
[2022-08-10T00:00:53.934+0100][gc,marking    ] GC(4) Concurrent Clear Claimed Marks 0.041ms
[2022-08-10T00:00:53.934+0100][gc,marking    ] GC(4) Concurrent Scan Root Regions
[2022-08-10T00:00:53.935+0100][gc,marking    ] GC(4) Concurrent Scan Root Regions 0.856ms
[2022-08-10T00:00:53.935+0100][gc,marking    ] GC(4) Concurrent Mark (3.673s)
[2022-08-10T00:00:53.935+0100][gc,marking    ] GC(4) Concurrent Mark From Roots
[2022-08-10T00:00:53.935+0100][gc,task       ] GC(4) Using 3 workers of 3 for marking
[2022-08-10T00:00:53.938+0100][gc,marking    ] GC(4) Concurrent Mark From Roots 2.358ms
[2022-08-10T00:00:53.938+0100][gc,marking    ] GC(4) Concurrent Preclean
[2022-08-10T00:00:53.938+0100][gc,marking    ] GC(4) Concurrent Preclean 0.047ms
[2022-08-10T00:00:53.938+0100][gc,marking    ] GC(4) Concurrent Mark (3.673s, 3.676s) 2.468ms
[2022-08-10T00:00:53.938+0100][gc,start      ] GC(4) Pause Remark
[2022-08-10T00:00:53.939+0100][gc,stringtable] GC(4) Cleaned string and symbol table, strings: 10517 processed, 9 removed, symbols: 94860 processed, 23 removed
[2022-08-10T00:00:53.939+0100][gc            ] GC(4) Pause Remark 139M->139M(1024M) 1.327ms
[2022-08-10T00:00:53.939+0100][gc,cpu        ] GC(4) User=0.01s Sys=0.00s Real=0.00s
[2022-08-10T00:00:53.939+0100][gc,marking    ] GC(4) Concurrent Rebuild Remembered Sets
[2022-08-10T00:00:53.941+0100][gc,marking    ] GC(4) Concurrent Rebuild Remembered Sets 1.606ms
[2022-08-10T00:00:53.941+0100][gc,start      ] GC(4) Pause Cleanup
[2022-08-10T00:00:53.941+0100][gc            ] GC(4) Pause Cleanup 140M->140M(1024M) 0.140ms
[2022-08-10T00:00:53.941+0100][gc,cpu        ] GC(4) User=0.00s Sys=0.00s Real=0.00s
[2022-08-10T00:00:53.941+0100][gc,marking    ] GC(4) Concurrent Cleanup for Next Mark
[2022-08-10T00:00:53.945+0100][gc,marking    ] GC(4) Concurrent Cleanup for Next Mark 3.728ms
[2022-08-10T00:00:53.945+0100][gc            ] GC(4) Concurrent Cycle 10.736ms
[2022-08-10T00:00:56.307+0100][gc,heap,exit  ] Heap
[2022-08-10T00:00:56.307+0100][gc,heap,exit  ]  garbage-first heap   total 1048576K, used 188042K [0x00000007c0000000, 0x0000000800000000)
[2022-08-10T00:00:56.307+0100][gc,heap,exit  ]   region size 1024K, 49 young (50176K), 3 survivors (3072K)
[2022-08-10T00:00:56.307+0100][gc,heap,exit  ]  Metaspace       used 41257K, capacity 42609K, committed 42800K, reserved 1087488K
[2022-08-10T00:00:56.307+0100][gc,heap,exit  ]   class space    used 4832K, capacity 5473K, committed 5504K, reserved 1048576K
