[2022-08-09T22:58:20.687+0100][gc,heap] Heap region size: 1M
[2022-08-09T22:58:20.691+0100][gc     ] Using G1
[2022-08-09T22:58:20.691+0100][gc,heap,coops] Heap address: 0x00000007e0000000, size: 512 MB, Compressed Oops mode: Zero based, Oop shift amount: 3
[2022-08-09T22:58:21.177+0100][gc,start     ] GC(0) Pause Young (Normal) (G1 Evacuation Pause)
[2022-08-09T22:58:21.177+0100][gc,task      ] GC(0) Using 10 workers of 10 for evacuation
[2022-08-09T22:58:21.182+0100][gc,phases    ] GC(0)   Pre Evacuate Collection Set: 0.0ms
[2022-08-09T22:58:21.183+0100][gc,phases    ] GC(0)   Evacuate Collection Set: 4.5ms
[2022-08-09T22:58:21.183+0100][gc,phases    ] GC(0)   Post Evacuate Collection Set: 0.4ms
[2022-08-09T22:58:21.183+0100][gc,phases    ] GC(0)   Other: 0.7ms
[2022-08-09T22:58:21.183+0100][gc,heap      ] GC(0) Eden regions: 25->0(21)
[2022-08-09T22:58:21.183+0100][gc,heap      ] GC(0) Survivor regions: 0->4(4)
[2022-08-09T22:58:21.183+0100][gc,heap      ] GC(0) Old regions: 0->4
[2022-08-09T22:58:21.183+0100][gc,heap      ] GC(0) Humongous regions: 0->0
[2022-08-09T22:58:21.183+0100][gc,metaspace ] GC(0) Metaspace: 15128K->15128K(1062912K)
[2022-08-09T22:58:21.183+0100][gc           ] GC(0) Pause Young (Normal) (G1 Evacuation Pause) 25M->7M(512M) 5.935ms
[2022-08-09T22:58:21.183+0100][gc,cpu       ] GC(0) User=0.03s Sys=0.02s Real=0.01s
[2022-08-09T23:17:24.498+0100][gc,heap,exit ] Heap
[2022-08-09T23:17:24.498+0100][gc,heap,exit ]  garbage-first heap   total 524288K, used 19547K [0x00000007e0000000, 0x0000000800000000)
[2022-08-09T23:17:24.498+0100][gc,heap,exit ]   region size 1024K, 17 young (17408K), 4 survivors (4096K)
[2022-08-09T23:17:24.498+0100][gc,heap,exit ]  Metaspace       used 16670K, capacity 16998K, committed 17280K, reserved 1064960K
[2022-08-09T23:17:24.498+0100][gc,heap,exit ]   class space    used 1667K, capacity 1816K, committed 1920K, reserved 1048576K
