[2022-08-10T00:00:44.134+0100][gc,heap] Heap region size: 1M
[2022-08-10T00:00:44.138+0100][gc     ] Using G1
[2022-08-10T00:00:44.138+0100][gc,heap,coops] Heap address: 0x00000007e0000000, size: 512 MB, Compressed Oops mode: Zero based, Oop shift amount: 3
[2022-08-10T00:00:44.650+0100][gc,start     ] GC(0) Pause Young (Normal) (G1 Evacuation Pause)
[2022-08-10T00:00:44.651+0100][gc,task      ] GC(0) Using 10 workers of 10 for evacuation
[2022-08-10T00:00:44.656+0100][gc,phases    ] GC(0)   Pre Evacuate Collection Set: 0.0ms
[2022-08-10T00:00:44.656+0100][gc,phases    ] GC(0)   Evacuate Collection Set: 4.1ms
[2022-08-10T00:00:44.656+0100][gc,phases    ] GC(0)   Post Evacuate Collection Set: 0.3ms
[2022-08-10T00:00:44.656+0100][gc,phases    ] GC(0)   Other: 0.8ms
[2022-08-10T00:00:44.656+0100][gc,heap      ] GC(0) Eden regions: 25->0(21)
[2022-08-10T00:00:44.656+0100][gc,heap      ] GC(0) Survivor regions: 0->4(4)
[2022-08-10T00:00:44.656+0100][gc,heap      ] GC(0) Old regions: 0->4
[2022-08-10T00:00:44.656+0100][gc,heap      ] GC(0) Humongous regions: 0->0
[2022-08-10T00:00:44.656+0100][gc,metaspace ] GC(0) Metaspace: 15140K->15140K(1062912K)
[2022-08-10T00:00:44.656+0100][gc           ] GC(0) Pause Young (Normal) (G1 Evacuation Pause) 25M->7M(512M) 5.392ms
[2022-08-10T00:00:44.656+0100][gc,cpu       ] GC(0) User=0.03s Sys=0.01s Real=0.00s
[2022-08-10T09:03:29.592+0100][gc,heap,exit ] Heap
[2022-08-10T09:03:29.593+0100][gc,heap,exit ]  garbage-first heap   total 524288K, used 19571K [0x00000007e0000000, 0x0000000800000000)
[2022-08-10T09:03:29.593+0100][gc,heap,exit ]   region size 1024K, 17 young (17408K), 4 survivors (4096K)
[2022-08-10T09:03:29.593+0100][gc,heap,exit ]  Metaspace       used 16812K, capacity 17191K, committed 17536K, reserved 1064960K
[2022-08-10T09:03:29.593+0100][gc,heap,exit ]   class space    used 1667K, capacity 1816K, committed 1920K, reserved 1048576K
